Archive member included to satisfy reference by file (symbol)

.\CortexM3\ARM_GCC_541\Debug\GPIO.a(CyLib.o)
                              .\CortexM3\ARM_GCC_541\Debug\Cm3Start.o (CyHalt)
.\CortexM3\ARM_GCC_541\Debug\GPIO.a(cyPm.o)
                              .\CortexM3\ARM_GCC_541\Debug\GPIO.a(CyLib.o) (CyPmReadStatus)
.\CortexM3\ARM_GCC_541\Debug\GPIO.a(Pin_Col1.o)
                              .\CortexM3\ARM_GCC_541\Debug\dot_matrix.o (Pin_Col1_Write)
.\CortexM3\ARM_GCC_541\Debug\GPIO.a(Pin_Col2.o)
                              .\CortexM3\ARM_GCC_541\Debug\dot_matrix.o (Pin_Col2_Write)
.\CortexM3\ARM_GCC_541\Debug\GPIO.a(Pin_Col3.o)
                              .\CortexM3\ARM_GCC_541\Debug\dot_matrix.o (Pin_Col3_Write)
.\CortexM3\ARM_GCC_541\Debug\GPIO.a(Pin_Col4.o)
                              .\CortexM3\ARM_GCC_541\Debug\dot_matrix.o (Pin_Col4_Write)
.\CortexM3\ARM_GCC_541\Debug\GPIO.a(Pin_Col5.o)
                              .\CortexM3\ARM_GCC_541\Debug\dot_matrix.o (Pin_Col5_Write)
.\CortexM3\ARM_GCC_541\Debug\GPIO.a(Pin_Col6.o)
                              .\CortexM3\ARM_GCC_541\Debug\dot_matrix.o (Pin_Col6_Write)
.\CortexM3\ARM_GCC_541\Debug\GPIO.a(Pin_Col7.o)
                              .\CortexM3\ARM_GCC_541\Debug\dot_matrix.o (Pin_Col7_Write)
.\CortexM3\ARM_GCC_541\Debug\GPIO.a(Pin_Col8.o)
                              .\CortexM3\ARM_GCC_541\Debug\dot_matrix.o (Pin_Col8_Write)
.\CortexM3\ARM_GCC_541\Debug\GPIO.a(Pin_Row1.o)
                              .\CortexM3\ARM_GCC_541\Debug\dot_matrix.o (Pin_Row1_Write)
.\CortexM3\ARM_GCC_541\Debug\GPIO.a(Pin_Row2.o)
                              .\CortexM3\ARM_GCC_541\Debug\dot_matrix.o (Pin_Row2_Write)
.\CortexM3\ARM_GCC_541\Debug\GPIO.a(Pin_Row3.o)
                              .\CortexM3\ARM_GCC_541\Debug\dot_matrix.o (Pin_Row3_Write)
.\CortexM3\ARM_GCC_541\Debug\GPIO.a(Pin_Row4.o)
                              .\CortexM3\ARM_GCC_541\Debug\dot_matrix.o (Pin_Row4_Write)
.\CortexM3\ARM_GCC_541\Debug\GPIO.a(Pin_Row5.o)
                              .\CortexM3\ARM_GCC_541\Debug\dot_matrix.o (Pin_Row5_Write)
.\CortexM3\ARM_GCC_541\Debug\GPIO.a(Pin_Row7.o)
                              .\CortexM3\ARM_GCC_541\Debug\dot_matrix.o (Pin_Row7_Write)
.\CortexM3\ARM_GCC_541\Debug\GPIO.a(Pin_Row6.o)
                              .\CortexM3\ARM_GCC_541\Debug\dot_matrix.o (Pin_Row6_Write)
.\CortexM3\ARM_GCC_541\Debug\GPIO.a(Pin_Row8.o)
                              .\CortexM3\ARM_GCC_541\Debug\dot_matrix.o (Pin_Row8_Write)
.\CortexM3\ARM_GCC_541\Debug\GPIO.a(CyBootAsmGnu.o)
                              .\CortexM3\ARM_GCC_541\Debug\cyfitter_cfg.o (CyDelayCycles)
.\CortexM3\ARM_GCC_541\Debug\GPIO.a(CyFlash.o)
                              .\CortexM3\ARM_GCC_541\Debug\GPIO.a(cyPm.o) (CyFlash_SetWaitCycles)
.\CortexM3\ARM_GCC_541\Debug\GPIO.a(CySpc.o)
                              .\CortexM3\ARM_GCC_541\Debug\GPIO.a(CyFlash.o) (CySpcStart)
c:/program files (x86)/cypress/psoc creator/4.4/psoc creator/import/gnu/arm/5.4.1/bin/../lib/gcc/arm-none-eabi/5.4.1/../../../../arm-none-eabi/lib/armv7-m\libg_nano.a(lib_a-errno.o)
                              .\CortexM3\ARM_GCC_541\Debug\Cm3Start.o (__errno)
c:/program files (x86)/cypress/psoc creator/4.4/psoc creator/import/gnu/arm/5.4.1/bin/../lib/gcc/arm-none-eabi/5.4.1/../../../../arm-none-eabi/lib/armv7-m\libg_nano.a(lib_a-exit.o)
                              c:/program files (x86)/cypress/psoc creator/4.4/psoc creator/import/gnu/arm/5.4.1/bin/../lib/gcc/arm-none-eabi/5.4.1/../../../../arm-none-eabi/lib/armv7-m/crt0.o (exit)
c:/program files (x86)/cypress/psoc creator/4.4/psoc creator/import/gnu/arm/5.4.1/bin/../lib/gcc/arm-none-eabi/5.4.1/../../../../arm-none-eabi/lib/armv7-m\libg_nano.a(lib_a-impure.o)
                              c:/program files (x86)/cypress/psoc creator/4.4/psoc creator/import/gnu/arm/5.4.1/bin/../lib/gcc/arm-none-eabi/5.4.1/../../../../arm-none-eabi/lib/armv7-m\libg_nano.a(lib_a-exit.o) (_global_impure_ptr)
c:/program files (x86)/cypress/psoc creator/4.4/psoc creator/import/gnu/arm/5.4.1/bin/../lib/gcc/arm-none-eabi/5.4.1/../../../../arm-none-eabi/lib/armv7-m\libg_nano.a(lib_a-init.o)
                              c:/program files (x86)/cypress/psoc creator/4.4/psoc creator/import/gnu/arm/5.4.1/bin/../lib/gcc/arm-none-eabi/5.4.1/../../../../arm-none-eabi/lib/armv7-m/crt0.o (__libc_init_array)
c:/program files (x86)/cypress/psoc creator/4.4/psoc creator/import/gnu/arm/5.4.1/bin/../lib/gcc/arm-none-eabi/5.4.1/../../../../arm-none-eabi/lib/armv7-m\libg_nano.a(lib_a-memcpy-stub.o)
                              .\CortexM3\ARM_GCC_541\Debug\cyfitter_cfg.o (memcpy)
c:/program files (x86)/cypress/psoc creator/4.4/psoc creator/import/gnu/arm/5.4.1/bin/../lib/gcc/arm-none-eabi/5.4.1/../../../../arm-none-eabi/lib/armv7-m\libg_nano.a(lib_a-memset.o)
                              c:/program files (x86)/cypress/psoc creator/4.4/psoc creator/import/gnu/arm/5.4.1/bin/../lib/gcc/arm-none-eabi/5.4.1/../../../../arm-none-eabi/lib/armv7-m/crt0.o (memset)

Allocating common symbols
Common symbol       size              file

dieTemperature      0x2               .\CortexM3\ARM_GCC_541\Debug\GPIO.a(CyFlash.o)

Discarded input sections

 .text          0x00000000        0x0 c:/program files (x86)/cypress/psoc creator/4.4/psoc creator/import/gnu/arm/5.4.1/bin/../lib/gcc/arm-none-eabi/5.4.1/armv7-m/crti.o
 .data          0x00000000        0x0 c:/program files (x86)/cypress/psoc creator/4.4/psoc creator/import/gnu/arm/5.4.1/bin/../lib/gcc/arm-none-eabi/5.4.1/armv7-m/crti.o
 .bss           0x00000000        0x0 c:/program files (x86)/cypress/psoc creator/4.4/psoc creator/import/gnu/arm/5.4.1/bin/../lib/gcc/arm-none-eabi/5.4.1/armv7-m/crti.o
 .data          0x00000000        0x4 c:/program files (x86)/cypress/psoc creator/4.4/psoc creator/import/gnu/arm/5.4.1/bin/../lib/gcc/arm-none-eabi/5.4.1/armv7-m/crtbegin.o
 .text          0x00000000       0x74 c:/program files (x86)/cypress/psoc creator/4.4/psoc creator/import/gnu/arm/5.4.1/bin/../lib/gcc/arm-none-eabi/5.4.1/../../../../arm-none-eabi/lib/armv7-m/crt0.o
 .data          0x00000000        0x0 c:/program files (x86)/cypress/psoc creator/4.4/psoc creator/import/gnu/arm/5.4.1/bin/../lib/gcc/arm-none-eabi/5.4.1/../../../../arm-none-eabi/lib/armv7-m/crt0.o
 .bss           0x00000000        0x0 c:/program files (x86)/cypress/psoc creator/4.4/psoc creator/import/gnu/arm/5.4.1/bin/../lib/gcc/arm-none-eabi/5.4.1/../../../../arm-none-eabi/lib/armv7-m/crt0.o
 .ARM.extab     0x00000000        0x0 c:/program files (x86)/cypress/psoc creator/4.4/psoc creator/import/gnu/arm/5.4.1/bin/../lib/gcc/arm-none-eabi/5.4.1/../../../../arm-none-eabi/lib/armv7-m/crt0.o
 .ARM.exidx     0x00000000        0x8 c:/program files (x86)/cypress/psoc creator/4.4/psoc creator/import/gnu/arm/5.4.1/bin/../lib/gcc/arm-none-eabi/5.4.1/../../../../arm-none-eabi/lib/armv7-m/crt0.o
 .text          0x00000000        0x0 .\CortexM3\ARM_GCC_541\Debug\main.o
 .data          0x00000000        0x0 .\CortexM3\ARM_GCC_541\Debug\main.o
 .bss           0x00000000        0x0 .\CortexM3\ARM_GCC_541\Debug\main.o
 .text          0x00000000        0x0 .\CortexM3\ARM_GCC_541\Debug\dot_matrix.o
 .data          0x00000000        0x0 .\CortexM3\ARM_GCC_541\Debug\dot_matrix.o
 .bss           0x00000000        0x2 .\CortexM3\ARM_GCC_541\Debug\dot_matrix.o
 .text.get_arr_coordinates
                0x00000000        0xc .\CortexM3\ARM_GCC_541\Debug\dot_matrix.o
 .text.sweep_vertical
                0x00000000       0x30 .\CortexM3\ARM_GCC_541\Debug\dot_matrix.o
 .text.draw_squares
                0x00000000       0x54 .\CortexM3\ARM_GCC_541\Debug\dot_matrix.o
 .text          0x00000000        0x0 .\CortexM3\ARM_GCC_541\Debug\cyfitter_cfg.o
 .data          0x00000000        0x0 .\CortexM3\ARM_GCC_541\Debug\cyfitter_cfg.o
 .bss           0x00000000        0x0 .\CortexM3\ARM_GCC_541\Debug\cyfitter_cfg.o
 .text.SetAnalogRoutingPumps
                0x00000000       0x10 .\CortexM3\ARM_GCC_541\Debug\cyfitter_cfg.o
 .text          0x00000000        0x0 .\CortexM3\ARM_GCC_541\Debug\cymetadata.o
 .data          0x00000000        0x0 .\CortexM3\ARM_GCC_541\Debug\cymetadata.o
 .bss           0x00000000        0x0 .\CortexM3\ARM_GCC_541\Debug\cymetadata.o
 .text          0x00000000        0x0 .\CortexM3\ARM_GCC_541\Debug\Cm3Start.o
 .data          0x00000000        0x4 .\CortexM3\ARM_GCC_541\Debug\Cm3Start.o
 .bss           0x00000000        0x0 .\CortexM3\ARM_GCC_541\Debug\Cm3Start.o
 .text._exit    0x00000000        0xc .\CortexM3\ARM_GCC_541\Debug\Cm3Start.o
 .text._sbrk    0x00000000       0x30 .\CortexM3\ARM_GCC_541\Debug\Cm3Start.o
 .text          0x00000000        0x0 .\CortexM3\ARM_GCC_541\Debug\GPIO.a(CyLib.o)
 .bss           0x00000000       0x1c .\CortexM3\ARM_GCC_541\Debug\GPIO.a(CyLib.o)
 .text.CyUSB_PowerOnCheck
                0x00000000       0x48 .\CortexM3\ARM_GCC_541\Debug\GPIO.a(CyLib.o)
 .text.CyBusClk_Internal_SetDivider
                0x00000000       0x48 .\CortexM3\ARM_GCC_541\Debug\GPIO.a(CyLib.o)
 .text.CyPLL_OUT_Stop
                0x00000000       0x10 .\CortexM3\ARM_GCC_541\Debug\GPIO.a(CyLib.o)
 .text.CyIMO_Stop
                0x00000000       0x1c .\CortexM3\ARM_GCC_541\Debug\GPIO.a(CyLib.o)
 .text.CyIMO_EnableDoubler
                0x00000000       0x10 .\CortexM3\ARM_GCC_541\Debug\GPIO.a(CyLib.o)
 .text.CyIMO_DisableDoubler
                0x00000000       0x10 .\CortexM3\ARM_GCC_541\Debug\GPIO.a(CyLib.o)
 .text.CyMasterClk_SetSource
                0x00000000       0x18 .\CortexM3\ARM_GCC_541\Debug\GPIO.a(CyLib.o)
 .text.CyMasterClk_SetDivider
                0x00000000        0xc .\CortexM3\ARM_GCC_541\Debug\GPIO.a(CyLib.o)
 .text.CyBusClk_SetDivider
                0x00000000       0x70 .\CortexM3\ARM_GCC_541\Debug\GPIO.a(CyLib.o)
 .text.CyUsbClk_SetSource
                0x00000000       0x18 .\CortexM3\ARM_GCC_541\Debug\GPIO.a(CyLib.o)
 .text.CyILO_Start1K
                0x00000000       0x10 .\CortexM3\ARM_GCC_541\Debug\GPIO.a(CyLib.o)
 .text.CyILO_Stop1K
                0x00000000       0x10 .\CortexM3\ARM_GCC_541\Debug\GPIO.a(CyLib.o)
 .text.CyILO_Start100K
                0x00000000       0x10 .\CortexM3\ARM_GCC_541\Debug\GPIO.a(CyLib.o)
 .text.CyILO_Stop100K
                0x00000000       0x10 .\CortexM3\ARM_GCC_541\Debug\GPIO.a(CyLib.o)
 .text.CyPLL_OUT_Start
                0x00000000       0x78 .\CortexM3\ARM_GCC_541\Debug\GPIO.a(CyLib.o)
 .text.CyIMO_Start
                0x00000000       0x60 .\CortexM3\ARM_GCC_541\Debug\GPIO.a(CyLib.o)
 .text.CyILO_Enable33K
                0x00000000       0x10 .\CortexM3\ARM_GCC_541\Debug\GPIO.a(CyLib.o)
 .text.CyILO_Disable33K
                0x00000000       0x10 .\CortexM3\ARM_GCC_541\Debug\GPIO.a(CyLib.o)
 .text.CyILO_SetSource
                0x00000000       0x18 .\CortexM3\ARM_GCC_541\Debug\GPIO.a(CyLib.o)
 .text.CyILO_SetPowerMode
                0x00000000       0x24 .\CortexM3\ARM_GCC_541\Debug\GPIO.a(CyLib.o)
 .text.CyXTAL_32KHZ_Stop
                0x00000000       0x30 .\CortexM3\ARM_GCC_541\Debug\GPIO.a(CyLib.o)
 .text.CyXTAL_32KHZ_ReadStatus
                0x00000000       0x10 .\CortexM3\ARM_GCC_541\Debug\GPIO.a(CyLib.o)
 .text.CyXTAL_Start
                0x00000000       0xac .\CortexM3\ARM_GCC_541\Debug\GPIO.a(CyLib.o)
 .text.CyXTAL_Stop
                0x00000000       0x10 .\CortexM3\ARM_GCC_541\Debug\GPIO.a(CyLib.o)
 .text.CyXTAL_EnableErrStatus
                0x00000000       0x10 .\CortexM3\ARM_GCC_541\Debug\GPIO.a(CyLib.o)
 .text.CyXTAL_DisableErrStatus
                0x00000000       0x10 .\CortexM3\ARM_GCC_541\Debug\GPIO.a(CyLib.o)
 .text.CyXTAL_ReadStatus
                0x00000000       0x18 .\CortexM3\ARM_GCC_541\Debug\GPIO.a(CyLib.o)
 .text.CyXTAL_EnableFaultRecovery
                0x00000000       0x10 .\CortexM3\ARM_GCC_541\Debug\GPIO.a(CyLib.o)
 .text.CyXTAL_DisableFaultRecovery
                0x00000000       0x10 .\CortexM3\ARM_GCC_541\Debug\GPIO.a(CyLib.o)
 .text.CyXTAL_SetStartup
                0x00000000       0x18 .\CortexM3\ARM_GCC_541\Debug\GPIO.a(CyLib.o)
 .text.CyXTAL_SetFbVoltage
                0x00000000       0x18 .\CortexM3\ARM_GCC_541\Debug\GPIO.a(CyLib.o)
 .text.CyXTAL_SetWdVoltage
                0x00000000       0x18 .\CortexM3\ARM_GCC_541\Debug\GPIO.a(CyLib.o)
 .text.CyHalt   0x00000000        0x4 .\CortexM3\ARM_GCC_541\Debug\GPIO.a(CyLib.o)
 .text.CyPLL_OUT_SetPQ
                0x00000000       0x60 .\CortexM3\ARM_GCC_541\Debug\GPIO.a(CyLib.o)
 .text.CyPLL_OUT_SetSource
                0x00000000       0x34 .\CortexM3\ARM_GCC_541\Debug\GPIO.a(CyLib.o)
 .text.CyIMO_SetTrimValue
                0x00000000       0xcc .\CortexM3\ARM_GCC_541\Debug\GPIO.a(CyLib.o)
 .text.CyIMO_SetFreq
                0x00000000       0xf4 .\CortexM3\ARM_GCC_541\Debug\GPIO.a(CyLib.o)
 .text.CyIMO_SetSource
                0x00000000       0x58 .\CortexM3\ARM_GCC_541\Debug\GPIO.a(CyLib.o)
 .text.CySoftwareReset
                0x00000000       0x10 .\CortexM3\ARM_GCC_541\Debug\GPIO.a(CyLib.o)
 .text.CyDelayUs
                0x00000000       0x14 .\CortexM3\ARM_GCC_541\Debug\GPIO.a(CyLib.o)
 .text.CyXTAL_32KHZ_SetPowerMode
                0x00000000       0x84 .\CortexM3\ARM_GCC_541\Debug\GPIO.a(CyLib.o)
 .text.CyXTAL_32KHZ_Start
                0x00000000       0x74 .\CortexM3\ARM_GCC_541\Debug\GPIO.a(CyLib.o)
 .text.CyDelayFreq
                0x00000000       0x4c .\CortexM3\ARM_GCC_541\Debug\GPIO.a(CyLib.o)
 .text.CyWdtStart
                0x00000000       0x40 .\CortexM3\ARM_GCC_541\Debug\GPIO.a(CyLib.o)
 .text.CyWdtClear
                0x00000000        0xc .\CortexM3\ARM_GCC_541\Debug\GPIO.a(CyLib.o)
 .text.CyVdStickyStatus
                0x00000000       0x2c .\CortexM3\ARM_GCC_541\Debug\GPIO.a(CyLib.o)
 .text.CyVdLvDigitEnable
                0x00000000       0x84 .\CortexM3\ARM_GCC_541\Debug\GPIO.a(CyLib.o)
 .text.CyVdLvAnalogEnable
                0x00000000       0x80 .\CortexM3\ARM_GCC_541\Debug\GPIO.a(CyLib.o)
 .text.CyVdLvDigitDisable
                0x00000000       0x30 .\CortexM3\ARM_GCC_541\Debug\GPIO.a(CyLib.o)
 .text.CyVdLvAnalogDisable
                0x00000000       0x28 .\CortexM3\ARM_GCC_541\Debug\GPIO.a(CyLib.o)
 .text.CyVdHvAnalogEnable
                0x00000000       0x54 .\CortexM3\ARM_GCC_541\Debug\GPIO.a(CyLib.o)
 .text.CyVdHvAnalogDisable
                0x00000000       0x20 .\CortexM3\ARM_GCC_541\Debug\GPIO.a(CyLib.o)
 .text.CyVdRealTimeStatus
                0x00000000       0x1c .\CortexM3\ARM_GCC_541\Debug\GPIO.a(CyLib.o)
 .text.CyDisableInts
                0x00000000       0x1c .\CortexM3\ARM_GCC_541\Debug\GPIO.a(CyLib.o)
 .text.CyEnableInts
                0x00000000       0x18 .\CortexM3\ARM_GCC_541\Debug\GPIO.a(CyLib.o)
 .text.CyFlushCache
                0x00000000       0x44 .\CortexM3\ARM_GCC_541\Debug\GPIO.a(CyLib.o)
 .text.CyIntSetSysVector
                0x00000000       0x28 .\CortexM3\ARM_GCC_541\Debug\GPIO.a(CyLib.o)
 .text.CyIntGetSysVector
                0x00000000       0x20 .\CortexM3\ARM_GCC_541\Debug\GPIO.a(CyLib.o)
 .text.CyIntSetVector
                0x00000000       0x28 .\CortexM3\ARM_GCC_541\Debug\GPIO.a(CyLib.o)
 .text.CyIntGetVector
                0x00000000       0x24 .\CortexM3\ARM_GCC_541\Debug\GPIO.a(CyLib.o)
 .text.CyIntSetPriority
                0x00000000       0x30 .\CortexM3\ARM_GCC_541\Debug\GPIO.a(CyLib.o)
 .text.CyIntGetPriority
                0x00000000       0x20 .\CortexM3\ARM_GCC_541\Debug\GPIO.a(CyLib.o)
 .text.CyIntGetState
                0x00000000       0x24 .\CortexM3\ARM_GCC_541\Debug\GPIO.a(CyLib.o)
 .text.CySysTickStop
                0x00000000       0x10 .\CortexM3\ARM_GCC_541\Debug\GPIO.a(CyLib.o)
 .text.CySysTickEnableInterrupt
                0x00000000       0x10 .\CortexM3\ARM_GCC_541\Debug\GPIO.a(CyLib.o)
 .text.CySysTickEnable
                0x00000000       0x18 .\CortexM3\ARM_GCC_541\Debug\GPIO.a(CyLib.o)
 .text.CySysTickDisableInterrupt
                0x00000000       0x10 .\CortexM3\ARM_GCC_541\Debug\GPIO.a(CyLib.o)
 .text.CySysTickSetReload
                0x00000000       0x10 .\CortexM3\ARM_GCC_541\Debug\GPIO.a(CyLib.o)
 .text.CySysTickGetReload
                0x00000000       0x10 .\CortexM3\ARM_GCC_541\Debug\GPIO.a(CyLib.o)
 .text.CySysTickGetValue
                0x00000000       0x10 .\CortexM3\ARM_GCC_541\Debug\GPIO.a(CyLib.o)
 .text.CySysTickSetClockSource
                0x00000000       0x20 .\CortexM3\ARM_GCC_541\Debug\GPIO.a(CyLib.o)
 .text.CySysTickGetClockSource
                0x00000000       0x10 .\CortexM3\ARM_GCC_541\Debug\GPIO.a(CyLib.o)
 .text.CySysTickGetCountFlag
                0x00000000       0x10 .\CortexM3\ARM_GCC_541\Debug\GPIO.a(CyLib.o)
 .text.CySysTickServiceCallbacks
                0x00000000       0x28 .\CortexM3\ARM_GCC_541\Debug\GPIO.a(CyLib.o)
 .text.CySysTickClear
                0x00000000        0xc .\CortexM3\ARM_GCC_541\Debug\GPIO.a(CyLib.o)
 .text.CySysTickInit
                0x00000000       0x58 .\CortexM3\ARM_GCC_541\Debug\GPIO.a(CyLib.o)
 .text.CySysTickStart
                0x00000000       0x1c .\CortexM3\ARM_GCC_541\Debug\GPIO.a(CyLib.o)
 .text.CySysTickSetCallback
                0x00000000       0x10 .\CortexM3\ARM_GCC_541\Debug\GPIO.a(CyLib.o)
 .text.CySysTickGetCallback
                0x00000000       0x10 .\CortexM3\ARM_GCC_541\Debug\GPIO.a(CyLib.o)
 .text.CyGetUniqueId
                0x00000000       0x70 .\CortexM3\ARM_GCC_541\Debug\GPIO.a(CyLib.o)
 .text          0x00000000        0x0 .\CortexM3\ARM_GCC_541\Debug\GPIO.a(cyPm.o)
 .data          0x00000000        0x0 .\CortexM3\ARM_GCC_541\Debug\GPIO.a(cyPm.o)
 .bss           0x00000000       0x43 .\CortexM3\ARM_GCC_541\Debug\GPIO.a(cyPm.o)
 .text.CyPmHibSlpSaveSet
                0x00000000      0x1dc .\CortexM3\ARM_GCC_541\Debug\GPIO.a(cyPm.o)
 .text.CyPmHibSlpRestore
                0x00000000       0xd8 .\CortexM3\ARM_GCC_541\Debug\GPIO.a(cyPm.o)
 .text.CyPmHviLviSaveDisable
                0x00000000       0xa0 .\CortexM3\ARM_GCC_541\Debug\GPIO.a(cyPm.o)
 .text.CyPmHibSaveSet
                0x00000000       0x98 .\CortexM3\ARM_GCC_541\Debug\GPIO.a(cyPm.o)
 .text.CyPmHviLviRestore
                0x00000000       0x48 .\CortexM3\ARM_GCC_541\Debug\GPIO.a(cyPm.o)
 .text.CyPmHibRestore
                0x00000000       0x60 .\CortexM3\ARM_GCC_541\Debug\GPIO.a(cyPm.o)
 .text.CyPmSaveClocks
                0x00000000      0x218 .\CortexM3\ARM_GCC_541\Debug\GPIO.a(cyPm.o)
 .text.CyPmRestoreClocks
                0x00000000      0x24c .\CortexM3\ARM_GCC_541\Debug\GPIO.a(cyPm.o)
 .text.CyPmAltAct
                0x00000000       0x6c .\CortexM3\ARM_GCC_541\Debug\GPIO.a(cyPm.o)
 .text.CyPmSleep
                0x00000000       0xf4 .\CortexM3\ARM_GCC_541\Debug\GPIO.a(cyPm.o)
 .text.CyPmHibernateEx
                0x00000000       0xf4 .\CortexM3\ARM_GCC_541\Debug\GPIO.a(cyPm.o)
 .text.CyPmHibernate
                0x00000000        0xc .\CortexM3\ARM_GCC_541\Debug\GPIO.a(cyPm.o)
 .text.CyPmReadStatus
                0x00000000       0x30 .\CortexM3\ARM_GCC_541\Debug\GPIO.a(cyPm.o)
 .text.CyPmCtwSetInterval
                0x00000000       0x5c .\CortexM3\ARM_GCC_541\Debug\GPIO.a(cyPm.o)
 .text.CyPmOppsSet
                0x00000000       0x2c .\CortexM3\ARM_GCC_541\Debug\GPIO.a(cyPm.o)
 .text.CyPmFtwSetInterval
                0x00000000       0x5c .\CortexM3\ARM_GCC_541\Debug\GPIO.a(cyPm.o)
 .rodata        0x00000000        0xf .\CortexM3\ARM_GCC_541\Debug\GPIO.a(cyPm.o)
 .text          0x00000000        0x0 .\CortexM3\ARM_GCC_541\Debug\GPIO.a(Pin_Col1.o)
 .data          0x00000000        0x0 .\CortexM3\ARM_GCC_541\Debug\GPIO.a(Pin_Col1.o)
 .bss           0x00000000        0x0 .\CortexM3\ARM_GCC_541\Debug\GPIO.a(Pin_Col1.o)
 .text.Pin_Col1_SetDriveMode
                0x00000000       0x18 .\CortexM3\ARM_GCC_541\Debug\GPIO.a(Pin_Col1.o)
 .text.Pin_Col1_Read
                0x00000000       0x10 .\CortexM3\ARM_GCC_541\Debug\GPIO.a(Pin_Col1.o)
 .text.Pin_Col1_ReadDataReg
                0x00000000       0x10 .\CortexM3\ARM_GCC_541\Debug\GPIO.a(Pin_Col1.o)
 .text          0x00000000        0x0 .\CortexM3\ARM_GCC_541\Debug\GPIO.a(Pin_Col2.o)
 .data          0x00000000        0x0 .\CortexM3\ARM_GCC_541\Debug\GPIO.a(Pin_Col2.o)
 .bss           0x00000000        0x0 .\CortexM3\ARM_GCC_541\Debug\GPIO.a(Pin_Col2.o)
 .text.Pin_Col2_SetDriveMode
                0x00000000       0x18 .\CortexM3\ARM_GCC_541\Debug\GPIO.a(Pin_Col2.o)
 .text.Pin_Col2_Read
                0x00000000       0x10 .\CortexM3\ARM_GCC_541\Debug\GPIO.a(Pin_Col2.o)
 .text.Pin_Col2_ReadDataReg
                0x00000000       0x10 .\CortexM3\ARM_GCC_541\Debug\GPIO.a(Pin_Col2.o)
 .text          0x00000000        0x0 .\CortexM3\ARM_GCC_541\Debug\GPIO.a(Pin_Col3.o)
 .data          0x00000000        0x0 .\CortexM3\ARM_GCC_541\Debug\GPIO.a(Pin_Col3.o)
 .bss           0x00000000        0x0 .\CortexM3\ARM_GCC_541\Debug\GPIO.a(Pin_Col3.o)
 .text.Pin_Col3_SetDriveMode
                0x00000000       0x18 .\CortexM3\ARM_GCC_541\Debug\GPIO.a(Pin_Col3.o)
 .text.Pin_Col3_Read
                0x00000000       0x10 .\CortexM3\ARM_GCC_541\Debug\GPIO.a(Pin_Col3.o)
 .text.Pin_Col3_ReadDataReg
                0x00000000       0x10 .\CortexM3\ARM_GCC_541\Debug\GPIO.a(Pin_Col3.o)
 .text          0x00000000        0x0 .\CortexM3\ARM_GCC_541\Debug\GPIO.a(Pin_Col4.o)
 .data          0x00000000        0x0 .\CortexM3\ARM_GCC_541\Debug\GPIO.a(Pin_Col4.o)
 .bss           0x00000000        0x0 .\CortexM3\ARM_GCC_541\Debug\GPIO.a(Pin_Col4.o)
 .text.Pin_Col4_SetDriveMode
                0x00000000       0x18 .\CortexM3\ARM_GCC_541\Debug\GPIO.a(Pin_Col4.o)
 .text.Pin_Col4_Read
                0x00000000       0x10 .\CortexM3\ARM_GCC_541\Debug\GPIO.a(Pin_Col4.o)
 .text.Pin_Col4_ReadDataReg
                0x00000000       0x10 .\CortexM3\ARM_GCC_541\Debug\GPIO.a(Pin_Col4.o)
 .text          0x00000000        0x0 .\CortexM3\ARM_GCC_541\Debug\GPIO.a(Pin_Col5.o)
 .data          0x00000000        0x0 .\CortexM3\ARM_GCC_541\Debug\GPIO.a(Pin_Col5.o)
 .bss           0x00000000        0x0 .\CortexM3\ARM_GCC_541\Debug\GPIO.a(Pin_Col5.o)
 .text.Pin_Col5_SetDriveMode
                0x00000000       0x18 .\CortexM3\ARM_GCC_541\Debug\GPIO.a(Pin_Col5.o)
 .text.Pin_Col5_Read
                0x00000000       0x10 .\CortexM3\ARM_GCC_541\Debug\GPIO.a(Pin_Col5.o)
 .text.Pin_Col5_ReadDataReg
                0x00000000       0x10 .\CortexM3\ARM_GCC_541\Debug\GPIO.a(Pin_Col5.o)
 .text          0x00000000        0x0 .\CortexM3\ARM_GCC_541\Debug\GPIO.a(Pin_Col6.o)
 .data          0x00000000        0x0 .\CortexM3\ARM_GCC_541\Debug\GPIO.a(Pin_Col6.o)
 .bss           0x00000000        0x0 .\CortexM3\ARM_GCC_541\Debug\GPIO.a(Pin_Col6.o)
 .text.Pin_Col6_SetDriveMode
                0x00000000       0x18 .\CortexM3\ARM_GCC_541\Debug\GPIO.a(Pin_Col6.o)
 .text.Pin_Col6_Read
                0x00000000        0xc .\CortexM3\ARM_GCC_541\Debug\GPIO.a(Pin_Col6.o)
 .text.Pin_Col6_ReadDataReg
                0x00000000        0xc .\CortexM3\ARM_GCC_541\Debug\GPIO.a(Pin_Col6.o)
 .text          0x00000000        0x0 .\CortexM3\ARM_GCC_541\Debug\GPIO.a(Pin_Col7.o)
 .data          0x00000000        0x0 .\CortexM3\ARM_GCC_541\Debug\GPIO.a(Pin_Col7.o)
 .bss           0x00000000        0x0 .\CortexM3\ARM_GCC_541\Debug\GPIO.a(Pin_Col7.o)
 .text.Pin_Col7_SetDriveMode
                0x00000000       0x18 .\CortexM3\ARM_GCC_541\Debug\GPIO.a(Pin_Col7.o)
 .text.Pin_Col7_Read
                0x00000000       0x10 .\CortexM3\ARM_GCC_541\Debug\GPIO.a(Pin_Col7.o)
 .text.Pin_Col7_ReadDataReg
                0x00000000       0x10 .\CortexM3\ARM_GCC_541\Debug\GPIO.a(Pin_Col7.o)
 .text          0x00000000        0x0 .\CortexM3\ARM_GCC_541\Debug\GPIO.a(Pin_Col8.o)
 .data          0x00000000        0x0 .\CortexM3\ARM_GCC_541\Debug\GPIO.a(Pin_Col8.o)
 .bss           0x00000000        0x0 .\CortexM3\ARM_GCC_541\Debug\GPIO.a(Pin_Col8.o)
 .text.Pin_Col8_SetDriveMode
                0x00000000       0x18 .\CortexM3\ARM_GCC_541\Debug\GPIO.a(Pin_Col8.o)
 .text.Pin_Col8_Read
                0x00000000       0x10 .\CortexM3\ARM_GCC_541\Debug\GPIO.a(Pin_Col8.o)
 .text.Pin_Col8_ReadDataReg
                0x00000000       0x10 .\CortexM3\ARM_GCC_541\Debug\GPIO.a(Pin_Col8.o)
 .text          0x00000000        0x0 .\CortexM3\ARM_GCC_541\Debug\GPIO.a(Pin_Row1.o)
 .data          0x00000000        0x0 .\CortexM3\ARM_GCC_541\Debug\GPIO.a(Pin_Row1.o)
 .bss           0x00000000        0x0 .\CortexM3\ARM_GCC_541\Debug\GPIO.a(Pin_Row1.o)
 .text.Pin_Row1_SetDriveMode
                0x00000000       0x18 .\CortexM3\ARM_GCC_541\Debug\GPIO.a(Pin_Row1.o)
 .text.Pin_Row1_Read
                0x00000000       0x10 .\CortexM3\ARM_GCC_541\Debug\GPIO.a(Pin_Row1.o)
 .text.Pin_Row1_ReadDataReg
                0x00000000       0x10 .\CortexM3\ARM_GCC_541\Debug\GPIO.a(Pin_Row1.o)
 .text          0x00000000        0x0 .\CortexM3\ARM_GCC_541\Debug\GPIO.a(Pin_Row2.o)
 .data          0x00000000        0x0 .\CortexM3\ARM_GCC_541\Debug\GPIO.a(Pin_Row2.o)
 .bss           0x00000000        0x0 .\CortexM3\ARM_GCC_541\Debug\GPIO.a(Pin_Row2.o)
 .text.Pin_Row2_SetDriveMode
                0x00000000       0x18 .\CortexM3\ARM_GCC_541\Debug\GPIO.a(Pin_Row2.o)
 .text.Pin_Row2_Read
                0x00000000       0x10 .\CortexM3\ARM_GCC_541\Debug\GPIO.a(Pin_Row2.o)
 .text.Pin_Row2_ReadDataReg
                0x00000000       0x10 .\CortexM3\ARM_GCC_541\Debug\GPIO.a(Pin_Row2.o)
 .text          0x00000000        0x0 .\CortexM3\ARM_GCC_541\Debug\GPIO.a(Pin_Row3.o)
 .data          0x00000000        0x0 .\CortexM3\ARM_GCC_541\Debug\GPIO.a(Pin_Row3.o)
 .bss           0x00000000        0x0 .\CortexM3\ARM_GCC_541\Debug\GPIO.a(Pin_Row3.o)
 .text.Pin_Row3_SetDriveMode
                0x00000000       0x18 .\CortexM3\ARM_GCC_541\Debug\GPIO.a(Pin_Row3.o)
 .text.Pin_Row3_Read
                0x00000000        0xc .\CortexM3\ARM_GCC_541\Debug\GPIO.a(Pin_Row3.o)
 .text.Pin_Row3_ReadDataReg
                0x00000000        0xc .\CortexM3\ARM_GCC_541\Debug\GPIO.a(Pin_Row3.o)
 .text          0x00000000        0x0 .\CortexM3\ARM_GCC_541\Debug\GPIO.a(Pin_Row4.o)
 .data          0x00000000        0x0 .\CortexM3\ARM_GCC_541\Debug\GPIO.a(Pin_Row4.o)
 .bss           0x00000000        0x0 .\CortexM3\ARM_GCC_541\Debug\GPIO.a(Pin_Row4.o)
 .text.Pin_Row4_SetDriveMode
                0x00000000       0x18 .\CortexM3\ARM_GCC_541\Debug\GPIO.a(Pin_Row4.o)
 .text.Pin_Row4_Read
                0x00000000       0x10 .\CortexM3\ARM_GCC_541\Debug\GPIO.a(Pin_Row4.o)
 .text.Pin_Row4_ReadDataReg
                0x00000000       0x10 .\CortexM3\ARM_GCC_541\Debug\GPIO.a(Pin_Row4.o)
 .text          0x00000000        0x0 .\CortexM3\ARM_GCC_541\Debug\GPIO.a(Pin_Row5.o)
 .data          0x00000000        0x0 .\CortexM3\ARM_GCC_541\Debug\GPIO.a(Pin_Row5.o)
 .bss           0x00000000        0x0 .\CortexM3\ARM_GCC_541\Debug\GPIO.a(Pin_Row5.o)
 .text.Pin_Row5_SetDriveMode
                0x00000000       0x18 .\CortexM3\ARM_GCC_541\Debug\GPIO.a(Pin_Row5.o)
 .text.Pin_Row5_Read
                0x00000000       0x10 .\CortexM3\ARM_GCC_541\Debug\GPIO.a(Pin_Row5.o)
 .text.Pin_Row5_ReadDataReg
                0x00000000       0x10 .\CortexM3\ARM_GCC_541\Debug\GPIO.a(Pin_Row5.o)
 .text          0x00000000        0x0 .\CortexM3\ARM_GCC_541\Debug\GPIO.a(Pin_Row7.o)
 .data          0x00000000        0x0 .\CortexM3\ARM_GCC_541\Debug\GPIO.a(Pin_Row7.o)
 .bss           0x00000000        0x0 .\CortexM3\ARM_GCC_541\Debug\GPIO.a(Pin_Row7.o)
 .text.Pin_Row7_SetDriveMode
                0x00000000       0x18 .\CortexM3\ARM_GCC_541\Debug\GPIO.a(Pin_Row7.o)
 .text.Pin_Row7_Read
                0x00000000        0xc .\CortexM3\ARM_GCC_541\Debug\GPIO.a(Pin_Row7.o)
 .text.Pin_Row7_ReadDataReg
                0x00000000        0xc .\CortexM3\ARM_GCC_541\Debug\GPIO.a(Pin_Row7.o)
 .text          0x00000000        0x0 .\CortexM3\ARM_GCC_541\Debug\GPIO.a(Pin_Row6.o)
 .data          0x00000000        0x0 .\CortexM3\ARM_GCC_541\Debug\GPIO.a(Pin_Row6.o)
 .bss           0x00000000        0x0 .\CortexM3\ARM_GCC_541\Debug\GPIO.a(Pin_Row6.o)
 .text.Pin_Row6_SetDriveMode
                0x00000000       0x18 .\CortexM3\ARM_GCC_541\Debug\GPIO.a(Pin_Row6.o)
 .text.Pin_Row6_Read
                0x00000000       0x10 .\CortexM3\ARM_GCC_541\Debug\GPIO.a(Pin_Row6.o)
 .text.Pin_Row6_ReadDataReg
                0x00000000       0x10 .\CortexM3\ARM_GCC_541\Debug\GPIO.a(Pin_Row6.o)
 .text          0x00000000        0x0 .\CortexM3\ARM_GCC_541\Debug\GPIO.a(Pin_Row8.o)
 .data          0x00000000        0x0 .\CortexM3\ARM_GCC_541\Debug\GPIO.a(Pin_Row8.o)
 .bss           0x00000000        0x0 .\CortexM3\ARM_GCC_541\Debug\GPIO.a(Pin_Row8.o)
 .text.Pin_Row8_SetDriveMode
                0x00000000       0x18 .\CortexM3\ARM_GCC_541\Debug\GPIO.a(Pin_Row8.o)
 .text.Pin_Row8_Read
                0x00000000       0x10 .\CortexM3\ARM_GCC_541\Debug\GPIO.a(Pin_Row8.o)
 .text.Pin_Row8_ReadDataReg
                0x00000000       0x10 .\CortexM3\ARM_GCC_541\Debug\GPIO.a(Pin_Row8.o)
 .data          0x00000000        0x0 .\CortexM3\ARM_GCC_541\Debug\GPIO.a(CyBootAsmGnu.o)
 .bss           0x00000000        0x0 .\CortexM3\ARM_GCC_541\Debug\GPIO.a(CyBootAsmGnu.o)
 .text          0x00000000        0x0 .\CortexM3\ARM_GCC_541\Debug\GPIO.a(CyFlash.o)
 .data          0x00000000        0x0 .\CortexM3\ARM_GCC_541\Debug\GPIO.a(CyFlash.o)
 .bss           0x00000000        0x0 .\CortexM3\ARM_GCC_541\Debug\GPIO.a(CyFlash.o)
 .text.CySetTempInt
                0x00000000       0x60 .\CortexM3\ARM_GCC_541\Debug\GPIO.a(CyFlash.o)
 .text.CyFlash_Start
                0x00000000       0x54 .\CortexM3\ARM_GCC_541\Debug\GPIO.a(CyFlash.o)
 .text.CyFlash_Stop
                0x00000000       0x24 .\CortexM3\ARM_GCC_541\Debug\GPIO.a(CyFlash.o)
 .text.CyFlash_EraseRow
                0x00000000       0x78 .\CortexM3\ARM_GCC_541\Debug\GPIO.a(CyFlash.o)
 .text.CyFlashGetSpcAlgorithm
                0x00000000       0x4c .\CortexM3\ARM_GCC_541\Debug\GPIO.a(CyFlash.o)
 .text.CySetTemp
                0x00000000       0x14 .\CortexM3\ARM_GCC_541\Debug\GPIO.a(CyFlash.o)
 .text.CySetFlashEEBuffer
                0x00000000       0x20 .\CortexM3\ARM_GCC_541\Debug\GPIO.a(CyFlash.o)
 .text.CyWriteRowFull
                0x00000000       0xf8 .\CortexM3\ARM_GCC_541\Debug\GPIO.a(CyFlash.o)
 .text.CyWriteRowData
                0x00000000       0x14 .\CortexM3\ARM_GCC_541\Debug\GPIO.a(CyFlash.o)
 .text.CyFlash_SetWaitCycles
                0x00000000       0x7c .\CortexM3\ARM_GCC_541\Debug\GPIO.a(CyFlash.o)
 .text.CyEEPROM_Start
                0x00000000       0x54 .\CortexM3\ARM_GCC_541\Debug\GPIO.a(CyFlash.o)
 .text.CyEEPROM_Stop
                0x00000000       0x24 .\CortexM3\ARM_GCC_541\Debug\GPIO.a(CyFlash.o)
 .text.CyEEPROM_ReadReserve
                0x00000000       0x1c .\CortexM3\ARM_GCC_541\Debug\GPIO.a(CyFlash.o)
 .text.CyEEPROM_ReadRelease
                0x00000000       0x10 .\CortexM3\ARM_GCC_541\Debug\GPIO.a(CyFlash.o)
 COMMON         0x00000000        0x2 .\CortexM3\ARM_GCC_541\Debug\GPIO.a(CyFlash.o)
 .text          0x00000000        0x0 .\CortexM3\ARM_GCC_541\Debug\GPIO.a(CySpc.o)
 .data          0x00000000        0x0 .\CortexM3\ARM_GCC_541\Debug\GPIO.a(CySpc.o)
 .bss           0x00000000        0x8 .\CortexM3\ARM_GCC_541\Debug\GPIO.a(CySpc.o)
 .text.CySpcStart
                0x00000000       0x24 .\CortexM3\ARM_GCC_541\Debug\GPIO.a(CySpc.o)
 .text.CySpcStop
                0x00000000       0x24 .\CortexM3\ARM_GCC_541\Debug\GPIO.a(CySpc.o)
 .text.CySpcReadData
                0x00000000       0x34 .\CortexM3\ARM_GCC_541\Debug\GPIO.a(CySpc.o)
 .text.CySpcLoadMultiByte
                0x00000000       0x78 .\CortexM3\ARM_GCC_541\Debug\GPIO.a(CySpc.o)
 .text.CySpcLoadRow
                0x00000000       0x50 .\CortexM3\ARM_GCC_541\Debug\GPIO.a(CySpc.o)
 .text.CySpcLoadRowFull
                0x00000000       0x80 .\CortexM3\ARM_GCC_541\Debug\GPIO.a(CySpc.o)
 .text.CySpcWriteRow
                0x00000000       0x4c .\CortexM3\ARM_GCC_541\Debug\GPIO.a(CySpc.o)
 .text.CySpcEraseSector
                0x00000000       0x3c .\CortexM3\ARM_GCC_541\Debug\GPIO.a(CySpc.o)
 .text.CySpcEraseRow
                0x00000000       0x4c .\CortexM3\ARM_GCC_541\Debug\GPIO.a(CySpc.o)
 .text.CySpcGetTemp
                0x00000000       0x3c .\CortexM3\ARM_GCC_541\Debug\GPIO.a(CySpc.o)
 .text.CySpcLock
                0x00000000       0x4c .\CortexM3\ARM_GCC_541\Debug\GPIO.a(CySpc.o)
 .text.CySpcUnlock
                0x00000000       0x38 .\CortexM3\ARM_GCC_541\Debug\GPIO.a(CySpc.o)
 .text.CySpcGetAlgorithm
                0x00000000       0x28 .\CortexM3\ARM_GCC_541\Debug\GPIO.a(CySpc.o)
 .text          0x00000000        0x0 c:/program files (x86)/cypress/psoc creator/4.4/psoc creator/import/gnu/arm/5.4.1/bin/../lib/gcc/arm-none-eabi/5.4.1/../../../../arm-none-eabi/lib/armv7-m\libg_nano.a(lib_a-errno.o)
 .data          0x00000000        0x0 c:/program files (x86)/cypress/psoc creator/4.4/psoc creator/import/gnu/arm/5.4.1/bin/../lib/gcc/arm-none-eabi/5.4.1/../../../../arm-none-eabi/lib/armv7-m\libg_nano.a(lib_a-errno.o)
 .bss           0x00000000        0x0 c:/program files (x86)/cypress/psoc creator/4.4/psoc creator/import/gnu/arm/5.4.1/bin/../lib/gcc/arm-none-eabi/5.4.1/../../../../arm-none-eabi/lib/armv7-m\libg_nano.a(lib_a-errno.o)
 .text          0x00000000        0x0 c:/program files (x86)/cypress/psoc creator/4.4/psoc creator/import/gnu/arm/5.4.1/bin/../lib/gcc/arm-none-eabi/5.4.1/../../../../arm-none-eabi/lib/armv7-m\libg_nano.a(lib_a-exit.o)
 .data          0x00000000        0x0 c:/program files (x86)/cypress/psoc creator/4.4/psoc creator/import/gnu/arm/5.4.1/bin/../lib/gcc/arm-none-eabi/5.4.1/../../../../arm-none-eabi/lib/armv7-m\libg_nano.a(lib_a-exit.o)
 .bss           0x00000000        0x0 c:/program files (x86)/cypress/psoc creator/4.4/psoc creator/import/gnu/arm/5.4.1/bin/../lib/gcc/arm-none-eabi/5.4.1/../../../../arm-none-eabi/lib/armv7-m\libg_nano.a(lib_a-exit.o)
 .text.exit     0x00000000       0x28 c:/program files (x86)/cypress/psoc creator/4.4/psoc creator/import/gnu/arm/5.4.1/bin/../lib/gcc/arm-none-eabi/5.4.1/../../../../arm-none-eabi/lib/armv7-m\libg_nano.a(lib_a-exit.o)
 .text          0x00000000        0x0 c:/program files (x86)/cypress/psoc creator/4.4/psoc creator/import/gnu/arm/5.4.1/bin/../lib/gcc/arm-none-eabi/5.4.1/../../../../arm-none-eabi/lib/armv7-m\libg_nano.a(lib_a-impure.o)
 .data          0x00000000        0x0 c:/program files (x86)/cypress/psoc creator/4.4/psoc creator/import/gnu/arm/5.4.1/bin/../lib/gcc/arm-none-eabi/5.4.1/../../../../arm-none-eabi/lib/armv7-m\libg_nano.a(lib_a-impure.o)
 .bss           0x00000000        0x0 c:/program files (x86)/cypress/psoc creator/4.4/psoc creator/import/gnu/arm/5.4.1/bin/../lib/gcc/arm-none-eabi/5.4.1/../../../../arm-none-eabi/lib/armv7-m\libg_nano.a(lib_a-impure.o)
 .rodata._global_impure_ptr
                0x00000000        0x4 c:/program files (x86)/cypress/psoc creator/4.4/psoc creator/import/gnu/arm/5.4.1/bin/../lib/gcc/arm-none-eabi/5.4.1/../../../../arm-none-eabi/lib/armv7-m\libg_nano.a(lib_a-impure.o)
 .text          0x00000000        0x0 c:/program files (x86)/cypress/psoc creator/4.4/psoc creator/import/gnu/arm/5.4.1/bin/../lib/gcc/arm-none-eabi/5.4.1/../../../../arm-none-eabi/lib/armv7-m\libg_nano.a(lib_a-init.o)
 .data          0x00000000        0x0 c:/program files (x86)/cypress/psoc creator/4.4/psoc creator/import/gnu/arm/5.4.1/bin/../lib/gcc/arm-none-eabi/5.4.1/../../../../arm-none-eabi/lib/armv7-m\libg_nano.a(lib_a-init.o)
 .bss           0x00000000        0x0 c:/program files (x86)/cypress/psoc creator/4.4/psoc creator/import/gnu/arm/5.4.1/bin/../lib/gcc/arm-none-eabi/5.4.1/../../../../arm-none-eabi/lib/armv7-m\libg_nano.a(lib_a-init.o)
 .text          0x00000000        0x0 c:/program files (x86)/cypress/psoc creator/4.4/psoc creator/import/gnu/arm/5.4.1/bin/../lib/gcc/arm-none-eabi/5.4.1/../../../../arm-none-eabi/lib/armv7-m\libg_nano.a(lib_a-memcpy-stub.o)
 .data          0x00000000        0x0 c:/program files (x86)/cypress/psoc creator/4.4/psoc creator/import/gnu/arm/5.4.1/bin/../lib/gcc/arm-none-eabi/5.4.1/../../../../arm-none-eabi/lib/armv7-m\libg_nano.a(lib_a-memcpy-stub.o)
 .bss           0x00000000        0x0 c:/program files (x86)/cypress/psoc creator/4.4/psoc creator/import/gnu/arm/5.4.1/bin/../lib/gcc/arm-none-eabi/5.4.1/../../../../arm-none-eabi/lib/armv7-m\libg_nano.a(lib_a-memcpy-stub.o)
 .text          0x00000000        0x0 c:/program files (x86)/cypress/psoc creator/4.4/psoc creator/import/gnu/arm/5.4.1/bin/../lib/gcc/arm-none-eabi/5.4.1/../../../../arm-none-eabi/lib/armv7-m\libg_nano.a(lib_a-memset.o)
 .data          0x00000000        0x0 c:/program files (x86)/cypress/psoc creator/4.4/psoc creator/import/gnu/arm/5.4.1/bin/../lib/gcc/arm-none-eabi/5.4.1/../../../../arm-none-eabi/lib/armv7-m\libg_nano.a(lib_a-memset.o)
 .bss           0x00000000        0x0 c:/program files (x86)/cypress/psoc creator/4.4/psoc creator/import/gnu/arm/5.4.1/bin/../lib/gcc/arm-none-eabi/5.4.1/../../../../arm-none-eabi/lib/armv7-m\libg_nano.a(lib_a-memset.o)
 .text          0x00000000        0x0 c:/program files (x86)/cypress/psoc creator/4.4/psoc creator/import/gnu/arm/5.4.1/bin/../lib/gcc/arm-none-eabi/5.4.1/armv7-m/crtend.o
 .data          0x00000000        0x0 c:/program files (x86)/cypress/psoc creator/4.4/psoc creator/import/gnu/arm/5.4.1/bin/../lib/gcc/arm-none-eabi/5.4.1/armv7-m/crtend.o
 .bss           0x00000000        0x0 c:/program files (x86)/cypress/psoc creator/4.4/psoc creator/import/gnu/arm/5.4.1/bin/../lib/gcc/arm-none-eabi/5.4.1/armv7-m/crtend.o
 .text          0x00000000        0x0 c:/program files (x86)/cypress/psoc creator/4.4/psoc creator/import/gnu/arm/5.4.1/bin/../lib/gcc/arm-none-eabi/5.4.1/armv7-m/crtn.o
 .data          0x00000000        0x0 c:/program files (x86)/cypress/psoc creator/4.4/psoc creator/import/gnu/arm/5.4.1/bin/../lib/gcc/arm-none-eabi/5.4.1/armv7-m/crtn.o
 .bss           0x00000000        0x0 c:/program files (x86)/cypress/psoc creator/4.4/psoc creator/import/gnu/arm/5.4.1/bin/../lib/gcc/arm-none-eabi/5.4.1/armv7-m/crtn.o

Memory Configuration

Name             Origin             Length             Attributes
rom              0x00000000         0x00040000         xr
ram              0x1fff8000         0x00010000         xrw
*default*        0x00000000         0xffffffff

Linker script and memory map

LOAD c:/program files (x86)/cypress/psoc creator/4.4/psoc creator/import/gnu/arm/5.4.1/bin/../lib/gcc/arm-none-eabi/5.4.1/armv7-m/crti.o
LOAD c:/program files (x86)/cypress/psoc creator/4.4/psoc creator/import/gnu/arm/5.4.1/bin/../lib/gcc/arm-none-eabi/5.4.1/armv7-m/crtbegin.o
LOAD c:/program files (x86)/cypress/psoc creator/4.4/psoc creator/import/gnu/arm/5.4.1/bin/../lib/gcc/arm-none-eabi/5.4.1/../../../../arm-none-eabi/lib/armv7-m/crt0.o
START GROUP
LOAD .\CortexM3\ARM_GCC_541\Debug\main.o
LOAD .\CortexM3\ARM_GCC_541\Debug\dot_matrix.o
LOAD .\CortexM3\ARM_GCC_541\Debug\cyfitter_cfg.o
LOAD .\CortexM3\ARM_GCC_541\Debug\cymetadata.o
LOAD .\CortexM3\ARM_GCC_541\Debug\Cm3Start.o
LOAD .\CortexM3\ARM_GCC_541\Debug\GPIO.a
LOAD C:\Program Files (x86)\Cypress\PSoC Creator\4.4\PSoC Creator\psoc\content\cycomponentlibrary\CyComponentLibrary.cylib\CortexM3\ARM_GCC_541\Debug\CyComponentLibrary.a
END GROUP
START GROUP
LOAD c:/program files (x86)/cypress/psoc creator/4.4/psoc creator/import/gnu/arm/5.4.1/bin/../lib/gcc/arm-none-eabi/5.4.1/armv7-m\libgcc.a
LOAD c:/program files (x86)/cypress/psoc creator/4.4/psoc creator/import/gnu/arm/5.4.1/bin/../lib/gcc/arm-none-eabi/5.4.1/../../../../arm-none-eabi/lib/armv7-m\libg_nano.a
LOAD c:/program files (x86)/cypress/psoc creator/4.4/psoc creator/import/gnu/arm/5.4.1/bin/../lib/gcc/arm-none-eabi/5.4.1/../../../../arm-none-eabi/lib/armv7-m\libc_nano.a
END GROUP
START GROUP
LOAD c:/program files (x86)/cypress/psoc creator/4.4/psoc creator/import/gnu/arm/5.4.1/bin/../lib/gcc/arm-none-eabi/5.4.1/armv7-m\libgcc.a
LOAD c:/program files (x86)/cypress/psoc creator/4.4/psoc creator/import/gnu/arm/5.4.1/bin/../lib/gcc/arm-none-eabi/5.4.1/../../../../arm-none-eabi/lib/armv7-m\libc_nano.a
END GROUP
LOAD c:/program files (x86)/cypress/psoc creator/4.4/psoc creator/import/gnu/arm/5.4.1/bin/../lib/gcc/arm-none-eabi/5.4.1/armv7-m/crtend.o
LOAD c:/program files (x86)/cypress/psoc creator/4.4/psoc creator/import/gnu/arm/5.4.1/bin/../lib/gcc/arm-none-eabi/5.4.1/armv7-m/crtn.o
START GROUP
LOAD c:/program files (x86)/cypress/psoc creator/4.4/psoc creator/import/gnu/arm/5.4.1/bin/../lib/gcc/arm-none-eabi/5.4.1/armv7-m\libgcc.a
LOAD c:/program files (x86)/cypress/psoc creator/4.4/psoc creator/import/gnu/arm/5.4.1/bin/../lib/gcc/arm-none-eabi/5.4.1/../../../../arm-none-eabi/lib/armv7-m\libc.a
LOAD c:/program files (x86)/cypress/psoc creator/4.4/psoc creator/import/gnu/arm/5.4.1/bin/../lib/gcc/arm-none-eabi/5.4.1/../../../../arm-none-eabi/lib/armv7-m\libnosys.a
END GROUP
                0x00000000                CY_APPL_ORIGIN = 0x0
                0x00000100                CY_FLASH_ROW_SIZE = 0x100
                0x00000020                CY_ECC_ROW_SIZE = 0x20
                0x00000000                CY_EE_IN_BTLDR = 0x0
                0x00000000                CY_APPL_LOADABLE = 0x0
                0x00000800                CY_EE_SIZE = 0x800
                0x00000001                CY_APPL_NUM = 0x1
                0x00000001                CY_APPL_MAX = 0x1
                0x00000040                CY_METADATA_SIZE = 0x40
                0x00000000                CY_APPL_LOADABLE = 0x0
                0x00000000                CY_CHECKSUM_EXCLUDE_SIZE = ALIGN (0x0, CY_FLASH_ROW_SIZE)
                [!provide]                PROVIDE (__cy_heap_start, _end)
                0x00000001                PROVIDE (__cy_region_num, ((__cy_regions_end - __cy_regions) / 0x10))
                0x20008000                PROVIDE (__cy_stack, (ORIGIN (ram) + LENGTH (ram)))
                [!provide]                PROVIDE (__cy_heap_end, (__cy_stack - 0x800))

.cybootloader   0x00000000        0x0
 *(.cybootloader)
                0x00000000                appl1_start = CY_APPL_ORIGIN?CY_APPL_ORIGIN:ALIGN (CY_FLASH_ROW_SIZE)
                0x0001ff00                appl2_start = (appl1_start + ALIGN ((((LENGTH (rom) - appl1_start) - (0x2 * CY_FLASH_ROW_SIZE)) / 0x2), CY_FLASH_ROW_SIZE))
                0x00000000                appl_start = (CY_APPL_NUM == 0x1)?appl1_start:appl2_start
                0x00000000                ecc_offset = ((appl_start / CY_FLASH_ROW_SIZE) * CY_ECC_ROW_SIZE)
                0x00000000                ee_offset = (CY_APPL_LOADABLE && ! (CY_EE_IN_BTLDR))?((CY_EE_SIZE / CY_APPL_MAX) * (CY_APPL_NUM - 0x1)):0x0
                0x00000800                ee_size = (CY_APPL_LOADABLE && ! (CY_EE_IN_BTLDR))?(CY_EE_SIZE / CY_APPL_MAX):CY_EE_SIZE
                [!provide]                PROVIDE (CY_ECC_OFFSET, ecc_offset)

.text           0x00000000      0x5de
 CREATE_OBJECT_SYMBOLS
                0x00000000                PROVIDE (__cy_interrupt_vector, RomVectors)
 *(.romvectors)
 .romvectors    0x00000000       0x10 .\CortexM3\ARM_GCC_541\Debug\Cm3Start.o
                0x00000000                RomVectors
                0x00000001                ASSERT ((. != __cy_interrupt_vector), No interrupt vector)
                0x00000001                ASSERT (CY_APPL_ORIGIN?(SIZEOF (.cybootloader) <= CY_APPL_ORIGIN):0x1, Wrong image location)
                0x00000010                PROVIDE (__cy_reset, Reset)
 *(.text.Reset)
 .text.Reset    0x00000010       0x18 .\CortexM3\ARM_GCC_541\Debug\Cm3Start.o
                0x00000010                Reset
                0x00000001                ASSERT ((. != __cy_reset), No reset code)
 *(.dma_init)
                0x00000001                ASSERT ((((appl_start + .) <= 0x10000) || 0x1), DMA Init must be within the first 64k of flash)
 *(.text .text.* .gnu.linkonce.t.*)
 .text          0x00000028       0x5c c:/program files (x86)/cypress/psoc creator/4.4/psoc creator/import/gnu/arm/5.4.1/bin/../lib/gcc/arm-none-eabi/5.4.1/armv7-m/crtbegin.o
 .text.main     0x00000084       0x10 .\CortexM3\ARM_GCC_541\Debug\main.o
                0x00000084                main
 .text.columns_set_state
                0x00000094       0x24 .\CortexM3\ARM_GCC_541\Debug\dot_matrix.o
 .text.rows_set_state
                0x000000b8       0x24 .\CortexM3\ARM_GCC_541\Debug\dot_matrix.o
 .text.reset_matrix
                0x000000dc       0x10 .\CortexM3\ARM_GCC_541\Debug\dot_matrix.o
                0x000000dc                reset_matrix
 .text.sweep_horizontal
                0x000000ec       0x3c .\CortexM3\ARM_GCC_541\Debug\dot_matrix.o
                0x000000ec                sweep_horizontal
 .text.CyClockStartupError
                0x00000128        0x4 .\CortexM3\ARM_GCC_541\Debug\cyfitter_cfg.o
 .text.AnalogSetDefault
                0x0000012c       0x28 .\CortexM3\ARM_GCC_541\Debug\cyfitter_cfg.o
 .text.CYMEMZERO
                0x00000154        0xc .\CortexM3\ARM_GCC_541\Debug\cyfitter_cfg.o
 .text.ClockSetup
                0x00000160       0x9c .\CortexM3\ARM_GCC_541\Debug\cyfitter_cfg.o
 .text.CYCONFIGCPY
                0x000001fc        0x8 .\CortexM3\ARM_GCC_541\Debug\cyfitter_cfg.o
 .text.cyfitter_cfg
                0x00000204       0xcc .\CortexM3\ARM_GCC_541\Debug\cyfitter_cfg.o
                0x00000204                cyfitter_cfg
 .text.IntDefaultHandler
                0x000002d0       0x10 .\CortexM3\ARM_GCC_541\Debug\Cm3Start.o
                0x000002d0                IntDefaultHandler
 .text.Start_c  0x000002e0       0x4c .\CortexM3\ARM_GCC_541\Debug\Cm3Start.o
                0x000002e0                Start_c
 .text.initialize_psoc
                0x0000032c       0x68 .\CortexM3\ARM_GCC_541\Debug\Cm3Start.o
                0x0000032c                initialize_psoc
 .text.CyDelay  0x00000394       0x2c .\CortexM3\ARM_GCC_541\Debug\GPIO.a(CyLib.o)
                0x00000394                CyDelay
 .text.Pin_Col1_Write
                0x000003c0       0x18 .\CortexM3\ARM_GCC_541\Debug\GPIO.a(Pin_Col1.o)
                0x000003c0                Pin_Col1_Write
 .text.Pin_Col2_Write
                0x000003d8       0x18 .\CortexM3\ARM_GCC_541\Debug\GPIO.a(Pin_Col2.o)
                0x000003d8                Pin_Col2_Write
 .text.Pin_Col3_Write
                0x000003f0       0x18 .\CortexM3\ARM_GCC_541\Debug\GPIO.a(Pin_Col3.o)
                0x000003f0                Pin_Col3_Write
 .text.Pin_Col4_Write
                0x00000408       0x18 .\CortexM3\ARM_GCC_541\Debug\GPIO.a(Pin_Col4.o)
                0x00000408                Pin_Col4_Write
 .text.Pin_Col5_Write
                0x00000420       0x18 .\CortexM3\ARM_GCC_541\Debug\GPIO.a(Pin_Col5.o)
                0x00000420                Pin_Col5_Write
 .text.Pin_Col6_Write
                0x00000438       0x18 .\CortexM3\ARM_GCC_541\Debug\GPIO.a(Pin_Col6.o)
                0x00000438                Pin_Col6_Write
 .text.Pin_Col7_Write
                0x00000450       0x18 .\CortexM3\ARM_GCC_541\Debug\GPIO.a(Pin_Col7.o)
                0x00000450                Pin_Col7_Write
 .text.Pin_Col8_Write
                0x00000468       0x18 .\CortexM3\ARM_GCC_541\Debug\GPIO.a(Pin_Col8.o)
                0x00000468                Pin_Col8_Write
 .text.Pin_Row1_Write
                0x00000480       0x18 .\CortexM3\ARM_GCC_541\Debug\GPIO.a(Pin_Row1.o)
                0x00000480                Pin_Row1_Write
 .text.Pin_Row2_Write
                0x00000498       0x18 .\CortexM3\ARM_GCC_541\Debug\GPIO.a(Pin_Row2.o)
                0x00000498                Pin_Row2_Write
 .text.Pin_Row3_Write
                0x000004b0       0x18 .\CortexM3\ARM_GCC_541\Debug\GPIO.a(Pin_Row3.o)
                0x000004b0                Pin_Row3_Write
 .text.Pin_Row4_Write
                0x000004c8       0x18 .\CortexM3\ARM_GCC_541\Debug\GPIO.a(Pin_Row4.o)
                0x000004c8                Pin_Row4_Write
 .text.Pin_Row5_Write
                0x000004e0       0x18 .\CortexM3\ARM_GCC_541\Debug\GPIO.a(Pin_Row5.o)
                0x000004e0                Pin_Row5_Write
 .text.Pin_Row7_Write
                0x000004f8       0x18 .\CortexM3\ARM_GCC_541\Debug\GPIO.a(Pin_Row7.o)
                0x000004f8                Pin_Row7_Write
 .text.Pin_Row6_Write
                0x00000510       0x18 .\CortexM3\ARM_GCC_541\Debug\GPIO.a(Pin_Row6.o)
                0x00000510                Pin_Row6_Write
 .text.Pin_Row8_Write
                0x00000528       0x18 .\CortexM3\ARM_GCC_541\Debug\GPIO.a(Pin_Row8.o)
                0x00000528                Pin_Row8_Write
 .text          0x00000540       0x20 .\CortexM3\ARM_GCC_541\Debug\GPIO.a(CyBootAsmGnu.o)
                0x00000540                CyDelayCycles
                0x00000550                CyEnterCriticalSection
                0x00000558                CyExitCriticalSection
 .text.__errno  0x00000560        0xc c:/program files (x86)/cypress/psoc creator/4.4/psoc creator/import/gnu/arm/5.4.1/bin/../lib/gcc/arm-none-eabi/5.4.1/../../../../arm-none-eabi/lib/armv7-m\libg_nano.a(lib_a-errno.o)
                0x00000560                __errno
 .text.__libc_init_array
                0x0000056c       0x4c c:/program files (x86)/cypress/psoc creator/4.4/psoc creator/import/gnu/arm/5.4.1/bin/../lib/gcc/arm-none-eabi/5.4.1/../../../../arm-none-eabi/lib/armv7-m\libg_nano.a(lib_a-init.o)
                0x0000056c                __libc_init_array
 .text.memcpy   0x000005b8       0x16 c:/program files (x86)/cypress/psoc creator/4.4/psoc creator/import/gnu/arm/5.4.1/bin/../lib/gcc/arm-none-eabi/5.4.1/../../../../arm-none-eabi/lib/armv7-m\libg_nano.a(lib_a-memcpy-stub.o)
                0x000005b8                memcpy
 .text.memset   0x000005ce       0x10 c:/program files (x86)/cypress/psoc creator/4.4/psoc creator/import/gnu/arm/5.4.1/bin/../lib/gcc/arm-none-eabi/5.4.1/../../../../arm-none-eabi/lib/armv7-m\libg_nano.a(lib_a-memset.o)
                0x000005ce                memset
 *(.plt)
 *(.gnu.warning)
 *(.glue_7t)
 .glue_7t       0x000005de        0x0 linker stubs
 *(.glue_7)
 .glue_7        0x000005de        0x0 linker stubs
 *(.vfp11_veneer)
 .vfp11_veneer  0x000005de        0x0 linker stubs
 *(.bootloader)
 *(.ARM.extab* .gnu.linkonce.armextab.*)
 *(.gcc_except_table)

.v4_bx          0x000005e0        0x0
 .v4_bx         0x000005e0        0x0 linker stubs

.iplt           0x000005e0        0x0
 .iplt          0x000005e0        0x0 c:/program files (x86)/cypress/psoc creator/4.4/psoc creator/import/gnu/arm/5.4.1/bin/../lib/gcc/arm-none-eabi/5.4.1/armv7-m/crtbegin.o

.eh_frame_hdr
 *(.eh_frame_hdr)

.eh_frame       0x000005e0        0x4
 *(.eh_frame)
 .eh_frame      0x000005e0        0x0 c:/program files (x86)/cypress/psoc creator/4.4/psoc creator/import/gnu/arm/5.4.1/bin/../lib/gcc/arm-none-eabi/5.4.1/armv7-m/crtbegin.o
 .eh_frame      0x000005e0        0x4 c:/program files (x86)/cypress/psoc creator/4.4/psoc creator/import/gnu/arm/5.4.1/bin/../lib/gcc/arm-none-eabi/5.4.1/armv7-m/crtend.o
                [!provide]                PROVIDE (__exidx_start, .)

.ARM.exidx
 *(.ARM.exidx* .gnu.linkonce.armexidx.*)
                0x000005e4                __exidx_end = .

.rodata         0x000005e4       0xec
 *(.rodata .rodata.* .gnu.linkonce.r.*)
 .rodata        0x000005e4        0x2 .\CortexM3\ARM_GCC_541\Debug\main.o
                0x000005e4                DELAY
 *fill*         0x000005e6        0x2 
 .rodata        0x000005e8       0x80 .\CortexM3\ARM_GCC_541\Debug\dot_matrix.o
 .rodata        0x00000668       0x30 .\CortexM3\ARM_GCC_541\Debug\cyfitter_cfg.o
 .rodata.str1.1
                0x00000698        0x2 c:/program files (x86)/cypress/psoc creator/4.4/psoc creator/import/gnu/arm/5.4.1/bin/../lib/gcc/arm-none-eabi/5.4.1/../../../../arm-none-eabi/lib/armv7-m\libg_nano.a(lib_a-impure.o)
                0x0000069c                . = ALIGN (0x4)
 *fill*         0x0000069a        0x2 
 *(.init)
 .init          0x0000069c        0x4 c:/program files (x86)/cypress/psoc creator/4.4/psoc creator/import/gnu/arm/5.4.1/bin/../lib/gcc/arm-none-eabi/5.4.1/armv7-m/crti.o
                0x0000069c                _init
 .init          0x000006a0        0x8 c:/program files (x86)/cypress/psoc creator/4.4/psoc creator/import/gnu/arm/5.4.1/bin/../lib/gcc/arm-none-eabi/5.4.1/armv7-m/crtn.o
                0x000006a8                . = ALIGN (0x4)
                0x000006a8                __preinit_array_start = .
 *(.preinit_array)
                0x000006a8                __preinit_array_end = .
                0x000006a8                . = ALIGN (0x4)
                0x000006a8                __init_array_start = .
 *(SORT(.init_array.*))
 *(.init_array)
 .init_array    0x000006a8        0x4 c:/program files (x86)/cypress/psoc creator/4.4/psoc creator/import/gnu/arm/5.4.1/bin/../lib/gcc/arm-none-eabi/5.4.1/armv7-m/crtbegin.o
 .init_array    0x000006ac        0x4 .\CortexM3\ARM_GCC_541\Debug\Cm3Start.o
                0x000006b0                __init_array_end = .
                0x000006b0                . = ALIGN (0x4)
 *(.fini)
 .fini          0x000006b0        0x4 c:/program files (x86)/cypress/psoc creator/4.4/psoc creator/import/gnu/arm/5.4.1/bin/../lib/gcc/arm-none-eabi/5.4.1/armv7-m/crti.o
                0x000006b0                _fini
 .fini          0x000006b4        0x8 c:/program files (x86)/cypress/psoc creator/4.4/psoc creator/import/gnu/arm/5.4.1/bin/../lib/gcc/arm-none-eabi/5.4.1/armv7-m/crtn.o
                0x000006bc                . = ALIGN (0x4)
                0x000006bc                __fini_array_start = .
 *(.fini_array)
 .fini_array    0x000006bc        0x4 c:/program files (x86)/cypress/psoc creator/4.4/psoc creator/import/gnu/arm/5.4.1/bin/../lib/gcc/arm-none-eabi/5.4.1/armv7-m/crtbegin.o
 *(SORT(.fini_array.*))
                0x000006c0                __fini_array_end = .
                0x000006c0                . = ALIGN (0x4)
 *crtbegin.o(.ctors)
 *(EXCLUDE_FILE(*crtend.o) .ctors)
 *(SORT(.ctors.*))
 *crtend.o(.ctors)
                0x000006c0                . = ALIGN (0x4)
 *crtbegin.o(.dtors)
 *(EXCLUDE_FILE(*crtend.o) .dtors)
 *(SORT(.dtors.*))
 *crtend.o(.dtors)
                0x000006c0                . = ALIGN (0x4)
                0x000006c0                __cy_regions = .
                0x000006c0        0x4 LONG 0x6d0 __cy_region_init_ram
                0x000006c4        0x4 LONG 0x1fff80c8 __cy_region_start_data
                0x000006c8        0x4 LONG 0x78 __cy_region_init_size_ram
                0x000006cc        0x4 LONG 0x20 __cy_region_zero_size_ram
                0x000006d0                __cy_regions_end = .
                0x000006d0                . = ALIGN (0x8)
                0x000006d0                _etext = .

.cy_checksum_exclude
                0x000006d0        0x0
 *(.cy_checksum_exclude)

.ramvectors     0x1fff8000       0xc0
                0x1fff8000                __cy_region_start_ram = .
 *(.ramvectors)
 .ramvectors    0x1fff8000       0xc0 .\CortexM3\ARM_GCC_541\Debug\Cm3Start.o
                0x1fff8000                CyRamVectors

.noinit         0x1fff80c0        0x1
 *(.noinit)
 .noinit        0x1fff80c0        0x1 .\CortexM3\ARM_GCC_541\Debug\GPIO.a(CyLib.o)
                0x1fff80c0                CyResetStatus

.data           0x1fff80c8       0x78 load address 0x000006d0
                0x1fff80c8                __cy_region_start_data = .
 *(.jcr)
 .jcr           0x1fff80c8        0x0 c:/program files (x86)/cypress/psoc creator/4.4/psoc creator/import/gnu/arm/5.4.1/bin/../lib/gcc/arm-none-eabi/5.4.1/armv7-m/crtbegin.o
 .jcr           0x1fff80c8        0x4 c:/program files (x86)/cypress/psoc creator/4.4/psoc creator/import/gnu/arm/5.4.1/bin/../lib/gcc/arm-none-eabi/5.4.1/armv7-m/crtend.o
 *(.got.plt)
 *(.got)
 *(.shdata)
 *(.data .data.* .gnu.linkonce.d.*)
 .data          0x1fff80cc       0x10 .\CortexM3\ARM_GCC_541\Debug\GPIO.a(CyLib.o)
                0x1fff80cc                cydelay_32k_ms
                0x1fff80d0                cydelay_freq_khz
                0x1fff80d4                cydelay_freq_mhz
                0x1fff80d8                cydelay_freq_hz
 .data.impure_data
                0x1fff80dc       0x60 c:/program files (x86)/cypress/psoc creator/4.4/psoc creator/import/gnu/arm/5.4.1/bin/../lib/gcc/arm-none-eabi/5.4.1/../../../../arm-none-eabi/lib/armv7-m\libg_nano.a(lib_a-impure.o)
 .data._impure_ptr
                0x1fff813c        0x4 c:/program files (x86)/cypress/psoc creator/4.4/psoc creator/import/gnu/arm/5.4.1/bin/../lib/gcc/arm-none-eabi/5.4.1/../../../../arm-none-eabi/lib/armv7-m\libg_nano.a(lib_a-impure.o)
                0x1fff813c                _impure_ptr
                0x1fff8140                . = ALIGN (0x8)
 *(.ram)
                0x1fff8140                _edata = .

.igot.plt       0x1fff8140        0x0 load address 0x00000748
 .igot.plt      0x1fff8140        0x0 c:/program files (x86)/cypress/psoc creator/4.4/psoc creator/import/gnu/arm/5.4.1/bin/../lib/gcc/arm-none-eabi/5.4.1/armv7-m/crtbegin.o

.bss            0x1fff8140       0x20 load address 0x00000748
                0x1fff8140                PROVIDE (__bss_start__, .)
 *(.shbss)
 *(.bss .bss.* .gnu.linkonce.b.*)
 .bss           0x1fff8140       0x1c c:/program files (x86)/cypress/psoc creator/4.4/psoc creator/import/gnu/arm/5.4.1/bin/../lib/gcc/arm-none-eabi/5.4.1/armv7-m/crtbegin.o
 *(COMMON)
                0x1fff8160                . = ALIGN (0x8)
 *fill*         0x1fff815c        0x4 
 *(.ram.b)
                0x1fff8160                _end = .
                0x1fff8160                __end = .
                0x1fff8160                PROVIDE (end, .)
                0x1fff8160                PROVIDE (__bss_end__, .)
                0x000006d0                __cy_region_init_ram = LOADADDR (.data)
                0x00000078                __cy_region_init_size_ram = (_edata - ADDR (.data))
                0x00000020                __cy_region_zero_size_ram = (_end - _edata)

.heap           0x1fff8160       0x80 load address 0x00000748
                0x1fff8160                . = _end
                0x1fff81e0                . = (. + 0x80)
 *fill*         0x1fff8160       0x80 
                0x1fff81e0                __cy_heap_limit = .

.stack          0x20007800      0x800
                0x20007800                __cy_stack_limit = .
                0x20008000                . = (. + 0x800)
 *fill*         0x20007800      0x800 
                0x00000001                ASSERT ((__cy_stack_limit >= __cy_heap_limit), region RAM overflowed with stack)
                0x00000000                cy_checksum_exclude_size = (CY_APPL_LOADABLE == 0x1)?SIZEOF (.cy_checksum_exclude):0x0
                0x00000001                ASSERT ((cy_checksum_exclude_size <= CY_CHECKSUM_EXCLUDE_SIZE), CY_BOOT: Section .cy_checksum_exclude size exceedes specified limit.)

.cyloadermeta
 *(.cyloadermeta)

.cyloadablemeta
 *(.cyloadablemeta)

.cyconfigecc    0x80000000       0x20
 *(.cyconfigecc)
 .cyconfigecc   0x80000000       0x20 .\CortexM3\ARM_GCC_541\Debug\cymetadata.o
                0x80000000                cy_meta_configecc

.cycustnvl      0x90000000        0x4
 *(.cycustnvl)
 .cycustnvl     0x90000000        0x4 .\CortexM3\ARM_GCC_541\Debug\cymetadata.o
                0x90000000                cy_meta_custnvl

.cywolatch      0x90100000        0x4
 *(.cywolatch)
 .cywolatch     0x90100000        0x4 .\CortexM3\ARM_GCC_541\Debug\cymetadata.o
                0x90100000                cy_meta_wonvl

.cyeeprom       0x90200000        0x0
 *(.cyeeprom)
                0x00000001                ASSERT ((. <= ((0x90200000 + ee_offset) + ee_size)), .cyeeprom data will not fit in EEPROM)

.cyflashprotect
                0x90400000      0x100
 *(.cyflashprotect)
 .cyflashprotect
                0x90400000      0x100 .\CortexM3\ARM_GCC_541\Debug\cymetadata.o
                0x90400000                cy_meta_flashprotect

.cymeta         0x90500000        0xc
 *(.cymeta)
 .cymeta        0x90500000        0xc .\CortexM3\ARM_GCC_541\Debug\cymetadata.o
                0x90500000                cy_metadata

.rel.dyn        0x00000748        0x0 load address 0x9050000c
 .rel.iplt      0x00000748        0x0 c:/program files (x86)/cypress/psoc creator/4.4/psoc creator/import/gnu/arm/5.4.1/bin/../lib/gcc/arm-none-eabi/5.4.1/armv7-m/crtbegin.o

.stab
 *(.stab)

.stabstr
 *(.stabstr)

.debug
 *(.debug)

.line
 *(.line)

.debug_srcinfo
 *(.debug_srcinfo)

.debug_sfnames
 *(.debug_sfnames)

.debug_aranges  0x00000000      0x900
 *(.debug_aranges)
 .debug_aranges
                0x00000000       0x20 .\CortexM3\ARM_GCC_541\Debug\main.o
 .debug_aranges
                0x00000020       0x50 .\CortexM3\ARM_GCC_541\Debug\dot_matrix.o
 .debug_aranges
                0x00000070       0x50 .\CortexM3\ARM_GCC_541\Debug\cyfitter_cfg.o
 .debug_aranges
                0x000000c0       0x18 .\CortexM3\ARM_GCC_541\Debug\cymetadata.o
 .debug_aranges
                0x000000d8       0x48 .\CortexM3\ARM_GCC_541\Debug\Cm3Start.o
 .debug_aranges
                0x00000120      0x2a0 .\CortexM3\ARM_GCC_541\Debug\GPIO.a(CyLib.o)
 .debug_aranges
                0x000003c0       0x98 .\CortexM3\ARM_GCC_541\Debug\GPIO.a(cyPm.o)
 .debug_aranges
                0x00000458       0x38 .\CortexM3\ARM_GCC_541\Debug\GPIO.a(Pin_Col1.o)
 .debug_aranges
                0x00000490       0x38 .\CortexM3\ARM_GCC_541\Debug\GPIO.a(Pin_Col2.o)
 .debug_aranges
                0x000004c8       0x38 .\CortexM3\ARM_GCC_541\Debug\GPIO.a(Pin_Col3.o)
 .debug_aranges
                0x00000500       0x38 .\CortexM3\ARM_GCC_541\Debug\GPIO.a(Pin_Col4.o)
 .debug_aranges
                0x00000538       0x38 .\CortexM3\ARM_GCC_541\Debug\GPIO.a(Pin_Col5.o)
 .debug_aranges
                0x00000570       0x38 .\CortexM3\ARM_GCC_541\Debug\GPIO.a(Pin_Col6.o)
 .debug_aranges
                0x000005a8       0x38 .\CortexM3\ARM_GCC_541\Debug\GPIO.a(Pin_Col7.o)
 .debug_aranges
                0x000005e0       0x38 .\CortexM3\ARM_GCC_541\Debug\GPIO.a(Pin_Col8.o)
 .debug_aranges
                0x00000618       0x38 .\CortexM3\ARM_GCC_541\Debug\GPIO.a(Pin_Row1.o)
 .debug_aranges
                0x00000650       0x38 .\CortexM3\ARM_GCC_541\Debug\GPIO.a(Pin_Row2.o)
 .debug_aranges
                0x00000688       0x38 .\CortexM3\ARM_GCC_541\Debug\GPIO.a(Pin_Row3.o)
 .debug_aranges
                0x000006c0       0x38 .\CortexM3\ARM_GCC_541\Debug\GPIO.a(Pin_Row4.o)
 .debug_aranges
                0x000006f8       0x38 .\CortexM3\ARM_GCC_541\Debug\GPIO.a(Pin_Row5.o)
 .debug_aranges
                0x00000730       0x38 .\CortexM3\ARM_GCC_541\Debug\GPIO.a(Pin_Row7.o)
 .debug_aranges
                0x00000768       0x38 .\CortexM3\ARM_GCC_541\Debug\GPIO.a(Pin_Row6.o)
 .debug_aranges
                0x000007a0       0x38 .\CortexM3\ARM_GCC_541\Debug\GPIO.a(Pin_Row8.o)
 .debug_aranges
                0x000007d8       0x20 .\CortexM3\ARM_GCC_541\Debug\GPIO.a(CyBootAsmGnu.o)
 .debug_aranges
                0x000007f8       0x88 .\CortexM3\ARM_GCC_541\Debug\GPIO.a(CyFlash.o)
 .debug_aranges
                0x00000880       0x80 .\CortexM3\ARM_GCC_541\Debug\GPIO.a(CySpc.o)

.debug_pubnames
 *(.debug_pubnames)

.debug_info     0x00000000     0x4a27
 *(.debug_info .gnu.linkonce.wi.*)
 .debug_info    0x00000000      0x124 .\CortexM3\ARM_GCC_541\Debug\main.o
 .debug_info    0x00000124      0x456 .\CortexM3\ARM_GCC_541\Debug\dot_matrix.o
 .debug_info    0x0000057a      0x41b .\CortexM3\ARM_GCC_541\Debug\cyfitter_cfg.o
 .debug_info    0x00000995      0x134 .\CortexM3\ARM_GCC_541\Debug\cymetadata.o
 .debug_info    0x00000ac9      0x3bb .\CortexM3\ARM_GCC_541\Debug\Cm3Start.o
 .debug_info    0x00000e84     0x1374 .\CortexM3\ARM_GCC_541\Debug\GPIO.a(CyLib.o)
 .debug_info    0x000021f8      0xa2a .\CortexM3\ARM_GCC_541\Debug\GPIO.a(cyPm.o)
 .debug_info    0x00002c22      0x11f .\CortexM3\ARM_GCC_541\Debug\GPIO.a(Pin_Col1.o)
 .debug_info    0x00002d41      0x11f .\CortexM3\ARM_GCC_541\Debug\GPIO.a(Pin_Col2.o)
 .debug_info    0x00002e60      0x11f .\CortexM3\ARM_GCC_541\Debug\GPIO.a(Pin_Col3.o)
 .debug_info    0x00002f7f      0x11f .\CortexM3\ARM_GCC_541\Debug\GPIO.a(Pin_Col4.o)
 .debug_info    0x0000309e      0x11f .\CortexM3\ARM_GCC_541\Debug\GPIO.a(Pin_Col5.o)
 .debug_info    0x000031bd      0x11f .\CortexM3\ARM_GCC_541\Debug\GPIO.a(Pin_Col6.o)
 .debug_info    0x000032dc      0x11f .\CortexM3\ARM_GCC_541\Debug\GPIO.a(Pin_Col7.o)
 .debug_info    0x000033fb      0x11f .\CortexM3\ARM_GCC_541\Debug\GPIO.a(Pin_Col8.o)
 .debug_info    0x0000351a      0x11f .\CortexM3\ARM_GCC_541\Debug\GPIO.a(Pin_Row1.o)
 .debug_info    0x00003639      0x11f .\CortexM3\ARM_GCC_541\Debug\GPIO.a(Pin_Row2.o)
 .debug_info    0x00003758      0x11f .\CortexM3\ARM_GCC_541\Debug\GPIO.a(Pin_Row3.o)
 .debug_info    0x00003877      0x11f .\CortexM3\ARM_GCC_541\Debug\GPIO.a(Pin_Row4.o)
 .debug_info    0x00003996      0x11f .\CortexM3\ARM_GCC_541\Debug\GPIO.a(Pin_Row5.o)
 .debug_info    0x00003ab5      0x11f .\CortexM3\ARM_GCC_541\Debug\GPIO.a(Pin_Row7.o)
 .debug_info    0x00003bd4      0x11f .\CortexM3\ARM_GCC_541\Debug\GPIO.a(Pin_Row6.o)
 .debug_info    0x00003cf3      0x11f .\CortexM3\ARM_GCC_541\Debug\GPIO.a(Pin_Row8.o)
 .debug_info    0x00003e12       0x78 .\CortexM3\ARM_GCC_541\Debug\GPIO.a(CyBootAsmGnu.o)
 .debug_info    0x00003e8a      0x64d .\CortexM3\ARM_GCC_541\Debug\GPIO.a(CyFlash.o)
 .debug_info    0x000044d7      0x550 .\CortexM3\ARM_GCC_541\Debug\GPIO.a(CySpc.o)

.debug_abbrev   0x00000000     0x16aa
 *(.debug_abbrev)
 .debug_abbrev  0x00000000       0xa2 .\CortexM3\ARM_GCC_541\Debug\main.o
 .debug_abbrev  0x000000a2      0x1c9 .\CortexM3\ARM_GCC_541\Debug\dot_matrix.o
 .debug_abbrev  0x0000026b      0x1ac .\CortexM3\ARM_GCC_541\Debug\cyfitter_cfg.o
 .debug_abbrev  0x00000417       0x5d .\CortexM3\ARM_GCC_541\Debug\cymetadata.o
 .debug_abbrev  0x00000474      0x1e8 .\CortexM3\ARM_GCC_541\Debug\Cm3Start.o
 .debug_abbrev  0x0000065c      0x254 .\CortexM3\ARM_GCC_541\Debug\GPIO.a(CyLib.o)
 .debug_abbrev  0x000008b0      0x1ab .\CortexM3\ARM_GCC_541\Debug\GPIO.a(cyPm.o)
 .debug_abbrev  0x00000a5b       0x90 .\CortexM3\ARM_GCC_541\Debug\GPIO.a(Pin_Col1.o)
 .debug_abbrev  0x00000aeb       0x90 .\CortexM3\ARM_GCC_541\Debug\GPIO.a(Pin_Col2.o)
 .debug_abbrev  0x00000b7b       0x90 .\CortexM3\ARM_GCC_541\Debug\GPIO.a(Pin_Col3.o)
 .debug_abbrev  0x00000c0b       0x90 .\CortexM3\ARM_GCC_541\Debug\GPIO.a(Pin_Col4.o)
 .debug_abbrev  0x00000c9b       0x90 .\CortexM3\ARM_GCC_541\Debug\GPIO.a(Pin_Col5.o)
 .debug_abbrev  0x00000d2b       0x90 .\CortexM3\ARM_GCC_541\Debug\GPIO.a(Pin_Col6.o)
 .debug_abbrev  0x00000dbb       0x90 .\CortexM3\ARM_GCC_541\Debug\GPIO.a(Pin_Col7.o)
 .debug_abbrev  0x00000e4b       0x90 .\CortexM3\ARM_GCC_541\Debug\GPIO.a(Pin_Col8.o)
 .debug_abbrev  0x00000edb       0x90 .\CortexM3\ARM_GCC_541\Debug\GPIO.a(Pin_Row1.o)
 .debug_abbrev  0x00000f6b       0x90 .\CortexM3\ARM_GCC_541\Debug\GPIO.a(Pin_Row2.o)
 .debug_abbrev  0x00000ffb       0x90 .\CortexM3\ARM_GCC_541\Debug\GPIO.a(Pin_Row3.o)
 .debug_abbrev  0x0000108b       0x90 .\CortexM3\ARM_GCC_541\Debug\GPIO.a(Pin_Row4.o)
 .debug_abbrev  0x0000111b       0x90 .\CortexM3\ARM_GCC_541\Debug\GPIO.a(Pin_Row5.o)
 .debug_abbrev  0x000011ab       0x90 .\CortexM3\ARM_GCC_541\Debug\GPIO.a(Pin_Row7.o)
 .debug_abbrev  0x0000123b       0x90 .\CortexM3\ARM_GCC_541\Debug\GPIO.a(Pin_Row6.o)
 .debug_abbrev  0x000012cb       0x90 .\CortexM3\ARM_GCC_541\Debug\GPIO.a(Pin_Row8.o)
 .debug_abbrev  0x0000135b       0x14 .\CortexM3\ARM_GCC_541\Debug\GPIO.a(CyBootAsmGnu.o)
 .debug_abbrev  0x0000136f      0x1a7 .\CortexM3\ARM_GCC_541\Debug\GPIO.a(CyFlash.o)
 .debug_abbrev  0x00001516      0x194 .\CortexM3\ARM_GCC_541\Debug\GPIO.a(CySpc.o)

.debug_line     0x00000000     0x2284
 *(.debug_line)
 .debug_line    0x00000000      0x16f .\CortexM3\ARM_GCC_541\Debug\main.o
 .debug_line    0x0000016f      0x24c .\CortexM3\ARM_GCC_541\Debug\dot_matrix.o
 .debug_line    0x000003bb      0x1a7 .\CortexM3\ARM_GCC_541\Debug\cyfitter_cfg.o
 .debug_line    0x00000562      0x141 .\CortexM3\ARM_GCC_541\Debug\cymetadata.o
 .debug_line    0x000006a3      0x234 .\CortexM3\ARM_GCC_541\Debug\Cm3Start.o
 .debug_line    0x000008d7      0x816 .\CortexM3\ARM_GCC_541\Debug\GPIO.a(CyLib.o)
 .debug_line    0x000010ed      0x367 .\CortexM3\ARM_GCC_541\Debug\GPIO.a(cyPm.o)
 .debug_line    0x00001454       0x95 .\CortexM3\ARM_GCC_541\Debug\GPIO.a(Pin_Col1.o)
 .debug_line    0x000014e9       0x95 .\CortexM3\ARM_GCC_541\Debug\GPIO.a(Pin_Col2.o)
 .debug_line    0x0000157e       0x95 .\CortexM3\ARM_GCC_541\Debug\GPIO.a(Pin_Col3.o)
 .debug_line    0x00001613       0x95 .\CortexM3\ARM_GCC_541\Debug\GPIO.a(Pin_Col4.o)
 .debug_line    0x000016a8       0x95 .\CortexM3\ARM_GCC_541\Debug\GPIO.a(Pin_Col5.o)
 .debug_line    0x0000173d       0x95 .\CortexM3\ARM_GCC_541\Debug\GPIO.a(Pin_Col6.o)
 .debug_line    0x000017d2       0x95 .\CortexM3\ARM_GCC_541\Debug\GPIO.a(Pin_Col7.o)
 .debug_line    0x00001867       0x95 .\CortexM3\ARM_GCC_541\Debug\GPIO.a(Pin_Col8.o)
 .debug_line    0x000018fc       0x95 .\CortexM3\ARM_GCC_541\Debug\GPIO.a(Pin_Row1.o)
 .debug_line    0x00001991       0x95 .\CortexM3\ARM_GCC_541\Debug\GPIO.a(Pin_Row2.o)
 .debug_line    0x00001a26       0x95 .\CortexM3\ARM_GCC_541\Debug\GPIO.a(Pin_Row3.o)
 .debug_line    0x00001abb       0x95 .\CortexM3\ARM_GCC_541\Debug\GPIO.a(Pin_Row4.o)
 .debug_line    0x00001b50       0x95 .\CortexM3\ARM_GCC_541\Debug\GPIO.a(Pin_Row5.o)
 .debug_line    0x00001be5       0x95 .\CortexM3\ARM_GCC_541\Debug\GPIO.a(Pin_Row7.o)
 .debug_line    0x00001c7a       0x95 .\CortexM3\ARM_GCC_541\Debug\GPIO.a(Pin_Row6.o)
 .debug_line    0x00001d0f       0x95 .\CortexM3\ARM_GCC_541\Debug\GPIO.a(Pin_Row8.o)
 .debug_line    0x00001da4       0x66 .\CortexM3\ARM_GCC_541\Debug\GPIO.a(CyBootAsmGnu.o)
 .debug_line    0x00001e0a      0x21a .\CortexM3\ARM_GCC_541\Debug\GPIO.a(CyFlash.o)
 .debug_line    0x00002024      0x260 .\CortexM3\ARM_GCC_541\Debug\GPIO.a(CySpc.o)

.debug_frame    0x00000000     0x1470
 *(.debug_frame)
 .debug_frame   0x00000000       0x2c .\CortexM3\ARM_GCC_541\Debug\main.o
 .debug_frame   0x0000002c       0xd4 .\CortexM3\ARM_GCC_541\Debug\dot_matrix.o
 .debug_frame   0x00000100       0xb8 .\CortexM3\ARM_GCC_541\Debug\cyfitter_cfg.o
 .debug_frame   0x000001b8       0xb8 .\CortexM3\ARM_GCC_541\Debug\Cm3Start.o
 .debug_frame   0x00000270      0x738 .\CortexM3\ARM_GCC_541\Debug\GPIO.a(CyLib.o)
 .debug_frame   0x000009a8      0x1f8 .\CortexM3\ARM_GCC_541\Debug\GPIO.a(cyPm.o)
 .debug_frame   0x00000ba0       0x50 .\CortexM3\ARM_GCC_541\Debug\GPIO.a(Pin_Col1.o)
 .debug_frame   0x00000bf0       0x50 .\CortexM3\ARM_GCC_541\Debug\GPIO.a(Pin_Col2.o)
 .debug_frame   0x00000c40       0x50 .\CortexM3\ARM_GCC_541\Debug\GPIO.a(Pin_Col3.o)
 .debug_frame   0x00000c90       0x50 .\CortexM3\ARM_GCC_541\Debug\GPIO.a(Pin_Col4.o)
 .debug_frame   0x00000ce0       0x50 .\CortexM3\ARM_GCC_541\Debug\GPIO.a(Pin_Col5.o)
 .debug_frame   0x00000d30       0x50 .\CortexM3\ARM_GCC_541\Debug\GPIO.a(Pin_Col6.o)
 .debug_frame   0x00000d80       0x50 .\CortexM3\ARM_GCC_541\Debug\GPIO.a(Pin_Col7.o)
 .debug_frame   0x00000dd0       0x50 .\CortexM3\ARM_GCC_541\Debug\GPIO.a(Pin_Col8.o)
 .debug_frame   0x00000e20       0x50 .\CortexM3\ARM_GCC_541\Debug\GPIO.a(Pin_Row1.o)
 .debug_frame   0x00000e70       0x50 .\CortexM3\ARM_GCC_541\Debug\GPIO.a(Pin_Row2.o)
 .debug_frame   0x00000ec0       0x50 .\CortexM3\ARM_GCC_541\Debug\GPIO.a(Pin_Row3.o)
 .debug_frame   0x00000f10       0x50 .\CortexM3\ARM_GCC_541\Debug\GPIO.a(Pin_Row4.o)
 .debug_frame   0x00000f60       0x50 .\CortexM3\ARM_GCC_541\Debug\GPIO.a(Pin_Row5.o)
 .debug_frame   0x00000fb0       0x50 .\CortexM3\ARM_GCC_541\Debug\GPIO.a(Pin_Row7.o)
 .debug_frame   0x00001000       0x50 .\CortexM3\ARM_GCC_541\Debug\GPIO.a(Pin_Row6.o)
 .debug_frame   0x00001050       0x50 .\CortexM3\ARM_GCC_541\Debug\GPIO.a(Pin_Row8.o)
 .debug_frame   0x000010a0      0x194 .\CortexM3\ARM_GCC_541\Debug\GPIO.a(CyFlash.o)
 .debug_frame   0x00001234      0x180 .\CortexM3\ARM_GCC_541\Debug\GPIO.a(CySpc.o)
 .debug_frame   0x000013b4       0x20 c:/program files (x86)/cypress/psoc creator/4.4/psoc creator/import/gnu/arm/5.4.1/bin/../lib/gcc/arm-none-eabi/5.4.1/../../../../arm-none-eabi/lib/armv7-m\libg_nano.a(lib_a-errno.o)
 .debug_frame   0x000013d4       0x28 c:/program files (x86)/cypress/psoc creator/4.4/psoc creator/import/gnu/arm/5.4.1/bin/../lib/gcc/arm-none-eabi/5.4.1/../../../../arm-none-eabi/lib/armv7-m\libg_nano.a(lib_a-exit.o)
 .debug_frame   0x000013fc       0x2c c:/program files (x86)/cypress/psoc creator/4.4/psoc creator/import/gnu/arm/5.4.1/bin/../lib/gcc/arm-none-eabi/5.4.1/../../../../arm-none-eabi/lib/armv7-m\libg_nano.a(lib_a-init.o)
 .debug_frame   0x00001428       0x28 c:/program files (x86)/cypress/psoc creator/4.4/psoc creator/import/gnu/arm/5.4.1/bin/../lib/gcc/arm-none-eabi/5.4.1/../../../../arm-none-eabi/lib/armv7-m\libg_nano.a(lib_a-memcpy-stub.o)
 .debug_frame   0x00001450       0x20 c:/program files (x86)/cypress/psoc creator/4.4/psoc creator/import/gnu/arm/5.4.1/bin/../lib/gcc/arm-none-eabi/5.4.1/../../../../arm-none-eabi/lib/armv7-m\libg_nano.a(lib_a-memset.o)

.debug_str      0x00000000     0x19fc
 *(.debug_str)
 .debug_str     0x00000000      0x175 .\CortexM3\ARM_GCC_541\Debug\main.o
                                0x1c6 (size before relaxing)
 .debug_str     0x00000175       0xa4 .\CortexM3\ARM_GCC_541\Debug\dot_matrix.o
                                0x24e (size before relaxing)
 .debug_str     0x00000219      0x15a .\CortexM3\ARM_GCC_541\Debug\cyfitter_cfg.o
                                0x2a0 (size before relaxing)
 .debug_str     0x00000373       0x75 .\CortexM3\ARM_GCC_541\Debug\cymetadata.o
                                0x1cc (size before relaxing)
 .debug_str     0x000003e8      0x14a .\CortexM3\ARM_GCC_541\Debug\Cm3Start.o
                                0x2f2 (size before relaxing)
 .debug_str     0x00000532      0x84c .\CortexM3\ARM_GCC_541\Debug\GPIO.a(CyLib.o)
                                0xa2f (size before relaxing)
 .debug_str     0x00000d7e      0x365 .\CortexM3\ARM_GCC_541\Debug\GPIO.a(cyPm.o)
                                0x71b (size before relaxing)
 .debug_str     0x000010e3       0x75 .\CortexM3\ARM_GCC_541\Debug\GPIO.a(Pin_Col1.o)
                                0x1d9 (size before relaxing)
 .debug_str     0x00001158       0x6a .\CortexM3\ARM_GCC_541\Debug\GPIO.a(Pin_Col2.o)
                                0x1d9 (size before relaxing)
 .debug_str     0x000011c2       0x6a .\CortexM3\ARM_GCC_541\Debug\GPIO.a(Pin_Col3.o)
                                0x1d9 (size before relaxing)
 .debug_str     0x0000122c       0x6a .\CortexM3\ARM_GCC_541\Debug\GPIO.a(Pin_Col4.o)
                                0x1d9 (size before relaxing)
 .debug_str     0x00001296       0x6a .\CortexM3\ARM_GCC_541\Debug\GPIO.a(Pin_Col5.o)
                                0x1d9 (size before relaxing)
 .debug_str     0x00001300       0x6a .\CortexM3\ARM_GCC_541\Debug\GPIO.a(Pin_Col6.o)
                                0x1d9 (size before relaxing)
 .debug_str     0x0000136a       0x6a .\CortexM3\ARM_GCC_541\Debug\GPIO.a(Pin_Col7.o)
                                0x1d9 (size before relaxing)
 .debug_str     0x000013d4       0x6a .\CortexM3\ARM_GCC_541\Debug\GPIO.a(Pin_Col8.o)
                                0x1d9 (size before relaxing)
 .debug_str     0x0000143e       0x6a .\CortexM3\ARM_GCC_541\Debug\GPIO.a(Pin_Row1.o)
                                0x1d9 (size before relaxing)
 .debug_str     0x000014a8       0x6a .\CortexM3\ARM_GCC_541\Debug\GPIO.a(Pin_Row2.o)
                                0x1d9 (size before relaxing)
 .debug_str     0x00001512       0x6a .\CortexM3\ARM_GCC_541\Debug\GPIO.a(Pin_Row3.o)
                                0x1d9 (size before relaxing)
 .debug_str     0x0000157c       0x6a .\CortexM3\ARM_GCC_541\Debug\GPIO.a(Pin_Row4.o)
                                0x1d9 (size before relaxing)
 .debug_str     0x000015e6       0x6a .\CortexM3\ARM_GCC_541\Debug\GPIO.a(Pin_Row5.o)
                                0x1d9 (size before relaxing)
 .debug_str     0x00001650       0x6a .\CortexM3\ARM_GCC_541\Debug\GPIO.a(Pin_Row7.o)
                                0x1d9 (size before relaxing)
 .debug_str     0x000016ba       0x6a .\CortexM3\ARM_GCC_541\Debug\GPIO.a(Pin_Row6.o)
                                0x1d9 (size before relaxing)
 .debug_str     0x00001724       0x6a .\CortexM3\ARM_GCC_541\Debug\GPIO.a(Pin_Row8.o)
                                0x1d9 (size before relaxing)
 .debug_str     0x0000178e      0x1bb .\CortexM3\ARM_GCC_541\Debug\GPIO.a(CyFlash.o)
                                0x3a8 (size before relaxing)
 .debug_str     0x00001949       0xb3 .\CortexM3\ARM_GCC_541\Debug\GPIO.a(CySpc.o)
                                0x320 (size before relaxing)

.debug_loc      0x00000000     0x1ea2
 *(.debug_loc)
 .debug_loc     0x00000000      0x12a .\CortexM3\ARM_GCC_541\Debug\dot_matrix.o
 .debug_loc     0x0000012a      0x168 .\CortexM3\ARM_GCC_541\Debug\cyfitter_cfg.o
 .debug_loc     0x00000292      0x144 .\CortexM3\ARM_GCC_541\Debug\Cm3Start.o
 .debug_loc     0x000003d6      0xa11 .\CortexM3\ARM_GCC_541\Debug\GPIO.a(CyLib.o)
 .debug_loc     0x00000de7      0x1e4 .\CortexM3\ARM_GCC_541\Debug\GPIO.a(cyPm.o)
 .debug_loc     0x00000fcb       0x42 .\CortexM3\ARM_GCC_541\Debug\GPIO.a(Pin_Col1.o)
 .debug_loc     0x0000100d       0x42 .\CortexM3\ARM_GCC_541\Debug\GPIO.a(Pin_Col2.o)
 .debug_loc     0x0000104f       0x42 .\CortexM3\ARM_GCC_541\Debug\GPIO.a(Pin_Col3.o)
 .debug_loc     0x00001091       0x42 .\CortexM3\ARM_GCC_541\Debug\GPIO.a(Pin_Col4.o)
 .debug_loc     0x000010d3       0x42 .\CortexM3\ARM_GCC_541\Debug\GPIO.a(Pin_Col5.o)
 .debug_loc     0x00001115       0x42 .\CortexM3\ARM_GCC_541\Debug\GPIO.a(Pin_Col6.o)
 .debug_loc     0x00001157       0x42 .\CortexM3\ARM_GCC_541\Debug\GPIO.a(Pin_Col7.o)
 .debug_loc     0x00001199       0x42 .\CortexM3\ARM_GCC_541\Debug\GPIO.a(Pin_Col8.o)
 .debug_loc     0x000011db       0x42 .\CortexM3\ARM_GCC_541\Debug\GPIO.a(Pin_Row1.o)
 .debug_loc     0x0000121d       0x42 .\CortexM3\ARM_GCC_541\Debug\GPIO.a(Pin_Row2.o)
 .debug_loc     0x0000125f       0x42 .\CortexM3\ARM_GCC_541\Debug\GPIO.a(Pin_Row3.o)
 .debug_loc     0x000012a1       0x42 .\CortexM3\ARM_GCC_541\Debug\GPIO.a(Pin_Row4.o)
 .debug_loc     0x000012e3       0x42 .\CortexM3\ARM_GCC_541\Debug\GPIO.a(Pin_Row5.o)
 .debug_loc     0x00001325       0x42 .\CortexM3\ARM_GCC_541\Debug\GPIO.a(Pin_Row7.o)
 .debug_loc     0x00001367       0x42 .\CortexM3\ARM_GCC_541\Debug\GPIO.a(Pin_Row6.o)
 .debug_loc     0x000013a9       0x42 .\CortexM3\ARM_GCC_541\Debug\GPIO.a(Pin_Row8.o)
 .debug_loc     0x000013eb      0x3b2 .\CortexM3\ARM_GCC_541\Debug\GPIO.a(CyFlash.o)
 .debug_loc     0x0000179d      0x705 .\CortexM3\ARM_GCC_541\Debug\GPIO.a(CySpc.o)

.debug_macinfo
 *(.debug_macinfo)

.debug_ranges   0x00000000      0x748
 *(.debug_ranges)
 .debug_ranges  0x00000000       0x10 .\CortexM3\ARM_GCC_541\Debug\main.o
 .debug_ranges  0x00000010       0x40 .\CortexM3\ARM_GCC_541\Debug\dot_matrix.o
 .debug_ranges  0x00000050       0x40 .\CortexM3\ARM_GCC_541\Debug\cyfitter_cfg.o
 .debug_ranges  0x00000090       0x38 .\CortexM3\ARM_GCC_541\Debug\Cm3Start.o
 .debug_ranges  0x000000c8      0x290 .\CortexM3\ARM_GCC_541\Debug\GPIO.a(CyLib.o)
 .debug_ranges  0x00000358       0x88 .\CortexM3\ARM_GCC_541\Debug\GPIO.a(cyPm.o)
 .debug_ranges  0x000003e0       0x28 .\CortexM3\ARM_GCC_541\Debug\GPIO.a(Pin_Col1.o)
 .debug_ranges  0x00000408       0x28 .\CortexM3\ARM_GCC_541\Debug\GPIO.a(Pin_Col2.o)
 .debug_ranges  0x00000430       0x28 .\CortexM3\ARM_GCC_541\Debug\GPIO.a(Pin_Col3.o)
 .debug_ranges  0x00000458       0x28 .\CortexM3\ARM_GCC_541\Debug\GPIO.a(Pin_Col4.o)
 .debug_ranges  0x00000480       0x28 .\CortexM3\ARM_GCC_541\Debug\GPIO.a(Pin_Col5.o)
 .debug_ranges  0x000004a8       0x28 .\CortexM3\ARM_GCC_541\Debug\GPIO.a(Pin_Col6.o)
 .debug_ranges  0x000004d0       0x28 .\CortexM3\ARM_GCC_541\Debug\GPIO.a(Pin_Col7.o)
 .debug_ranges  0x000004f8       0x28 .\CortexM3\ARM_GCC_541\Debug\GPIO.a(Pin_Col8.o)
 .debug_ranges  0x00000520       0x28 .\CortexM3\ARM_GCC_541\Debug\GPIO.a(Pin_Row1.o)
 .debug_ranges  0x00000548       0x28 .\CortexM3\ARM_GCC_541\Debug\GPIO.a(Pin_Row2.o)
 .debug_ranges  0x00000570       0x28 .\CortexM3\ARM_GCC_541\Debug\GPIO.a(Pin_Row3.o)
 .debug_ranges  0x00000598       0x28 .\CortexM3\ARM_GCC_541\Debug\GPIO.a(Pin_Row4.o)
 .debug_ranges  0x000005c0       0x28 .\CortexM3\ARM_GCC_541\Debug\GPIO.a(Pin_Row5.o)
 .debug_ranges  0x000005e8       0x28 .\CortexM3\ARM_GCC_541\Debug\GPIO.a(Pin_Row7.o)
 .debug_ranges  0x00000610       0x28 .\CortexM3\ARM_GCC_541\Debug\GPIO.a(Pin_Row6.o)
 .debug_ranges  0x00000638       0x28 .\CortexM3\ARM_GCC_541\Debug\GPIO.a(Pin_Row8.o)
 .debug_ranges  0x00000660       0x78 .\CortexM3\ARM_GCC_541\Debug\GPIO.a(CyFlash.o)
 .debug_ranges  0x000006d8       0x70 .\CortexM3\ARM_GCC_541\Debug\GPIO.a(CySpc.o)

.comment        0x00000000       0x6e
 .comment       0x00000000       0x6e .\CortexM3\ARM_GCC_541\Debug\main.o
                                 0x6f (size before relaxing)
 .comment       0x0000006e       0x6f .\CortexM3\ARM_GCC_541\Debug\dot_matrix.o
 .comment       0x0000006e       0x6f .\CortexM3\ARM_GCC_541\Debug\cyfitter_cfg.o
 .comment       0x0000006e       0x6f .\CortexM3\ARM_GCC_541\Debug\cymetadata.o
 .comment       0x0000006e       0x6f .\CortexM3\ARM_GCC_541\Debug\Cm3Start.o
 .comment       0x0000006e       0x6f .\CortexM3\ARM_GCC_541\Debug\GPIO.a(CyLib.o)
 .comment       0x0000006e       0x6f .\CortexM3\ARM_GCC_541\Debug\GPIO.a(cyPm.o)
 .comment       0x0000006e       0x6f .\CortexM3\ARM_GCC_541\Debug\GPIO.a(Pin_Col1.o)
 .comment       0x0000006e       0x6f .\CortexM3\ARM_GCC_541\Debug\GPIO.a(Pin_Col2.o)
 .comment       0x0000006e       0x6f .\CortexM3\ARM_GCC_541\Debug\GPIO.a(Pin_Col3.o)
 .comment       0x0000006e       0x6f .\CortexM3\ARM_GCC_541\Debug\GPIO.a(Pin_Col4.o)
 .comment       0x0000006e       0x6f .\CortexM3\ARM_GCC_541\Debug\GPIO.a(Pin_Col5.o)
 .comment       0x0000006e       0x6f .\CortexM3\ARM_GCC_541\Debug\GPIO.a(Pin_Col6.o)
 .comment       0x0000006e       0x6f .\CortexM3\ARM_GCC_541\Debug\GPIO.a(Pin_Col7.o)
 .comment       0x0000006e       0x6f .\CortexM3\ARM_GCC_541\Debug\GPIO.a(Pin_Col8.o)
 .comment       0x0000006e       0x6f .\CortexM3\ARM_GCC_541\Debug\GPIO.a(Pin_Row1.o)
 .comment       0x0000006e       0x6f .\CortexM3\ARM_GCC_541\Debug\GPIO.a(Pin_Row2.o)
 .comment       0x0000006e       0x6f .\CortexM3\ARM_GCC_541\Debug\GPIO.a(Pin_Row3.o)
 .comment       0x0000006e       0x6f .\CortexM3\ARM_GCC_541\Debug\GPIO.a(Pin_Row4.o)
 .comment       0x0000006e       0x6f .\CortexM3\ARM_GCC_541\Debug\GPIO.a(Pin_Row5.o)
 .comment       0x0000006e       0x6f .\CortexM3\ARM_GCC_541\Debug\GPIO.a(Pin_Row7.o)
 .comment       0x0000006e       0x6f .\CortexM3\ARM_GCC_541\Debug\GPIO.a(Pin_Row6.o)
 .comment       0x0000006e       0x6f .\CortexM3\ARM_GCC_541\Debug\GPIO.a(Pin_Row8.o)
 .comment       0x0000006e       0x6f .\CortexM3\ARM_GCC_541\Debug\GPIO.a(CyFlash.o)
 .comment       0x0000006e       0x6f .\CortexM3\ARM_GCC_541\Debug\GPIO.a(CySpc.o)

.debug_weaknames
 *(.debug_weaknames)

.debug_funcnames
 *(.debug_funcnames)

.debug_typenames
 *(.debug_typenames)

.debug_varnames
 *(.debug_varnames)

.note.gnu.arm.ident
 *(.note.gnu.arm.ident)

.ARM.attributes
                0x00000000       0x29
 *(.ARM.attributes)
 .ARM.attributes
                0x00000000       0x1d c:/program files (x86)/cypress/psoc creator/4.4/psoc creator/import/gnu/arm/5.4.1/bin/../lib/gcc/arm-none-eabi/5.4.1/armv7-m/crti.o
 .ARM.attributes
                0x0000001d       0x2d c:/program files (x86)/cypress/psoc creator/4.4/psoc creator/import/gnu/arm/5.4.1/bin/../lib/gcc/arm-none-eabi/5.4.1/armv7-m/crtbegin.o
 .ARM.attributes
                0x0000004a       0x1b c:/program files (x86)/cypress/psoc creator/4.4/psoc creator/import/gnu/arm/5.4.1/bin/../lib/gcc/arm-none-eabi/5.4.1/../../../../arm-none-eabi/lib/armv7-m/crt0.o
 .ARM.attributes
                0x00000065       0x33 .\CortexM3\ARM_GCC_541\Debug\main.o
 .ARM.attributes
                0x00000098       0x33 .\CortexM3\ARM_GCC_541\Debug\dot_matrix.o
 .ARM.attributes
                0x000000cb       0x33 .\CortexM3\ARM_GCC_541\Debug\cyfitter_cfg.o
 .ARM.attributes
                0x000000fe       0x33 .\CortexM3\ARM_GCC_541\Debug\cymetadata.o
 .ARM.attributes
                0x00000131       0x33 .\CortexM3\ARM_GCC_541\Debug\Cm3Start.o
 .ARM.attributes
                0x00000164       0x33 .\CortexM3\ARM_GCC_541\Debug\GPIO.a(CyLib.o)
 .ARM.attributes
                0x00000197       0x33 .\CortexM3\ARM_GCC_541\Debug\GPIO.a(cyPm.o)
 .ARM.attributes
                0x000001ca       0x33 .\CortexM3\ARM_GCC_541\Debug\GPIO.a(Pin_Col1.o)
 .ARM.attributes
                0x000001fd       0x33 .\CortexM3\ARM_GCC_541\Debug\GPIO.a(Pin_Col2.o)
 .ARM.attributes
                0x00000230       0x33 .\CortexM3\ARM_GCC_541\Debug\GPIO.a(Pin_Col3.o)
 .ARM.attributes
                0x00000263       0x33 .\CortexM3\ARM_GCC_541\Debug\GPIO.a(Pin_Col4.o)
 .ARM.attributes
                0x00000296       0x33 .\CortexM3\ARM_GCC_541\Debug\GPIO.a(Pin_Col5.o)
 .ARM.attributes
                0x000002c9       0x33 .\CortexM3\ARM_GCC_541\Debug\GPIO.a(Pin_Col6.o)
 .ARM.attributes
                0x000002fc       0x33 .\CortexM3\ARM_GCC_541\Debug\GPIO.a(Pin_Col7.o)
 .ARM.attributes
                0x0000032f       0x33 .\CortexM3\ARM_GCC_541\Debug\GPIO.a(Pin_Col8.o)
 .ARM.attributes
                0x00000362       0x33 .\CortexM3\ARM_GCC_541\Debug\GPIO.a(Pin_Row1.o)
 .ARM.attributes
                0x00000395       0x33 .\CortexM3\ARM_GCC_541\Debug\GPIO.a(Pin_Row2.o)
 .ARM.attributes
                0x000003c8       0x33 .\CortexM3\ARM_GCC_541\Debug\GPIO.a(Pin_Row3.o)
 .ARM.attributes
                0x000003fb       0x33 .\CortexM3\ARM_GCC_541\Debug\GPIO.a(Pin_Row4.o)
 .ARM.attributes
                0x0000042e       0x33 .\CortexM3\ARM_GCC_541\Debug\GPIO.a(Pin_Row5.o)
 .ARM.attributes
                0x00000461       0x33 .\CortexM3\ARM_GCC_541\Debug\GPIO.a(Pin_Row7.o)
 .ARM.attributes
                0x00000494       0x33 .\CortexM3\ARM_GCC_541\Debug\GPIO.a(Pin_Row6.o)
 .ARM.attributes
                0x000004c7       0x33 .\CortexM3\ARM_GCC_541\Debug\GPIO.a(Pin_Row8.o)
 .ARM.attributes
                0x000004fa       0x21 .\CortexM3\ARM_GCC_541\Debug\GPIO.a(CyBootAsmGnu.o)
 .ARM.attributes
                0x0000051b       0x33 .\CortexM3\ARM_GCC_541\Debug\GPIO.a(CyFlash.o)
 .ARM.attributes
                0x0000054e       0x33 .\CortexM3\ARM_GCC_541\Debug\GPIO.a(CySpc.o)
 .ARM.attributes
                0x00000581       0x2d c:/program files (x86)/cypress/psoc creator/4.4/psoc creator/import/gnu/arm/5.4.1/bin/../lib/gcc/arm-none-eabi/5.4.1/../../../../arm-none-eabi/lib/armv7-m\libg_nano.a(lib_a-errno.o)
 .ARM.attributes
                0x000005ae       0x2d c:/program files (x86)/cypress/psoc creator/4.4/psoc creator/import/gnu/arm/5.4.1/bin/../lib/gcc/arm-none-eabi/5.4.1/../../../../arm-none-eabi/lib/armv7-m\libg_nano.a(lib_a-exit.o)
 .ARM.attributes
                0x000005db       0x2d c:/program files (x86)/cypress/psoc creator/4.4/psoc creator/import/gnu/arm/5.4.1/bin/../lib/gcc/arm-none-eabi/5.4.1/../../../../arm-none-eabi/lib/armv7-m\libg_nano.a(lib_a-impure.o)
 .ARM.attributes
                0x00000608       0x2d c:/program files (x86)/cypress/psoc creator/4.4/psoc creator/import/gnu/arm/5.4.1/bin/../lib/gcc/arm-none-eabi/5.4.1/../../../../arm-none-eabi/lib/armv7-m\libg_nano.a(lib_a-init.o)
 .ARM.attributes
                0x00000635       0x2d c:/program files (x86)/cypress/psoc creator/4.4/psoc creator/import/gnu/arm/5.4.1/bin/../lib/gcc/arm-none-eabi/5.4.1/../../../../arm-none-eabi/lib/armv7-m\libg_nano.a(lib_a-memcpy-stub.o)
 .ARM.attributes
                0x00000662       0x2d c:/program files (x86)/cypress/psoc creator/4.4/psoc creator/import/gnu/arm/5.4.1/bin/../lib/gcc/arm-none-eabi/5.4.1/../../../../arm-none-eabi/lib/armv7-m\libg_nano.a(lib_a-memset.o)
 .ARM.attributes
                0x0000068f       0x2d c:/program files (x86)/cypress/psoc creator/4.4/psoc creator/import/gnu/arm/5.4.1/bin/../lib/gcc/arm-none-eabi/5.4.1/armv7-m/crtend.o
 .ARM.attributes
                0x000006bc       0x1d c:/program files (x86)/cypress/psoc creator/4.4/psoc creator/import/gnu/arm/5.4.1/bin/../lib/gcc/arm-none-eabi/5.4.1/armv7-m/crtn.o

/DISCARD/
 *(.note.GNU-stack)
OUTPUT(D:\Source\Repos\DotMatrix\GPIO\GPIO.cydsn\CortexM3\ARM_GCC_541\Debug\GPIO.elf elf32-littlearm)
