Archive member included to satisfy reference by file (symbol)

.\CortexM3\ARM_GCC_541\Debug\Widerstandsmessung_Digital.a(P_charge.o)
                              .\CortexM3\ARM_GCC_541\Debug\main.o (P_charge_Write)
.\CortexM3\ARM_GCC_541\Debug\Widerstandsmessung_Digital.a(P_charge_ref.o)
                              .\CortexM3\ARM_GCC_541\Debug\main.o (P_charge_ref_Write)
.\CortexM3\ARM_GCC_541\Debug\Widerstandsmessung_Digital.a(P_discharge.o)
                              .\CortexM3\ARM_GCC_541\Debug\main.o (P_discharge_Write)
.\CortexM3\ARM_GCC_541\Debug\Widerstandsmessung_Digital.a(P_sense.o)
                              .\CortexM3\ARM_GCC_541\Debug\main.o (P_sense_Read)
.\CortexM3\ARM_GCC_541\Debug\Widerstandsmessung_Digital.a(CyLib.o)
                              .\CortexM3\ARM_GCC_541\Debug\Cm3Start.o (CyHalt)
.\CortexM3\ARM_GCC_541\Debug\Widerstandsmessung_Digital.a(cyPm.o)
                              .\CortexM3\ARM_GCC_541\Debug\Widerstandsmessung_Digital.a(CyLib.o) (CyPmReadStatus)
.\CortexM3\ARM_GCC_541\Debug\Widerstandsmessung_Digital.a(UART.o)
                              .\CortexM3\ARM_GCC_541\Debug\main.o (UART_Start)
.\CortexM3\ARM_GCC_541\Debug\Widerstandsmessung_Digital.a(UART_IntClock.o)
                              .\CortexM3\ARM_GCC_541\Debug\Widerstandsmessung_Digital.a(UART.o) (UART_IntClock_Start)
.\CortexM3\ARM_GCC_541\Debug\Widerstandsmessung_Digital.a(ADC_SAR.o)
                              .\CortexM3\ARM_GCC_541\Debug\main.o (ADC_SAR_IsEndConversion)
.\CortexM3\ARM_GCC_541\Debug\Widerstandsmessung_Digital.a(ADC_SAR_INT.o)
                              .\CortexM3\ARM_GCC_541\Debug\Widerstandsmessung_Digital.a(ADC_SAR.o) (ADC_SAR_ISR)
.\CortexM3\ARM_GCC_541\Debug\Widerstandsmessung_Digital.a(ADC_SAR_theACLK.o)
                              .\CortexM3\ARM_GCC_541\Debug\Widerstandsmessung_Digital.a(ADC_SAR.o) (ADC_SAR_theACLK_SetModeRegister)
.\CortexM3\ARM_GCC_541\Debug\Widerstandsmessung_Digital.a(CyBootAsmGnu.o)
                              .\CortexM3\ARM_GCC_541\Debug\cyfitter_cfg.o (CyDelayCycles)
.\CortexM3\ARM_GCC_541\Debug\Widerstandsmessung_Digital.a(CyFlash.o)
                              .\CortexM3\ARM_GCC_541\Debug\Widerstandsmessung_Digital.a(cyPm.o) (CyFlash_SetWaitCycles)
.\CortexM3\ARM_GCC_541\Debug\Widerstandsmessung_Digital.a(CySpc.o)
                              .\CortexM3\ARM_GCC_541\Debug\Widerstandsmessung_Digital.a(CyFlash.o) (CySpcStart)
c:/program files (x86)/cypress/psoc creator/4.4/psoc creator/import/gnu/arm/5.4.1/bin/../lib/gcc/arm-none-eabi/5.4.1/armv7-m\libgcc.a(_arm_addsubsf3.o)
                              .\CortexM3\ARM_GCC_541\Debug\Widerstandsmessung_Digital.a(ADC_SAR.o) (__aeabi_i2f)
c:/program files (x86)/cypress/psoc creator/4.4/psoc creator/import/gnu/arm/5.4.1/bin/../lib/gcc/arm-none-eabi/5.4.1/armv7-m\libgcc.a(_arm_muldivsf3.o)
                              .\CortexM3\ARM_GCC_541\Debug\Widerstandsmessung_Digital.a(ADC_SAR.o) (__aeabi_fmul)
c:/program files (x86)/cypress/psoc creator/4.4/psoc creator/import/gnu/arm/5.4.1/bin/../lib/gcc/arm-none-eabi/5.4.1/armv7-m\libgcc.a(_aeabi_ldivmod.o)
                              .\CortexM3\ARM_GCC_541\Debug\Widerstandsmessung_Digital.a(ADC_SAR.o) (__aeabi_ldivmod)
c:/program files (x86)/cypress/psoc creator/4.4/psoc creator/import/gnu/arm/5.4.1/bin/../lib/gcc/arm-none-eabi/5.4.1/armv7-m\libgcc.a(_udivmoddi4.o)
                              c:/program files (x86)/cypress/psoc creator/4.4/psoc creator/import/gnu/arm/5.4.1/bin/../lib/gcc/arm-none-eabi/5.4.1/armv7-m\libgcc.a(_aeabi_ldivmod.o) (__udivmoddi4)
c:/program files (x86)/cypress/psoc creator/4.4/psoc creator/import/gnu/arm/5.4.1/bin/../lib/gcc/arm-none-eabi/5.4.1/armv7-m\libgcc.a(_dvmd_tls.o)
                              c:/program files (x86)/cypress/psoc creator/4.4/psoc creator/import/gnu/arm/5.4.1/bin/../lib/gcc/arm-none-eabi/5.4.1/armv7-m\libgcc.a(_aeabi_ldivmod.o) (__aeabi_ldiv0)
c:/program files (x86)/cypress/psoc creator/4.4/psoc creator/import/gnu/arm/5.4.1/bin/../lib/gcc/arm-none-eabi/5.4.1/../../../../arm-none-eabi/lib/armv7-m\libg_nano.a(lib_a-errno.o)
                              .\CortexM3\ARM_GCC_541\Debug\Cm3Start.o (__errno)
c:/program files (x86)/cypress/psoc creator/4.4/psoc creator/import/gnu/arm/5.4.1/bin/../lib/gcc/arm-none-eabi/5.4.1/../../../../arm-none-eabi/lib/armv7-m\libg_nano.a(lib_a-exit.o)
                              c:/program files (x86)/cypress/psoc creator/4.4/psoc creator/import/gnu/arm/5.4.1/bin/../lib/gcc/arm-none-eabi/5.4.1/../../../../arm-none-eabi/lib/armv7-m/crt0.o (exit)
c:/program files (x86)/cypress/psoc creator/4.4/psoc creator/import/gnu/arm/5.4.1/bin/../lib/gcc/arm-none-eabi/5.4.1/../../../../arm-none-eabi/lib/armv7-m\libg_nano.a(lib_a-impure.o)
                              c:/program files (x86)/cypress/psoc creator/4.4/psoc creator/import/gnu/arm/5.4.1/bin/../lib/gcc/arm-none-eabi/5.4.1/../../../../arm-none-eabi/lib/armv7-m\libg_nano.a(lib_a-exit.o) (_global_impure_ptr)
[...]
Memory Configuration

Name             Origin             Length             Attributes
rom              0x00000000         0x00040000         xr
ram              0x1fff8000         0x00010000         xrw
*default*        0x00000000         0xffffffff

Linker script and memory map

LOAD c:/program files (x86)/cypress/psoc creator/4.4/psoc creator/import/gnu/arm/5.4.1/bin/../lib/gcc/arm-none-eabi/5.4.1/armv7-m/crti.o
LOAD c:/program files (x86)/cypress/psoc creator/4.4/psoc creator/import/gnu/arm/5.4.1/bin/../lib/gcc/arm-none-eabi/5.4.1/armv7-m/crtbegin.o
LOAD c:/program files (x86)/cypress/psoc creator/4.4/psoc creator/import/gnu/arm/5.4.1/bin/../lib/gcc/arm-none-eabi/5.4.1/../../../../arm-none-eabi/lib/armv7-m/crt0.o
START GROUP
LOAD .\CortexM3\ARM_GCC_541\Debug\main.o
LOAD .\CortexM3\ARM_GCC_541\Debug\cyfitter_cfg.o
LOAD .\CortexM3\ARM_GCC_541\Debug\cymetadata.o
LOAD .\CortexM3\ARM_GCC_541\Debug\Cm3Start.o
LOAD .\CortexM3\ARM_GCC_541\Debug\Widerstandsmessung_Digital.a
LOAD C:\Program Files (x86)\Cypress\PSoC Creator\4.4\PSoC Creator\psoc\content\cycomponentlibrary\CyComponentLibrary.cylib\CortexM3\ARM_GCC_541\Debug\CyComponentLibrary.a
END GROUP
START GROUP
LOAD c:/program files (x86)/cypress/psoc creator/4.4/psoc creator/import/gnu/arm/5.4.1/bin/../lib/gcc/arm-none-eabi/5.4.1/armv7-m\libgcc.a
LOAD c:/program files (x86)/cypress/psoc creator/4.4/psoc creator/import/gnu/arm/5.4.1/bin/../lib/gcc/arm-none-eabi/5.4.1/../../../../arm-none-eabi/lib/armv7-m\libg_nano.a
LOAD c:/program files (x86)/cypress/psoc creator/4.4/psoc creator/import/gnu/arm/5.4.1/bin/../lib/gcc/arm-none-eabi/5.4.1/../../../../arm-none-eabi/lib/armv7-m\libc_nano.a
END GROUP
START GROUP
LOAD c:/program files (x86)/cypress/psoc creator/4.4/psoc creator/import/gnu/arm/5.4.1/bin/../lib/gcc/arm-none-eabi/5.4.1/armv7-m\libgcc.a
LOAD c:/program files (x86)/cypress/psoc creator/4.4/psoc creator/import/gnu/arm/5.4.1/bin/../lib/gcc/arm-none-eabi/5.4.1/../../../../arm-none-eabi/lib/armv7-m\libc_nano.a
END GROUP
LOAD c:/program files (x86)/cypress/psoc creator/4.4/psoc creator/import/gnu/arm/5.4.1/bin/../lib/gcc/arm-none-eabi/5.4.1/armv7-m/crtend.o
LOAD c:/program files (x86)/cypress/psoc creator/4.4/psoc creator/import/gnu/arm/5.4.1/bin/../lib/gcc/arm-none-eabi/5.4.1/armv7-m/crtn.o
START GROUP
LOAD c:/program files (x86)/cypress/psoc creator/4.4/psoc creator/import/gnu/arm/5.4.1/bin/../lib/gcc/arm-none-eabi/5.4.1/armv7-m\libgcc.a
LOAD c:/program files (x86)/cypress/psoc creator/4.4/psoc creator/import/gnu/arm/5.4.1/bin/../lib/gcc/arm-none-eabi/5.4.1/../../../../arm-none-eabi/lib/armv7-m\libc.a
LOAD c:/program files (x86)/cypress/psoc creator/4.4/psoc creator/import/gnu/arm/5.4.1/bin/../lib/gcc/arm-none-eabi/5.4.1/../../../../arm-none-eabi/lib/armv7-m\libnosys.a
END GROUP
                0x00000000                CY_APPL_ORIGIN = 0x0
                0x00000100                CY_FLASH_ROW_SIZE = 0x100
                0x00000020                CY_ECC_ROW_SIZE = 0x20
                0x00000000                CY_EE_IN_BTLDR = 0x0
                0x00000000                CY_APPL_LOADABLE = 0x0
                0x00000800                CY_EE_SIZE = 0x800
                0x00000001                CY_APPL_NUM = 0x1
                0x00000001                CY_APPL_MAX = 0x1
                0x00000040                CY_METADATA_SIZE = 0x40
                0x00000000                CY_APPL_LOADABLE = 0x0
                0x00000000                CY_CHECKSUM_EXCLUDE_SIZE = ALIGN (0x0, CY_FLASH_ROW_SIZE)
                [!provide]                PROVIDE (__cy_heap_start, _end)
                0x00000001                PROVIDE (__cy_region_num, ((__cy_regions_end - __cy_regions) / 0x10))
                0x20008000                PROVIDE (__cy_stack, (ORIGIN (ram) + LENGTH (ram)))
                [!provide]                PROVIDE (__cy_heap_end, (__cy_stack - 0x800))

.cybootloader   0x00000000        0x0
 *(.cybootloader)
                0x00000000                appl1_start = CY_APPL_ORIGIN?CY_APPL_ORIGIN:ALIGN (CY_FLASH_ROW_SIZE)
                0x0001ff00                appl2_start = (appl1_start + ALIGN ((((LENGTH (rom) - appl1_start) - (0x2 * CY_FLASH_ROW_SIZE)) / 0x2), CY_FLASH_ROW_SIZE))
                0x00000000                appl_start = (CY_APPL_NUM == 0x1)?appl1_start:appl2_start
                0x00000000                ecc_offset = ((appl_start / CY_FLASH_ROW_SIZE) * CY_ECC_ROW_SIZE)
                0x00000000                ee_offset = (CY_APPL_LOADABLE && ! (CY_EE_IN_BTLDR))?((CY_EE_SIZE / CY_APPL_MAX) * (CY_APPL_NUM - 0x1)):0x0
                0x00000800                ee_size = (CY_APPL_LOADABLE && ! (CY_EE_IN_BTLDR))?(CY_EE_SIZE / CY_APPL_MAX):CY_EE_SIZE
                [!provide]                PROVIDE (CY_ECC_OFFSET, ecc_offset)

.text           0x00000000      0xf58
 CREATE_OBJECT_SYMBOLS
                0x00000000                PROVIDE (__cy_interrupt_vector, RomVectors)
 *(.romvectors)
 .romvectors    0x00000000       0x10 .\CortexM3\ARM_GCC_541\Debug\Cm3Start.o
                0x00000000                RomVectors
                0x00000001                ASSERT ((. != __cy_interrupt_vector), No interrupt vector)
                0x00000001                ASSERT (CY_APPL_ORIGIN?(SIZEOF (.cybootloader) <= CY_APPL_ORIGIN):0x1, Wrong image location)
                0x00000010                PROVIDE (__cy_reset, Reset)
 *(.text.Reset)
 .text.Reset    0x00000010       0x18 .\CortexM3\ARM_GCC_541\Debug\Cm3Start.o
                0x00000010                Reset
                0x00000001                ASSERT ((. != __cy_reset), No reset code)
 *(.dma_init)
                0x00000001                ASSERT ((((appl_start + .) <= 0x10000) || 0x1), DMA Init must be within the first 64k of flash)
 *(.text .text.* .gnu.linkonce.t.*)
 .text          0x00000028       0x5c c:/program files (x86)/cypress/psoc creator/4.4/psoc creator/import/gnu/arm/5.4.1/bin/../lib/gcc/arm-none-eabi/5.4.1/armv7-m/crtbegin.o
 .text.discharge
                0x00000084       0x18 .\CortexM3\ARM_GCC_541\Debug\main.o
                0x00000084                discharge
 .text.measure  0x0000009c       0x84 .\CortexM3\ARM_GCC_541\Debug\main.o
                0x0000009c                measure
 .text.main     0x00000120       0x68 .\CortexM3\ARM_GCC_541\Debug\main.o
                0x00000120                main
 .text.CyClockStartupError
                0x00000188        0x4 .\CortexM3\ARM_GCC_541\Debug\cyfitter_cfg.o
 .text.cfg_write_bytes32
                0x0000018c       0x34 .\CortexM3\ARM_GCC_541\Debug\cyfitter_cfg.o
 .text.CYMEMZERO
                0x000001c0        0xc .\CortexM3\ARM_GCC_541\Debug\cyfitter_cfg.o
 .text.AnalogSetDefault
                0x000001cc       0x78 .\CortexM3\ARM_GCC_541\Debug\cyfitter_cfg.o
 .text.CYCONFIGCPY
                0x00000244        0x8 .\CortexM3\ARM_GCC_541\Debug\cyfitter_cfg.o
 .text.ClockSetup
                0x0000024c       0xe4 .\CortexM3\ARM_GCC_541\Debug\cyfitter_cfg.o
 .text.cyfitter_cfg
                0x00000330      0x100 .\CortexM3\ARM_GCC_541\Debug\cyfitter_cfg.o
                0x00000330                cyfitter_cfg
 .text.IntDefaultHandler
                0x00000430       0x10 .\CortexM3\ARM_GCC_541\Debug\Cm3Start.o
                0x00000430                IntDefaultHandler
 .text._sbrk    0x00000440       0x30 .\CortexM3\ARM_GCC_541\Debug\Cm3Start.o
                0x00000440                _sbrk
 .text.Start_c  0x00000470       0x4c .\CortexM3\ARM_GCC_541\Debug\Cm3Start.o
                0x00000470                Start_c
 .text.initialize_psoc
                0x000004bc       0x68 .\CortexM3\ARM_GCC_541\Debug\Cm3Start.o
                0x000004bc                initialize_psoc
 .text.P_charge_Write
                0x00000524       0x18 .\CortexM3\ARM_GCC_541\Debug\Widerstandsmessung_Digital.a(P_charge.o)
                0x00000524                P_charge_Write
 .text.P_charge_ref_Write
                0x0000053c       0x18 .\CortexM3\ARM_GCC_541\Debug\Widerstandsmessung_Digital.a(P_charge_ref.o)
                0x0000053c                P_charge_ref_Write
 .text.P_discharge_Write
                0x00000554       0x18 .\CortexM3\ARM_GCC_541\Debug\Widerstandsmessung_Digital.a(P_discharge.o)
                0x00000554                P_discharge_Write
 .text.P_sense_Read
                0x0000056c       0x10 .\CortexM3\ARM_GCC_541\Debug\Widerstandsmessung_Digital.a(P_sense.o)
                0x0000056c                P_sense_Read
 .text.CyDelay  0x0000057c       0x2c .\CortexM3\ARM_GCC_541\Debug\Widerstandsmessung_Digital.a(CyLib.o)
                0x0000057c                CyDelay
 .text.CyDelayUs
                0x000005a8       0x14 .\CortexM3\ARM_GCC_541\Debug\Widerstandsmessung_Digital.a(CyLib.o)
                0x000005a8                CyDelayUs
 .text.UART_Init
                0x000005bc       0x18 .\CortexM3\ARM_GCC_541\Debug\Widerstandsmessung_Digital.a(UART.o)
                0x000005bc                UART_Init
 .text.UART_Enable
                0x000005d4       0x24 .\CortexM3\ARM_GCC_541\Debug\Widerstandsmessung_Digital.a(UART.o)
                0x000005d4                UART_Enable
 .text.UART_Start
                0x000005f8       0x1c .\CortexM3\ARM_GCC_541\Debug\Widerstandsmessung_Digital.a(UART.o)
                0x000005f8                UART_Start
 .text.UART_PutChar
                0x00000614       0x18 .\CortexM3\ARM_GCC_541\Debug\Widerstandsmessung_Digital.a(UART.o)
                0x00000614                UART_PutChar
 .text.UART_PutString
                0x0000062c       0x24 .\CortexM3\ARM_GCC_541\Debug\Widerstandsmessung_Digital.a(UART.o)
                0x0000062c                UART_PutString
 .text.UART_IntClock_Start
                0x00000650       0x1c .\CortexM3\ARM_GCC_541\Debug\Widerstandsmessung_Digital.a(UART_IntClock.o)
                0x00000650                UART_IntClock_Start
 *fill*         0x0000066c        0x4 
 .text          0x00000670       0x20 .\CortexM3\ARM_GCC_541\Debug\Widerstandsmessung_Digital.a(CyBootAsmGnu.o)
                0x00000670                CyDelayCycles
                0x00000680                CyEnterCriticalSection
                0x00000688                CyExitCriticalSection
 .text.__errno  0x00000690        0xc c:/program files (x86)/cypress/psoc creator/4.4/psoc creator/import/gnu/arm/5.4.1/bin/../lib/gcc/arm-none-eabi/5.4.1/../../../../arm-none-eabi/lib/armv7-m\libg_nano.a(lib_a-errno.o)
                0x00000690                __errno
 .text.__libc_init_array
                0x0000069c       0x4c c:/program files (x86)/cypress/psoc creator/4.4/psoc creator/import/gnu/arm/5.4.1/bin/../lib/gcc/arm-none-eabi/5.4.1/../../../../arm-none-eabi/lib/armv7-m\libg_nano.a(lib_a-init.o)
                0x0000069c                __libc_init_array
 .text.memcpy   0x000006e8       0x16 c:/program files (x86)/cypress/psoc creator/4.4/psoc creator/import/gnu/arm/5.4.1/bin/../lib/gcc/arm-none-eabi/5.4.1/../../../../arm-none-eabi/lib/armv7-m\libg_nano.a(lib_a-memcpy-stub.o)
                0x000006e8                memcpy
 .text.memset   0x000006fe       0x10 c:/program files (x86)/cypress/psoc creator/4.4/psoc creator/import/gnu/arm/5.4.1/bin/../lib/gcc/arm-none-eabi/5.4.1/../../../../arm-none-eabi/lib/armv7-m\libg_nano.a(lib_a-memset.o)
                0x000006fe                memset
 *fill*         0x0000070e        0x2 
 .text.sprintf  0x00000710       0x48 c:/program files (x86)/cypress/psoc creator/4.4/psoc creator/import/gnu/arm/5.4.1/bin/../lib/gcc/arm-none-eabi/5.4.1/../../../../arm-none-eabi/lib/armv7-m\libg_nano.a(lib_a-sprintf.o)
                0x00000710                siprintf
                0x00000710                sprintf
 .text.__ssputs_r
                0x00000758       0xb2 c:/program files (x86)/cypress/psoc creator/4.4/psoc creator/import/gnu/arm/5.4.1/bin/../lib/gcc/arm-none-eabi/5.4.1/../../../../arm-none-eabi/lib/armv7-m\libg_nano.a(lib_a-nano-svfprintf.o)
                0x00000758                __ssputs_r
 *fill*         0x0000080a        0x2 
 .text._svfprintf_r
                0x0000080c      0x1e8 c:/program files (x86)/cypress/psoc creator/4.4/psoc creator/import/gnu/arm/5.4.1/bin/../lib/gcc/arm-none-eabi/5.4.1/../../../../arm-none-eabi/lib/armv7-m\libg_nano.a(lib_a-nano-svfprintf.o)
                0x0000080c                _svfiprintf_r
                0x0000080c                _svfprintf_r
 .text._printf_common
                0x000009f4       0xec c:/program files (x86)/cypress/psoc creator/4.4/psoc creator/import/gnu/arm/5.4.1/bin/../lib/gcc/arm-none-eabi/5.4.1/../../../../arm-none-eabi/lib/armv7-m\libg_nano.a(lib_a-nano-vfprintf_i.o)
                0x000009f4                _printf_common
 .text._printf_i
                0x00000ae0      0x24c c:/program files (x86)/cypress/psoc creator/4.4/psoc creator/import/gnu/arm/5.4.1/bin/../lib/gcc/arm-none-eabi/5.4.1/../../../../arm-none-eabi/lib/armv7-m\libg_nano.a(lib_a-nano-vfprintf_i.o)
                0x00000ae0                _printf_i
 .text.memchr   0x00000d2c       0x1c c:/program files (x86)/cypress/psoc creator/4.4/psoc creator/import/gnu/arm/5.4.1/bin/../lib/gcc/arm-none-eabi/5.4.1/../../../../arm-none-eabi/lib/armv7-m\libg_nano.a(lib_a-memchr-stub.o)
                0x00000d2c                memchr
 .text.memmove  0x00000d48       0x36 c:/program files (x86)/cypress/psoc creator/4.4/psoc creator/import/gnu/arm/5.4.1/bin/../lib/gcc/arm-none-eabi/5.4.1/../../../../arm-none-eabi/lib/armv7-m\libg_nano.a(lib_a-memmove.o)
                0x00000d48                memmove
 *fill*         0x00000d7e        0x2 
 .text._free_r  0x00000d80       0x98 c:/program files (x86)/cypress/psoc creator/4.4/psoc creator/import/gnu/arm/5.4.1/bin/../lib/gcc/arm-none-eabi/5.4.1/../../../../arm-none-eabi/lib/armv7-m\libg_nano.a(lib_a-nano-freer.o)
                0x00000d80                _free_r
 .text._malloc_r
                0x00000e18       0xbc c:/program files (x86)/cypress/psoc creator/4.4/psoc creator/import/gnu/arm/5.4.1/bin/../lib/gcc/arm-none-eabi/5.4.1/../../../../arm-none-eabi/lib/armv7-m\libg_nano.a(lib_a-nano-mallocr.o)
                0x00000e18                _malloc_r
 .text._realloc_r
                0x00000ed4       0x4c c:/program files (x86)/cypress/psoc creator/4.4/psoc creator/import/gnu/arm/5.4.1/bin/../lib/gcc/arm-none-eabi/5.4.1/../../../../arm-none-eabi/lib/armv7-m\libg_nano.a(lib_a-nano-reallocr.o)
                0x00000ed4                _realloc_r
 .text._sbrk_r  0x00000f20       0x20 c:/program files (x86)/cypress/psoc creator/4.4/psoc creator/import/gnu/arm/5.4.1/bin/../lib/gcc/arm-none-eabi/5.4.1/../../../../arm-none-eabi/lib/armv7-m\libg_nano.a(lib_a-sbrkr.o)
                0x00000f20                _sbrk_r
 .text.__malloc_lock
                0x00000f40        0x2 c:/program files (x86)/cypress/psoc creator/4.4/psoc creator/import/gnu/arm/5.4.1/bin/../lib/gcc/arm-none-eabi/5.4.1/../../../../arm-none-eabi/lib/armv7-m\libg_nano.a(lib_a-mlock.o)
                0x00000f40                __malloc_lock
 .text.__malloc_unlock
                0x00000f42        0x2 c:/program files (x86)/cypress/psoc creator/4.4/psoc creator/import/gnu/arm/5.4.1/bin/../lib/gcc/arm-none-eabi/5.4.1/../../../../arm-none-eabi/lib/armv7-m\libg_nano.a(lib_a-mlock.o)
                0x00000f42                __malloc_unlock
 .text._malloc_usable_size_r
                0x00000f44       0x14 c:/program files (x86)/cypress/psoc creator/4.4/psoc creator/import/gnu/arm/5.4.1/bin/../lib/gcc/arm-none-eabi/5.4.1/../../../../arm-none-eabi/lib/armv7-m\libg_nano.a(lib_a-nano-msizer.o)
                0x00000f44                _malloc_usable_size_r
 *(.plt)
 *(.gnu.warning)
 *(.glue_7t)
 .glue_7t       0x00000f58        0x0 linker stubs
 *(.glue_7)
 .glue_7        0x00000f58        0x0 linker stubs
 *(.vfp11_veneer)
 .vfp11_veneer  0x00000f58        0x0 linker stubs
 *(.bootloader)
 *(.ARM.extab* .gnu.linkonce.armextab.*)
 *(.gcc_except_table)

.v4_bx          0x00000f58        0x0
 .v4_bx         0x00000f58        0x0 linker stubs

.iplt           0x00000f58        0x0
 .iplt          0x00000f58        0x0 c:/program files (x86)/cypress/psoc creator/4.4/psoc creator/import/gnu/arm/5.4.1/bin/../lib/gcc/arm-none-eabi/5.4.1/armv7-m/crtbegin.o

.eh_frame_hdr
 *(.eh_frame_hdr)

.eh_frame       0x00000f58        0x4
 *(.eh_frame)
 .eh_frame      0x00000f58        0x0 c:/program files (x86)/cypress/psoc creator/4.4/psoc creator/import/gnu/arm/5.4.1/bin/../lib/gcc/arm-none-eabi/5.4.1/armv7-m/crtbegin.o
 .eh_frame      0x00000f58        0x4 c:/program files (x86)/cypress/psoc creator/4.4/psoc creator/import/gnu/arm/5.4.1/bin/../lib/gcc/arm-none-eabi/5.4.1/armv7-m/crtend.o
                [!provide]                PROVIDE (__exidx_start, .)

.ARM.exidx
 *(.ARM.exidx* .gnu.linkonce.armexidx.*)
                0x00000f5c                __exidx_end = .

.rodata         0x00000f5c       0xcc
 *(.rodata .rodata.* .gnu.linkonce.r.*)
 .rodata.str1.4
                0x00000f5c       0x3c .\CortexM3\ARM_GCC_541\Debug\main.o
                                 0x39 (size before relaxing)
 .rodata        0x00000f98       0x24 .\CortexM3\ARM_GCC_541\Debug\cyfitter_cfg.o
 .rodata.str1.1
                0x00000fbc        0x2 c:/program files (x86)/cypress/psoc creator/4.4/psoc creator/import/gnu/arm/5.4.1/bin/../lib/gcc/arm-none-eabi/5.4.1/../../../../arm-none-eabi/lib/armv7-m\libg_nano.a(lib_a-impure.o)
 .rodata.str1.1
                0x00000fbe       0x11 c:/program files (x86)/cypress/psoc creator/4.4/psoc creator/import/gnu/arm/5.4.1/bin/../lib/gcc/arm-none-eabi/5.4.1/../../../../arm-none-eabi/lib/armv7-m\libg_nano.a(lib_a-nano-svfprintf.o)
 .rodata.str1.1
                0x00000fcf       0x22 c:/program files (x86)/cypress/psoc creator/4.4/psoc creator/import/gnu/arm/5.4.1/bin/../lib/gcc/arm-none-eabi/5.4.1/../../../../arm-none-eabi/lib/armv7-m\libg_nano.a(lib_a-nano-vfprintf_i.o)
                0x00000ff4                . = ALIGN (0x4)
 *fill*         0x00000ff1        0x3 
 *(.init)
 .init          0x00000ff4        0x4 c:/program files (x86)/cypress/psoc creator/4.4/psoc creator/import/gnu/arm/5.4.1/bin/../lib/gcc/arm-none-eabi/5.4.1/armv7-m/crti.o
                0x00000ff4                _init
 .init          0x00000ff8        0x8 c:/program files (x86)/cypress/psoc creator/4.4/psoc creator/import/gnu/arm/5.4.1/bin/../lib/gcc/arm-none-eabi/5.4.1/armv7-m/crtn.o
                0x00001000                . = ALIGN (0x4)
                0x00001000                __preinit_array_start = .
 *(.preinit_array)
                0x00001000                __preinit_array_end = .
                0x00001000                . = ALIGN (0x4)
                0x00001000                __init_array_start = .
 *(SORT(.init_array.*))
 *(.init_array)
 .init_array    0x00001000        0x4 c:/program files (x86)/cypress/psoc creator/4.4/psoc creator/import/gnu/arm/5.4.1/bin/../lib/gcc/arm-none-eabi/5.4.1/armv7-m/crtbegin.o
 .init_array    0x00001004        0x4 .\CortexM3\ARM_GCC_541\Debug\Cm3Start.o
                0x00001008                __init_array_end = .
                0x00001008                . = ALIGN (0x4)
 *(.fini)
 .fini          0x00001008        0x4 c:/program files (x86)/cypress/psoc creator/4.4/psoc creator/import/gnu/arm/5.4.1/bin/../lib/gcc/arm-none-eabi/5.4.1/armv7-m/crti.o
                0x00001008                _fini
 .fini          0x0000100c        0x8 c:/program files (x86)/cypress/psoc creator/4.4/psoc creator/import/gnu/arm/5.4.1/bin/../lib/gcc/arm-none-eabi/5.4.1/armv7-m/crtn.o
                0x00001014                . = ALIGN (0x4)
                0x00001014                __fini_array_start = .
 *(.fini_array)
 .fini_array    0x00001014        0x4 c:/program files (x86)/cypress/psoc creator/4.4/psoc creator/import/gnu/arm/5.4.1/bin/../lib/gcc/arm-none-eabi/5.4.1/armv7-m/crtbegin.o
 *(SORT(.fini_array.*))
                0x00001018                __fini_array_end = .
                0x00001018                . = ALIGN (0x4)
 *crtbegin.o(.ctors)
 *(EXCLUDE_FILE(*crtend.o) .ctors)
 *(SORT(.ctors.*))
 *crtend.o(.ctors)
                0x00001018                . = ALIGN (0x4)
 *crtbegin.o(.dtors)
 *(EXCLUDE_FILE(*crtend.o) .dtors)
 *(SORT(.dtors.*))
 *crtend.o(.dtors)
                0x00001018                . = ALIGN (0x4)
                0x00001018                __cy_regions = .
                0x00001018        0x4 LONG 0x1028 __cy_region_init_ram
                0x0000101c        0x4 LONG 0x1fff80c8 __cy_region_start_data
                0x00001020        0x4 LONG 0x80 __cy_region_init_size_ram
                0x00001024        0x4 LONG 0x98 __cy_region_zero_size_ram
                0x00001028                __cy_regions_end = .
                0x00001028                . = ALIGN (0x8)
                0x00001028                _etext = .

.cy_checksum_exclude
                0x00001028        0x0
 *(.cy_checksum_exclude)

.ramvectors     0x1fff8000       0xc0
                0x1fff8000                __cy_region_start_ram = .
 *(.ramvectors)
 .ramvectors    0x1fff8000       0xc0 .\CortexM3\ARM_GCC_541\Debug\Cm3Start.o
                0x1fff8000                CyRamVectors

.noinit         0x1fff80c0        0x1
 *(.noinit)
 .noinit        0x1fff80c0        0x1 .\CortexM3\ARM_GCC_541\Debug\Widerstandsmessung_Digital.a(CyLib.o)
                0x1fff80c0                CyResetStatus

.data           0x1fff80c8       0x80 load address 0x00001028
                0x1fff80c8                __cy_region_start_data = .
 *(.jcr)
 .jcr           0x1fff80c8        0x0 c:/program files (x86)/cypress/psoc creator/4.4/psoc creator/import/gnu/arm/5.4.1/bin/../lib/gcc/arm-none-eabi/5.4.1/armv7-m/crtbegin.o
 .jcr           0x1fff80c8        0x4 c:/program files (x86)/cypress/psoc creator/4.4/psoc creator/import/gnu/arm/5.4.1/bin/../lib/gcc/arm-none-eabi/5.4.1/armv7-m/crtend.o
 *(.got.plt)
 *(.got)
 *(.shdata)
 *(.data .data.* .gnu.linkonce.d.*)
 .data          0x1fff80cc        0x4 .\CortexM3\ARM_GCC_541\Debug\Cm3Start.o
 .data          0x1fff80d0       0x10 .\CortexM3\ARM_GCC_541\Debug\Widerstandsmessung_Digital.a(CyLib.o)
                0x1fff80d0                cydelay_32k_ms
                0x1fff80d4                cydelay_freq_khz
                0x1fff80d8                cydelay_freq_mhz
                0x1fff80dc                cydelay_freq_hz
 .data.impure_data
                0x1fff80e0       0x60 c:/program files (x86)/cypress/psoc creator/4.4/psoc creator/import/gnu/arm/5.4.1/bin/../lib/gcc/arm-none-eabi/5.4.1/../../../../arm-none-eabi/lib/armv7-m\libg_nano.a(lib_a-impure.o)
 .data._impure_ptr
                0x1fff8140        0x4 c:/program files (x86)/cypress/psoc creator/4.4/psoc creator/import/gnu/arm/5.4.1/bin/../lib/gcc/arm-none-eabi/5.4.1/../../../../arm-none-eabi/lib/armv7-m\libg_nano.a(lib_a-impure.o)
                0x1fff8140                _impure_ptr
                0x1fff8148                . = ALIGN (0x8)
 *fill*         0x1fff8144        0x4 
 *(.ram)
                0x1fff8148                _edata = .

.igot.plt       0x1fff8148        0x0 load address 0x000010a8
 .igot.plt      0x1fff8148        0x0 c:/program files (x86)/cypress/psoc creator/4.4/psoc creator/import/gnu/arm/5.4.1/bin/../lib/gcc/arm-none-eabi/5.4.1/armv7-m/crtbegin.o

.bss            0x1fff8148       0x98 load address 0x000010a8
                0x1fff8148                PROVIDE (__bss_start__, .)
 *(.shbss)
 *(.bss .bss.* .gnu.linkonce.b.*)
 .bss           0x1fff8148       0x1c c:/program files (x86)/cypress/psoc creator/4.4/psoc creator/import/gnu/arm/5.4.1/bin/../lib/gcc/arm-none-eabi/5.4.1/armv7-m/crtbegin.o
 .bss           0x1fff8164       0x6c .\CortexM3\ARM_GCC_541\Debug\main.o
 .bss           0x1fff81d0        0x2 .\CortexM3\ARM_GCC_541\Debug\Widerstandsmessung_Digital.a(UART.o)
                0x1fff81d0                UART_initVar
 *fill*         0x1fff81d2        0x2 
 .bss.__malloc_sbrk_start
                0x1fff81d4        0x4 c:/program files (x86)/cypress/psoc creator/4.4/psoc creator/import/gnu/arm/5.4.1/bin/../lib/gcc/arm-none-eabi/5.4.1/../../../../arm-none-eabi/lib/armv7-m\libg_nano.a(lib_a-nano-mallocr.o)
                0x1fff81d4                __malloc_sbrk_start
 .bss.__malloc_free_list
                0x1fff81d8        0x4 c:/program files (x86)/cypress/psoc creator/4.4/psoc creator/import/gnu/arm/5.4.1/bin/../lib/gcc/arm-none-eabi/5.4.1/../../../../arm-none-eabi/lib/armv7-m\libg_nano.a(lib_a-nano-mallocr.o)
                0x1fff81d8                __malloc_free_list
 *(COMMON)
 COMMON         0x1fff81dc        0x4 c:/program files (x86)/cypress/psoc creator/4.4/psoc creator/import/gnu/arm/5.4.1/bin/../lib/gcc/arm-none-eabi/5.4.1/../../../../arm-none-eabi/lib/armv7-m\libg_nano.a(lib_a-reent.o)
                0x1fff81dc                errno
                0x1fff81e0                . = ALIGN (0x8)
 *(.ram.b)
                0x1fff81e0                _end = .
                0x1fff81e0                __end = .
                0x1fff81e0                PROVIDE (end, .)
                0x1fff81e0                PROVIDE (__bss_end__, .)
                0x00001028                __cy_region_init_ram = LOADADDR (.data)
                0x00000080                __cy_region_init_size_ram = (_edata - ADDR (.data))
                0x00000098                __cy_region_zero_size_ram = (_end - _edata)

.heap           0x1fff81e0       0x80 load address 0x000010a8
                0x1fff81e0                . = _end
                0x1fff8260                . = (. + 0x80)
 *fill*         0x1fff81e0       0x80 
                0x1fff8260                __cy_heap_limit = .

.stack          0x20007800      0x800
                0x20007800                __cy_stack_limit = .
                0x20008000                . = (. + 0x800)
 *fill*         0x20007800      0x800 
                0x00000001                ASSERT ((__cy_stack_limit >= __cy_heap_limit), region RAM overflowed with stack)
                0x00000000                cy_checksum_exclude_size = (CY_APPL_LOADABLE == 0x1)?SIZEOF (.cy_checksum_exclude):0x0
                0x00000001                ASSERT ((cy_checksum_exclude_size <= CY_CHECKSUM_EXCLUDE_SIZE), CY_BOOT: Section .cy_checksum_exclude size exceedes specified limit.)

.cyloadermeta
 *(.cyloadermeta)

.cyloadablemeta
 *(.cyloadablemeta)

.cyconfigecc    0x80000000      0x1a8
 *(.cyconfigecc)
 .cyconfigecc   0x80000000      0x1a8 .\CortexM3\ARM_GCC_541\Debug\cymetadata.o
                0x80000000                cy_meta_configecc

.cycustnvl      0x90000000        0x4
 *(.cycustnvl)
 .cycustnvl     0x90000000        0x4 .\CortexM3\ARM_GCC_541\Debug\cymetadata.o
                0x90000000                cy_meta_custnvl

.cywolatch      0x90100000        0x4
 *(.cywolatch)
 .cywolatch     0x90100000        0x4 .\CortexM3\ARM_GCC_541\Debug\cymetadata.o
                0x90100000                cy_meta_wonvl

.cyeeprom       0x90200000        0x0
 *(.cyeeprom)
                0x00000001                ASSERT ((. <= ((0x90200000 + ee_offset) + ee_size)), .cyeeprom data will not fit in EEPROM)

.cyflashprotect
                0x90400000      0x100
 *(.cyflashprotect)
 .cyflashprotect
                0x90400000      0x100 .\CortexM3\ARM_GCC_541\Debug\cymetadata.o
                0x90400000                cy_meta_flashprotect

.cymeta         0x90500000        0xc
 *(.cymeta)
 .cymeta        0x90500000        0xc .\CortexM3\ARM_GCC_541\Debug\cymetadata.o
                0x90500000                cy_metadata

.rel.dyn        0x000010a8        0x0 load address 0x9050000c
 .rel.iplt      0x000010a8        0x0 c:/program files (x86)/cypress/psoc creator/4.4/psoc creator/import/gnu/arm/5.4.1/bin/../lib/gcc/arm-none-eabi/5.4.1/armv7-m/crtbegin.o

.stab
 *(.stab)

.stabstr
 *(.stabstr)

.debug
 *(.debug)

.line
 *(.line)

.debug_srcinfo
 *(.debug_srcinfo)

.debug_sfnames
 *(.debug_sfnames)

.debug_aranges  0x00000000      0x890
 *(.debug_aranges)
 .debug_aranges
                0x00000000       0x40 .\CortexM3\ARM_GCC_541\Debug\main.o
 .debug_aranges
                0x00000040       0x58 .\CortexM3\ARM_GCC_541\Debug\cyfitter_cfg.o
 .debug_aranges
                0x00000098       0x18 .\CortexM3\ARM_GCC_541\Debug\cymetadata.o
 .debug_aranges
                0x000000b0       0x48 .\CortexM3\ARM_GCC_541\Debug\Cm3Start.o
 .debug_aranges
                0x000000f8       0x38 .\CortexM3\ARM_GCC_541\Debug\Widerstandsmessung_Digital.a(P_charge.o)
 .debug_aranges
                0x00000130       0x38 .\CortexM3\ARM_GCC_541\Debug\Widerstandsmessung_Digital.a(P_charge_ref.o)
 .debug_aranges
                0x00000168       0x38 .\CortexM3\ARM_GCC_541\Debug\Widerstandsmessung_Digital.a(P_discharge.o)
 .debug_aranges
                0x000001a0       0x38 .\CortexM3\ARM_GCC_541\Debug\Widerstandsmessung_Digital.a(P_sense.o)
 .debug_aranges
                0x000001d8      0x2a0 .\CortexM3\ARM_GCC_541\Debug\Widerstandsmessung_Digital.a(CyLib.o)
 .debug_aranges
                0x00000478       0x98 .\CortexM3\ARM_GCC_541\Debug\Widerstandsmessung_Digital.a(cyPm.o)
 .debug_aranges
                0x00000510       0xa0 .\CortexM3\ARM_GCC_541\Debug\Widerstandsmessung_Digital.a(UART.o)
 .debug_aranges
                0x000005b0       0x70 .\CortexM3\ARM_GCC_541\Debug\Widerstandsmessung_Digital.a(UART_IntClock.o)
 .debug_aranges
                0x00000620       0xa8 .\CortexM3\ARM_GCC_541\Debug\Widerstandsmessung_Digital.a(ADC_SAR.o)
 .debug_aranges
                0x000006c8       0x20 .\CortexM3\ARM_GCC_541\Debug\Widerstandsmessung_Digital.a(ADC_SAR_INT.o)
 .debug_aranges
                0x000006e8       0x80 .\CortexM3\ARM_GCC_541\Debug\Widerstandsmessung_Digital.a(ADC_SAR_theACLK.o)
 .debug_aranges
                0x00000768       0x20 .\CortexM3\ARM_GCC_541\Debug\Widerstandsmessung_Digital.a(CyBootAsmGnu.o)
 .debug_aranges
                0x00000788       0x88 .\CortexM3\ARM_GCC_541\Debug\Widerstandsmessung_Digital.a(CyFlash.o)
 .debug_aranges
                0x00000810       0x80 .\CortexM3\ARM_GCC_541\Debug\Widerstandsmessung_Digital.a(CySpc.o)

.debug_pubnames
 *(.debug_pubnames)

.debug_info     0x00000000     0x4d23
 *(.debug_info .gnu.linkonce.wi.*)
 .debug_info    0x00000000      0x481 .\CortexM3\ARM_GCC_541\Debug\main.o
 .debug_info    0x00000481      0x54d .\CortexM3\ARM_GCC_541\Debug\cyfitter_cfg.o
 .debug_info    0x000009ce      0x135 .\CortexM3\ARM_GCC_541\Debug\cymetadata.o
 .debug_info    0x00000b03      0x3bb .\CortexM3\ARM_GCC_541\Debug\Cm3Start.o
 .debug_info    0x00000ebe      0x11f .\CortexM3\ARM_GCC_541\Debug\Widerstandsmessung_Digital.a(P_charge.o)
 .debug_info    0x00000fdd      0x11f .\CortexM3\ARM_GCC_541\Debug\Widerstandsmessung_Digital.a(P_charge_ref.o)
 .debug_info    0x000010fc      0x11f .\CortexM3\ARM_GCC_541\Debug\Widerstandsmessung_Digital.a(P_discharge.o)
 .debug_info    0x0000121b      0x11f .\CortexM3\ARM_GCC_541\Debug\Widerstandsmessung_Digital.a(P_sense.o)
 .debug_info    0x0000133a     0x1374 .\CortexM3\ARM_GCC_541\Debug\Widerstandsmessung_Digital.a(CyLib.o)
 .debug_info    0x000026ae      0xa2a .\CortexM3\ARM_GCC_541\Debug\Widerstandsmessung_Digital.a(cyPm.o)
 .debug_info    0x000030d8      0x45c .\CortexM3\ARM_GCC_541\Debug\Widerstandsmessung_Digital.a(UART.o)
 .debug_info    0x00003534      0x283 .\CortexM3\ARM_GCC_541\Debug\Widerstandsmessung_Digital.a(UART_IntClock.o)
 .debug_info    0x000037b7      0x5c0 .\CortexM3\ARM_GCC_541\Debug\Widerstandsmessung_Digital.a(ADC_SAR.o)
 .debug_info    0x00003d77       0x92 .\CortexM3\ARM_GCC_541\Debug\Widerstandsmessung_Digital.a(ADC_SAR_INT.o)
 .debug_info    0x00003e09      0x2c4 .\CortexM3\ARM_GCC_541\Debug\Widerstandsmessung_Digital.a(ADC_SAR_theACLK.o)
 .debug_info    0x000040cd       0xb9 .\CortexM3\ARM_GCC_541\Debug\Widerstandsmessung_Digital.a(CyBootAsmGnu.o)
 .debug_info    0x00004186      0x64d .\CortexM3\ARM_GCC_541\Debug\Widerstandsmessung_Digital.a(CyFlash.o)
 .debug_info    0x000047d3      0x550 .\CortexM3\ARM_GCC_541\Debug\Widerstandsmessung_Digital.a(CySpc.o)

.debug_abbrev   0x00000000     0x1509
 *(.debug_abbrev)
 .debug_abbrev  0x00000000      0x172 .\CortexM3\ARM_GCC_541\Debug\main.o
 .debug_abbrev  0x00000172      0x1fe .\CortexM3\ARM_GCC_541\Debug\cyfitter_cfg.o
 .debug_abbrev  0x00000370       0x66 .\CortexM3\ARM_GCC_541\Debug\cymetadata.o
 .debug_abbrev  0x000003d6      0x1e8 .\CortexM3\ARM_GCC_541\Debug\Cm3Start.o
 .debug_abbrev  0x000005be       0x90 .\CortexM3\ARM_GCC_541\Debug\Widerstandsmessung_Digital.a(P_charge.o)
 .debug_abbrev  0x0000064e       0x90 .\CortexM3\ARM_GCC_541\Debug\Widerstandsmessung_Digital.a(P_charge_ref.o)
 .debug_abbrev  0x000006de       0x90 .\CortexM3\ARM_GCC_541\Debug\Widerstandsmessung_Digital.a(P_discharge.o)
 .debug_abbrev  0x0000076e       0x90 .\CortexM3\ARM_GCC_541\Debug\Widerstandsmessung_Digital.a(P_sense.o)
 .debug_abbrev  0x000007fe      0x254 .\CortexM3\ARM_GCC_541\Debug\Widerstandsmessung_Digital.a(CyLib.o)
 .debug_abbrev  0x00000a52      0x1ab .\CortexM3\ARM_GCC_541\Debug\Widerstandsmessung_Digital.a(cyPm.o)
 .debug_abbrev  0x00000bfd      0x175 .\CortexM3\ARM_GCC_541\Debug\Widerstandsmessung_Digital.a(UART.o)
 .debug_abbrev  0x00000d72      0x139 .\CortexM3\ARM_GCC_541\Debug\Widerstandsmessung_Digital.a(UART_IntClock.o)
 .debug_abbrev  0x00000eab      0x1ac .\CortexM3\ARM_GCC_541\Debug\Widerstandsmessung_Digital.a(ADC_SAR.o)
 .debug_abbrev  0x00001057       0x42 .\CortexM3\ARM_GCC_541\Debug\Widerstandsmessung_Digital.a(ADC_SAR_INT.o)
 .debug_abbrev  0x00001099      0x121 .\CortexM3\ARM_GCC_541\Debug\Widerstandsmessung_Digital.a(ADC_SAR_theACLK.o)
 .debug_abbrev  0x000011ba       0x14 .\CortexM3\ARM_GCC_541\Debug\Widerstandsmessung_Digital.a(CyBootAsmGnu.o)
 .debug_abbrev  0x000011ce      0x1a7 .\CortexM3\ARM_GCC_541\Debug\Widerstandsmessung_Digital.a(CyFlash.o)
 .debug_abbrev  0x00001375      0x194 .\CortexM3\ARM_GCC_541\Debug\Widerstandsmessung_Digital.a(CySpc.o)

.debug_line     0x00000000     0x227e
 *(.debug_line)
 .debug_line    0x00000000      0x2ee .\CortexM3\ARM_GCC_541\Debug\main.o
 .debug_line    0x000002ee      0x1e9 .\CortexM3\ARM_GCC_541\Debug\cyfitter_cfg.o
 .debug_line    0x000004d7      0x141 .\CortexM3\ARM_GCC_541\Debug\cymetadata.o
 .debug_line    0x00000618      0x234 .\CortexM3\ARM_GCC_541\Debug\Cm3Start.o
 .debug_line    0x0000084c       0x95 .\CortexM3\ARM_GCC_541\Debug\Widerstandsmessung_Digital.a(P_charge.o)
 .debug_line    0x000008e1       0x99 .\CortexM3\ARM_GCC_541\Debug\Widerstandsmessung_Digital.a(P_charge_ref.o)
 .debug_line    0x0000097a       0x98 .\CortexM3\ARM_GCC_541\Debug\Widerstandsmessung_Digital.a(P_discharge.o)
 .debug_line    0x00000a12       0x94 .\CortexM3\ARM_GCC_541\Debug\Widerstandsmessung_Digital.a(P_sense.o)
 .debug_line    0x00000aa6      0x816 .\CortexM3\ARM_GCC_541\Debug\Widerstandsmessung_Digital.a(CyLib.o)
 .debug_line    0x000012bc      0x367 .\CortexM3\ARM_GCC_541\Debug\Widerstandsmessung_Digital.a(cyPm.o)
 .debug_line    0x00001623      0x1f0 .\CortexM3\ARM_GCC_541\Debug\Widerstandsmessung_Digital.a(UART.o)
 .debug_line    0x00001813      0x17c .\CortexM3\ARM_GCC_541\Debug\Widerstandsmessung_Digital.a(UART_IntClock.o)
 .debug_line    0x0000198f      0x21a .\CortexM3\ARM_GCC_541\Debug\Widerstandsmessung_Digital.a(ADC_SAR.o)
 .debug_line    0x00001ba9       0x54 .\CortexM3\ARM_GCC_541\Debug\Widerstandsmessung_Digital.a(ADC_SAR_INT.o)
 .debug_line    0x00001bfd      0x1a1 .\CortexM3\ARM_GCC_541\Debug\Widerstandsmessung_Digital.a(ADC_SAR_theACLK.o)
 .debug_line    0x00001d9e       0x66 .\CortexM3\ARM_GCC_541\Debug\Widerstandsmessung_Digital.a(CyBootAsmGnu.o)
 .debug_line    0x00001e04      0x21a .\CortexM3\ARM_GCC_541\Debug\Widerstandsmessung_Digital.a(CyFlash.o)
 .debug_line    0x0000201e      0x260 .\CortexM3\ARM_GCC_541\Debug\Widerstandsmessung_Digital.a(CySpc.o)

.debug_frame    0x00000000     0x197c
 *(.debug_frame)
 .debug_frame   0x00000000       0x9c .\CortexM3\ARM_GCC_541\Debug\main.o
 .debug_frame   0x0000009c       0xfc .\CortexM3\ARM_GCC_541\Debug\cyfitter_cfg.o
 .debug_frame   0x00000198       0xb8 .\CortexM3\ARM_GCC_541\Debug\Cm3Start.o
 .debug_frame   0x00000250       0x50 .\CortexM3\ARM_GCC_541\Debug\Widerstandsmessung_Digital.a(P_charge.o)
 .debug_frame   0x000002a0       0x50 .\CortexM3\ARM_GCC_541\Debug\Widerstandsmessung_Digital.a(P_charge_ref.o)
 .debug_frame   0x000002f0       0x50 .\CortexM3\ARM_GCC_541\Debug\Widerstandsmessung_Digital.a(P_discharge.o)
 .debug_frame   0x00000340       0x50 .\CortexM3\ARM_GCC_541\Debug\Widerstandsmessung_Digital.a(P_sense.o)
 .debug_frame   0x00000390      0x738 .\CortexM3\ARM_GCC_541\Debug\Widerstandsmessung_Digital.a(CyLib.o)
 .debug_frame   0x00000ac8      0x1f8 .\CortexM3\ARM_GCC_541\Debug\Widerstandsmessung_Digital.a(cyPm.o)
 .debug_frame   0x00000cc0      0x198 .\CortexM3\ARM_GCC_541\Debug\Widerstandsmessung_Digital.a(UART.o)
 .debug_frame   0x00000e58       0xe0 .\CortexM3\ARM_GCC_541\Debug\Widerstandsmessung_Digital.a(UART_IntClock.o)
 .debug_frame   0x00000f38      0x1b0 .\CortexM3\ARM_GCC_541\Debug\Widerstandsmessung_Digital.a(ADC_SAR.o)
 .debug_frame   0x000010e8       0x20 .\CortexM3\ARM_GCC_541\Debug\Widerstandsmessung_Digital.a(ADC_SAR_INT.o)
 .debug_frame   0x00001108      0x100 .\CortexM3\ARM_GCC_541\Debug\Widerstandsmessung_Digital.a(ADC_SAR_theACLK.o)
 .debug_frame   0x00001208      0x194 .\CortexM3\ARM_GCC_541\Debug\Widerstandsmessung_Digital.a(CyFlash.o)
 .debug_frame   0x0000139c      0x180 .\CortexM3\ARM_GCC_541\Debug\Widerstandsmessung_Digital.a(CySpc.o)
 .debug_frame   0x0000151c       0x44 c:/program files (x86)/cypress/psoc creator/4.4/psoc creator/import/gnu/arm/5.4.1/bin/../lib/gcc/arm-none-eabi/5.4.1/armv7-m\libgcc.a(_aeabi_ldivmod.o)
 .debug_frame   0x00001560       0x38 c:/program files (x86)/cypress/psoc creator/4.4/psoc creator/import/gnu/arm/5.4.1/bin/../lib/gcc/arm-none-eabi/5.4.1/armv7-m\libgcc.a(_udivmoddi4.o)
 .debug_frame   0x00001598       0x20 c:/program files (x86)/cypress/psoc creator/4.4/psoc creator/import/gnu/arm/5.4.1/bin/../lib/gcc/arm-none-eabi/5.4.1/../../../../arm-none-eabi/lib/armv7-m\libg_nano.a(lib_a-errno.o)
 .debug_frame   0x000015b8       0x28 c:/program files (x86)/cypress/psoc creator/4.4/psoc creator/import/gnu/arm/5.4.1/bin/../lib/gcc/arm-none-eabi/5.4.1/../../../../arm-none-eabi/lib/armv7-m\libg_nano.a(lib_a-exit.o)
 .debug_frame   0x000015e0       0x2c c:/program files (x86)/cypress/psoc creator/4.4/psoc creator/import/gnu/arm/5.4.1/bin/../lib/gcc/arm-none-eabi/5.4.1/../../../../arm-none-eabi/lib/armv7-m\libg_nano.a(lib_a-init.o)
 .debug_frame   0x0000160c       0x28 c:/program files (x86)/cypress/psoc creator/4.4/psoc creator/import/gnu/arm/5.4.1/bin/../lib/gcc/arm-none-eabi/5.4.1/../../../../arm-none-eabi/lib/armv7-m\libg_nano.a(lib_a-memcpy-stub.o)
 .debug_frame   0x00001634       0x20 c:/program files (x86)/cypress/psoc creator/4.4/psoc creator/import/gnu/arm/5.4.1/bin/../lib/gcc/arm-none-eabi/5.4.1/../../../../arm-none-eabi/lib/armv7-m\libg_nano.a(lib_a-memset.o)
 .debug_frame   0x00001654       0x70 c:/program files (x86)/cypress/psoc creator/4.4/psoc creator/import/gnu/arm/5.4.1/bin/../lib/gcc/arm-none-eabi/5.4.1/../../../../arm-none-eabi/lib/armv7-m\libg_nano.a(lib_a-sprintf.o)
 .debug_frame   0x000016c4       0x90 c:/program files (x86)/cypress/psoc creator/4.4/psoc creator/import/gnu/arm/5.4.1/bin/../lib/gcc/arm-none-eabi/5.4.1/../../../../arm-none-eabi/lib/armv7-m\libg_nano.a(lib_a-nano-svfprintf.o)
 .debug_frame   0x00001754       0x60 c:/program files (x86)/cypress/psoc creator/4.4/psoc creator/import/gnu/arm/5.4.1/bin/../lib/gcc/arm-none-eabi/5.4.1/../../../../arm-none-eabi/lib/armv7-m\libg_nano.a(lib_a-nano-vfprintf_i.o)
 .debug_frame   0x000017b4       0x28 c:/program files (x86)/cypress/psoc creator/4.4/psoc creator/import/gnu/arm/5.4.1/bin/../lib/gcc/arm-none-eabi/5.4.1/../../../../arm-none-eabi/lib/armv7-m\libg_nano.a(lib_a-memchr-stub.o)
 .debug_frame   0x000017dc       0x28 c:/program files (x86)/cypress/psoc creator/4.4/psoc creator/import/gnu/arm/5.4.1/bin/../lib/gcc/arm-none-eabi/5.4.1/../../../../arm-none-eabi/lib/armv7-m\libg_nano.a(lib_a-memmove.o)
 .debug_frame   0x00001804       0x38 c:/program files (x86)/cypress/psoc creator/4.4/psoc creator/import/gnu/arm/5.4.1/bin/../lib/gcc/arm-none-eabi/5.4.1/../../../../arm-none-eabi/lib/armv7-m\libg_nano.a(lib_a-nano-freer.o)
 .debug_frame   0x0000183c       0x2c c:/program files (x86)/cypress/psoc creator/4.4/psoc creator/import/gnu/arm/5.4.1/bin/../lib/gcc/arm-none-eabi/5.4.1/../../../../arm-none-eabi/lib/armv7-m\libg_nano.a(lib_a-nano-mallocr.o)
 .debug_frame   0x00001868       0x3c c:/program files (x86)/cypress/psoc creator/4.4/psoc creator/import/gnu/arm/5.4.1/bin/../lib/gcc/arm-none-eabi/5.4.1/../../../../arm-none-eabi/lib/armv7-m\libg_nano.a(lib_a-nano-reallocr.o)
 .debug_frame   0x000018a4       0x2c c:/program files (x86)/cypress/psoc creator/4.4/psoc creator/import/gnu/arm/5.4.1/bin/../lib/gcc/arm-none-eabi/5.4.1/../../../../arm-none-eabi/lib/armv7-m\libg_nano.a(lib_a-sbrkr.o)
 .debug_frame   0x000018d0       0x30 c:/program files (x86)/cypress/psoc creator/4.4/psoc creator/import/gnu/arm/5.4.1/bin/../lib/gcc/arm-none-eabi/5.4.1/../../../../arm-none-eabi/lib/armv7-m\libg_nano.a(lib_a-mlock.o)
 .debug_frame   0x00001900       0x20 c:/program files (x86)/cypress/psoc creator/4.4/psoc creator/import/gnu/arm/5.4.1/bin/../lib/gcc/arm-none-eabi/5.4.1/../../../../arm-none-eabi/lib/armv7-m\libg_nano.a(lib_a-nano-msizer.o)
 .debug_frame   0x00001920       0x5c c:/program files (x86)/cypress/psoc creator/4.4/psoc creator/import/gnu/arm/5.4.1/bin/../lib/gcc/arm-none-eabi/5.4.1/../../../../arm-none-eabi/lib/armv7-m\libg_nano.a(lib_a-reent.o)

.debug_str      0x00000000     0x1c7f
 *(.debug_str)
 .debug_str     0x00000000      0x28e .\CortexM3\ARM_GCC_541\Debug\main.o
                                0x2ed (size before relaxing)
 .debug_str     0x0000028e      0x180 .\CortexM3\ARM_GCC_541\Debug\cyfitter_cfg.o
                                0x342 (size before relaxing)
 .debug_str     0x0000040e       0x75 .\CortexM3\ARM_GCC_541\Debug\cymetadata.o
                                0x20d (size before relaxing)
 .debug_str     0x00000483      0x144 .\CortexM3\ARM_GCC_541\Debug\Cm3Start.o
                                0x333 (size before relaxing)
 .debug_str     0x000005c7       0x6b .\CortexM3\ARM_GCC_541\Debug\Widerstandsmessung_Digital.a(P_charge.o)
                                0x21a (size before relaxing)
 .debug_str     0x00000632       0x6b .\CortexM3\ARM_GCC_541\Debug\Widerstandsmessung_Digital.a(P_charge_ref.o)
                                0x22e (size before relaxing)
 .debug_str     0x0000069d       0x67 .\CortexM3\ARM_GCC_541\Debug\Widerstandsmessung_Digital.a(P_discharge.o)
                                0x229 (size before relaxing)
 .debug_str     0x00000704       0x58 .\CortexM3\ARM_GCC_541\Debug\Widerstandsmessung_Digital.a(P_sense.o)
                                0x215 (size before relaxing)
 .debug_str     0x0000075c      0x831 .\CortexM3\ARM_GCC_541\Debug\Widerstandsmessung_Digital.a(CyLib.o)
                                0xa70 (size before relaxing)
 .debug_str     0x00000f8d      0x365 .\CortexM3\ARM_GCC_541\Debug\Widerstandsmessung_Digital.a(cyPm.o)
                                0x75c (size before relaxing)
 .debug_str     0x000012f2      0x1c5 .\CortexM3\ARM_GCC_541\Debug\Widerstandsmessung_Digital.a(UART.o)
                                0x3c7 (size before relaxing)
 .debug_str     0x000014b7      0x183 .\CortexM3\ARM_GCC_541\Debug\Widerstandsmessung_Digital.a(UART_IntClock.o)
                                0x35f (size before relaxing)
 .debug_str     0x0000163a      0x20b .\CortexM3\ARM_GCC_541\Debug\Widerstandsmessung_Digital.a(ADC_SAR.o)
                                0x4b4 (size before relaxing)
 .debug_str     0x00001845       0x31 .\CortexM3\ARM_GCC_541\Debug\Widerstandsmessung_Digital.a(ADC_SAR_INT.o)
                                0x1c0 (size before relaxing)
 .debug_str     0x00001876      0x1a2 .\CortexM3\ARM_GCC_541\Debug\Widerstandsmessung_Digital.a(ADC_SAR_theACLK.o)
                                0x3c2 (size before relaxing)
 .debug_str     0x00001a18      0x1bb .\CortexM3\ARM_GCC_541\Debug\Widerstandsmessung_Digital.a(CyFlash.o)
                                0x3e9 (size before relaxing)
 .debug_str     0x00001bd3       0xac .\CortexM3\ARM_GCC_541\Debug\Widerstandsmessung_Digital.a(CySpc.o)
                                0x361 (size before relaxing)

.debug_loc      0x00000000     0x22b1
 *(.debug_loc)
 .debug_loc     0x00000000       0xb7 .\CortexM3\ARM_GCC_541\Debug\main.o
 .debug_loc     0x000000b7      0x1fd .\CortexM3\ARM_GCC_541\Debug\cyfitter_cfg.o
 .debug_loc     0x000002b4      0x144 .\CortexM3\ARM_GCC_541\Debug\Cm3Start.o
 .debug_loc     0x000003f8       0x42 .\CortexM3\ARM_GCC_541\Debug\Widerstandsmessung_Digital.a(P_charge.o)
 .debug_loc     0x0000043a       0x42 .\CortexM3\ARM_GCC_541\Debug\Widerstandsmessung_Digital.a(P_charge_ref.o)
 .debug_loc     0x0000047c       0x42 .\CortexM3\ARM_GCC_541\Debug\Widerstandsmessung_Digital.a(P_discharge.o)
 .debug_loc     0x000004be       0x42 .\CortexM3\ARM_GCC_541\Debug\Widerstandsmessung_Digital.a(P_sense.o)
 .debug_loc     0x00000500      0xa11 .\CortexM3\ARM_GCC_541\Debug\Widerstandsmessung_Digital.a(CyLib.o)
 .debug_loc     0x00000f11      0x1e4 .\CortexM3\ARM_GCC_541\Debug\Widerstandsmessung_Digital.a(cyPm.o)
 .debug_loc     0x000010f5      0x1f7 .\CortexM3\ARM_GCC_541\Debug\Widerstandsmessung_Digital.a(UART.o)
 .debug_loc     0x000012ec      0x12c .\CortexM3\ARM_GCC_541\Debug\Widerstandsmessung_Digital.a(UART_IntClock.o)
 .debug_loc     0x00001418      0x295 .\CortexM3\ARM_GCC_541\Debug\Widerstandsmessung_Digital.a(ADC_SAR.o)
 .debug_loc     0x000016ad      0x14d .\CortexM3\ARM_GCC_541\Debug\Widerstandsmessung_Digital.a(ADC_SAR_theACLK.o)
 .debug_loc     0x000017fa      0x3b2 .\CortexM3\ARM_GCC_541\Debug\Widerstandsmessung_Digital.a(CyFlash.o)
 .debug_loc     0x00001bac      0x705 .\CortexM3\ARM_GCC_541\Debug\Widerstandsmessung_Digital.a(CySpc.o)

.debug_macinfo
 *(.debug_macinfo)

.debug_ranges   0x00000000      0x758
 *(.debug_ranges)
 .debug_ranges  0x00000000       0x30 .\CortexM3\ARM_GCC_541\Debug\main.o
 .debug_ranges  0x00000030       0x48 .\CortexM3\ARM_GCC_541\Debug\cyfitter_cfg.o
 .debug_ranges  0x00000078       0x38 .\CortexM3\ARM_GCC_541\Debug\Cm3Start.o
 .debug_ranges  0x000000b0       0x28 .\CortexM3\ARM_GCC_541\Debug\Widerstandsmessung_Digital.a(P_charge.o)
 .debug_ranges  0x000000d8       0x28 .\CortexM3\ARM_GCC_541\Debug\Widerstandsmessung_Digital.a(P_charge_ref.o)
 .debug_ranges  0x00000100       0x28 .\CortexM3\ARM_GCC_541\Debug\Widerstandsmessung_Digital.a(P_discharge.o)
 .debug_ranges  0x00000128       0x28 .\CortexM3\ARM_GCC_541\Debug\Widerstandsmessung_Digital.a(P_sense.o)
 .debug_ranges  0x00000150      0x290 .\CortexM3\ARM_GCC_541\Debug\Widerstandsmessung_Digital.a(CyLib.o)
 .debug_ranges  0x000003e0       0x88 .\CortexM3\ARM_GCC_541\Debug\Widerstandsmessung_Digital.a(cyPm.o)
 .debug_ranges  0x00000468       0x90 .\CortexM3\ARM_GCC_541\Debug\Widerstandsmessung_Digital.a(UART.o)
 .debug_ranges  0x000004f8       0x60 .\CortexM3\ARM_GCC_541\Debug\Widerstandsmessung_Digital.a(UART_IntClock.o)
 .debug_ranges  0x00000558       0x98 .\CortexM3\ARM_GCC_541\Debug\Widerstandsmessung_Digital.a(ADC_SAR.o)
 .debug_ranges  0x000005f0       0x10 .\CortexM3\ARM_GCC_541\Debug\Widerstandsmessung_Digital.a(ADC_SAR_INT.o)
 .debug_ranges  0x00000600       0x70 .\CortexM3\ARM_GCC_541\Debug\Widerstandsmessung_Digital.a(ADC_SAR_theACLK.o)
 .debug_ranges  0x00000670       0x78 .\CortexM3\ARM_GCC_541\Debug\Widerstandsmessung_Digital.a(CyFlash.o)
 .debug_ranges  0x000006e8       0x70 .\CortexM3\ARM_GCC_541\Debug\Widerstandsmessung_Digital.a(CySpc.o)

.comment        0x00000000       0x6e
 .comment       0x00000000       0x6e .\CortexM3\ARM_GCC_541\Debug\main.o
                                 0x6f (size before relaxing)
 .comment       0x0000006e       0x6f .\CortexM3\ARM_GCC_541\Debug\cyfitter_cfg.o
 .comment       0x0000006e       0x6f .\CortexM3\ARM_GCC_541\Debug\cymetadata.o
 .comment       0x0000006e       0x6f .\CortexM3\ARM_GCC_541\Debug\Cm3Start.o
 .comment       0x0000006e       0x6f .\CortexM3\ARM_GCC_541\Debug\Widerstandsmessung_Digital.a(P_charge.o)
 .comment       0x0000006e       0x6f .\CortexM3\ARM_GCC_541\Debug\Widerstandsmessung_Digital.a(P_charge_ref.o)
 .comment       0x0000006e       0x6f .\CortexM3\ARM_GCC_541\Debug\Widerstandsmessung_Digital.a(P_discharge.o)
 .comment       0x0000006e       0x6f .\CortexM3\ARM_GCC_541\Debug\Widerstandsmessung_Digital.a(P_sense.o)
 .comment       0x0000006e       0x6f .\CortexM3\ARM_GCC_541\Debug\Widerstandsmessung_Digital.a(CyLib.o)
 .comment       0x0000006e       0x6f .\CortexM3\ARM_GCC_541\Debug\Widerstandsmessung_Digital.a(cyPm.o)
 .comment       0x0000006e       0x6f .\CortexM3\ARM_GCC_541\Debug\Widerstandsmessung_Digital.a(UART.o)
 .comment       0x0000006e       0x6f .\CortexM3\ARM_GCC_541\Debug\Widerstandsmessung_Digital.a(UART_IntClock.o)
 .comment       0x0000006e       0x6f .\CortexM3\ARM_GCC_541\Debug\Widerstandsmessung_Digital.a(ADC_SAR.o)
 .comment       0x0000006e       0x6f .\CortexM3\ARM_GCC_541\Debug\Widerstandsmessung_Digital.a(ADC_SAR_INT.o)
 .comment       0x0000006e       0x6f .\CortexM3\ARM_GCC_541\Debug\Widerstandsmessung_Digital.a(ADC_SAR_theACLK.o)
 .comment       0x0000006e       0x6f .\CortexM3\ARM_GCC_541\Debug\Widerstandsmessung_Digital.a(CyFlash.o)
 .comment       0x0000006e       0x6f .\CortexM3\ARM_GCC_541\Debug\Widerstandsmessung_Digital.a(CySpc.o)

.debug_weaknames
 *(.debug_weaknames)

.debug_funcnames
 *(.debug_funcnames)

.debug_typenames
 *(.debug_typenames)

.debug_varnames
 *(.debug_varnames)

.note.gnu.arm.ident
 *(.note.gnu.arm.ident)

.ARM.attributes
                0x00000000       0x29
 *(.ARM.attributes)
 .ARM.attributes
                0x00000000       0x1d c:/program files (x86)/cypress/psoc creator/4.4/psoc creator/import/gnu/arm/5.4.1/bin/../lib/gcc/arm-none-eabi/5.4.1/armv7-m/crti.o
 .ARM.attributes
                0x0000001d       0x2d c:/program files (x86)/cypress/psoc creator/4.4/psoc creator/import/gnu/arm/5.4.1/bin/../lib/gcc/arm-none-eabi/5.4.1/armv7-m/crtbegin.o
 .ARM.attributes
                0x0000004a       0x1b c:/program files (x86)/cypress/psoc creator/4.4/psoc creator/import/gnu/arm/5.4.1/bin/../lib/gcc/arm-none-eabi/5.4.1/../../../../arm-none-eabi/lib/armv7-m/crt0.o
 .ARM.attributes
                0x00000065       0x33 .\CortexM3\ARM_GCC_541\Debug\main.o
 .ARM.attributes
                0x00000098       0x33 .\CortexM3\ARM_GCC_541\Debug\cyfitter_cfg.o
 .ARM.attributes
                0x000000cb       0x33 .\CortexM3\ARM_GCC_541\Debug\cymetadata.o
 .ARM.attributes
                0x000000fe       0x33 .\CortexM3\ARM_GCC_541\Debug\Cm3Start.o
 .ARM.attributes
                0x00000131       0x33 .\CortexM3\ARM_GCC_541\Debug\Widerstandsmessung_Digital.a(P_charge.o)
 .ARM.attributes
                0x00000164       0x33 .\CortexM3\ARM_GCC_541\Debug\Widerstandsmessung_Digital.a(P_charge_ref.o)
 .ARM.attributes
                0x00000197       0x33 .\CortexM3\ARM_GCC_541\Debug\Widerstandsmessung_Digital.a(P_discharge.o)
 .ARM.attributes
                0x000001ca       0x33 .\CortexM3\ARM_GCC_541\Debug\Widerstandsmessung_Digital.a(P_sense.o)
 .ARM.attributes
                0x000001fd       0x33 .\CortexM3\ARM_GCC_541\Debug\Widerstandsmessung_Digital.a(CyLib.o)
 .ARM.attributes
                0x00000230       0x33 .\CortexM3\ARM_GCC_541\Debug\Widerstandsmessung_Digital.a(cyPm.o)
 .ARM.attributes
                0x00000263       0x33 .\CortexM3\ARM_GCC_541\Debug\Widerstandsmessung_Digital.a(UART.o)
 .ARM.attributes
                0x00000296       0x33 .\CortexM3\ARM_GCC_541\Debug\Widerstandsmessung_Digital.a(UART_IntClock.o)
 .ARM.attributes
                0x000002c9       0x33 .\CortexM3\ARM_GCC_541\Debug\Widerstandsmessung_Digital.a(ADC_SAR.o)
 .ARM.attributes
                0x000002fc       0x33 .\CortexM3\ARM_GCC_541\Debug\Widerstandsmessung_Digital.a(ADC_SAR_INT.o)
 .ARM.attributes
                0x0000032f       0x33 .\CortexM3\ARM_GCC_541\Debug\Widerstandsmessung_Digital.a(ADC_SAR_theACLK.o)
 .ARM.attributes
                0x00000362       0x21 .\CortexM3\ARM_GCC_541\Debug\Widerstandsmessung_Digital.a(CyBootAsmGnu.o)
 .ARM.attributes
                0x00000383       0x33 .\CortexM3\ARM_GCC_541\Debug\Widerstandsmessung_Digital.a(CyFlash.o)
 .ARM.attributes
                0x000003b6       0x33 .\CortexM3\ARM_GCC_541\Debug\Widerstandsmessung_Digital.a(CySpc.o)
 .ARM.attributes
                0x000003e9       0x1d c:/program files (x86)/cypress/psoc creator/4.4/psoc creator/import/gnu/arm/5.4.1/bin/../lib/gcc/arm-none-eabi/5.4.1/armv7-m\libgcc.a(_arm_addsubsf3.o)
 .ARM.attributes
                0x00000406       0x1d c:/program files (x86)/cypress/psoc creator/4.4/psoc creator/import/gnu/arm/5.4.1/bin/../lib/gcc/arm-none-eabi/5.4.1/armv7-m\libgcc.a(_arm_muldivsf3.o)
 .ARM.attributes
                0x00000423       0x1d c:/program files (x86)/cypress/psoc creator/4.4/psoc creator/import/gnu/arm/5.4.1/bin/../lib/gcc/arm-none-eabi/5.4.1/armv7-m\libgcc.a(_aeabi_ldivmod.o)
 .ARM.attributes
                0x00000440       0x2d c:/program files (x86)/cypress/psoc creator/4.4/psoc creator/import/gnu/arm/5.4.1/bin/../lib/gcc/arm-none-eabi/5.4.1/armv7-m\libgcc.a(_udivmoddi4.o)
 .ARM.attributes
                0x0000046d       0x1d c:/program files (x86)/cypress/psoc creator/4.4/psoc creator/import/gnu/arm/5.4.1/bin/../lib/gcc/arm-none-eabi/5.4.1/armv7-m\libgcc.a(_dvmd_tls.o)
 .ARM.attributes
                0x0000048a       0x2d c:/program files (x86)/cypress/psoc creator/4.4/psoc creator/import/gnu/arm/5.4.1/bin/../lib/gcc/arm-none-eabi/5.4.1/../../../../arm-none-eabi/lib/armv7-m\libg_nano.a(lib_a-errno.o)
 .ARM.attributes
                0x000004b7       0x2d c:/program files (x86)/cypress/psoc creator/4.4/psoc creator/import/gnu/arm/5.4.1/bin/../lib/gcc/arm-none-eabi/5.4.1/../../../../arm-none-eabi/lib/armv7-m\libg_nano.a(lib_a-exit.o)
 .ARM.attributes
                0x000004e4       0x2d c:/program files (x86)/cypress/psoc creator/4.4/psoc creator/import/gnu/arm/5.4.1/bin/../lib/gcc/arm-none-eabi/5.4.1/../../../../arm-none-eabi/lib/armv7-m\libg_nano.a(lib_a-impure.o)
 .ARM.attributes
                0x00000511       0x2d c:/program files (x86)/cypress/psoc creator/4.4/psoc creator/import/gnu/arm/5.4.1/bin/../lib/gcc/arm-none-eabi/5.4.1/../../../../arm-none-eabi/lib/armv7-m\libg_nano.a(lib_a-init.o)
 .ARM.attributes
                0x0000053e       0x2d c:/program files (x86)/cypress/psoc creator/4.4/psoc creator/import/gnu/arm/5.4.1/bin/../lib/gcc/arm-none-eabi/5.4.1/../../../../arm-none-eabi/lib/armv7-m\libg_nano.a(lib_a-memcpy-stub.o)
 .ARM.attributes
                0x0000056b       0x2d c:/program files (x86)/cypress/psoc creator/4.4/psoc creator/import/gnu/arm/5.4.1/bin/../lib/gcc/arm-none-eabi/5.4.1/../../../../arm-none-eabi/lib/armv7-m\libg_nano.a(lib_a-memset.o)
 .ARM.attributes
                0x00000598       0x2d c:/program files (x86)/cypress/psoc creator/4.4/psoc creator/import/gnu/arm/5.4.1/bin/../lib/gcc/arm-none-eabi/5.4.1/../../../../arm-none-eabi/lib/armv7-m\libg_nano.a(lib_a-sprintf.o)
 .ARM.attributes
                0x000005c5       0x2d c:/program files (x86)/cypress/psoc creator/4.4/psoc creator/import/gnu/arm/5.4.1/bin/../lib/gcc/arm-none-eabi/5.4.1/../../../../arm-none-eabi/lib/armv7-m\libg_nano.a(lib_a-nano-svfprintf.o)
 .ARM.attributes
                0x000005f2       0x2d c:/program files (x86)/cypress/psoc creator/4.4/psoc creator/import/gnu/arm/5.4.1/bin/../lib/gcc/arm-none-eabi/5.4.1/../../../../arm-none-eabi/lib/armv7-m\libg_nano.a(lib_a-nano-vfprintf_i.o)
 .ARM.attributes
                0x0000061f       0x2d c:/program files (x86)/cypress/psoc creator/4.4/psoc creator/import/gnu/arm/5.4.1/bin/../lib/gcc/arm-none-eabi/5.4.1/../../../../arm-none-eabi/lib/armv7-m\libg_nano.a(lib_a-memchr-stub.o)
 .ARM.attributes
                0x0000064c       0x2d c:/program files (x86)/cypress/psoc creator/4.4/psoc creator/import/gnu/arm/5.4.1/bin/../lib/gcc/arm-none-eabi/5.4.1/../../../../arm-none-eabi/lib/armv7-m\libg_nano.a(lib_a-memmove.o)
 .ARM.attributes
                0x00000679       0x2d c:/program files (x86)/cypress/psoc creator/4.4/psoc creator/import/gnu/arm/5.4.1/bin/../lib/gcc/arm-none-eabi/5.4.1/../../../../arm-none-eabi/lib/armv7-m\libg_nano.a(lib_a-nano-freer.o)
 .ARM.attributes
                0x000006a6       0x2d c:/program files (x86)/cypress/psoc creator/4.4/psoc creator/import/gnu/arm/5.4.1/bin/../lib/gcc/arm-none-eabi/5.4.1/../../../../arm-none-eabi/lib/armv7-m\libg_nano.a(lib_a-nano-mallocr.o)
 .ARM.attributes
                0x000006d3       0x2d c:/program files (x86)/cypress/psoc creator/4.4/psoc creator/import/gnu/arm/5.4.1/bin/../lib/gcc/arm-none-eabi/5.4.1/../../../../arm-none-eabi/lib/armv7-m\libg_nano.a(lib_a-nano-reallocr.o)
 .ARM.attributes
                0x00000700       0x2d c:/program files (x86)/cypress/psoc creator/4.4/psoc creator/import/gnu/arm/5.4.1/bin/../lib/gcc/arm-none-eabi/5.4.1/../../../../arm-none-eabi/lib/armv7-m\libg_nano.a(lib_a-sbrkr.o)
 .ARM.attributes
                0x0000072d       0x2d c:/program files (x86)/cypress/psoc creator/4.4/psoc creator/import/gnu/arm/5.4.1/bin/../lib/gcc/arm-none-eabi/5.4.1/../../../../arm-none-eabi/lib/armv7-m\libg_nano.a(lib_a-mlock.o)
 .ARM.attributes
                0x0000075a       0x2d c:/program files (x86)/cypress/psoc creator/4.4/psoc creator/import/gnu/arm/5.4.1/bin/../lib/gcc/arm-none-eabi/5.4.1/../../../../arm-none-eabi/lib/armv7-m\libg_nano.a(lib_a-nano-msizer.o)
 .ARM.attributes
                0x00000787       0x2d c:/program files (x86)/cypress/psoc creator/4.4/psoc creator/import/gnu/arm/5.4.1/bin/../lib/gcc/arm-none-eabi/5.4.1/../../../../arm-none-eabi/lib/armv7-m\libg_nano.a(lib_a-reent.o)
 .ARM.attributes
                0x000007b4       0x2d c:/program files (x86)/cypress/psoc creator/4.4/psoc creator/import/gnu/arm/5.4.1/bin/../lib/gcc/arm-none-eabi/5.4.1/armv7-m/crtend.o
 .ARM.attributes
                0x000007e1       0x1d c:/program files (x86)/cypress/psoc creator/4.4/psoc creator/import/gnu/arm/5.4.1/bin/../lib/gcc/arm-none-eabi/5.4.1/armv7-m/crtn.o

/DISCARD/
 *(.note.GNU-stack)
OUTPUT(C:\Users\hasel\OneDrive\Dokumente\PSoC Creator\Widerstandsmessung_Digital\Widerstandsmessung_Digital.cydsn\CortexM3\ARM_GCC_541\Debug\Widerstandsmessung_Digital.elf elf32-littlearm)
