Archive member included to satisfy reference by file (symbol)

.\CortexM3\ARM_GCC_541\Debug\Widerstandsmessung_Digital.a(P_charge.o)
                              .\CortexM3\ARM_GCC_541\Debug\main.o (P_charge_Write)
.\CortexM3\ARM_GCC_541\Debug\Widerstandsmessung_Digital.a(P_charge_ref.o)
                              .\CortexM3\ARM_GCC_541\Debug\main.o (P_charge_ref_Write)
.\CortexM3\ARM_GCC_541\Debug\Widerstandsmessung_Digital.a(P_discharge.o)
                              .\CortexM3\ARM_GCC_541\Debug\main.o (P_discharge_Write)
.\CortexM3\ARM_GCC_541\Debug\Widerstandsmessung_Digital.a(P_sense.o)
                              .\CortexM3\ARM_GCC_541\Debug\main.o (P_sense_Read)
.\CortexM3\ARM_GCC_541\Debug\Widerstandsmessung_Digital.a(CyLib.o)
                              .\CortexM3\ARM_GCC_541\Debug\Cm3Start.o (CyHalt)
.\CortexM3\ARM_GCC_541\Debug\Widerstandsmessung_Digital.a(cyPm.o)
                              .\CortexM3\ARM_GCC_541\Debug\Widerstandsmessung_Digital.a(CyLib.o) (CyPmReadStatus)
.\CortexM3\ARM_GCC_541\Debug\Widerstandsmessung_Digital.a(UART.o)
                              .\CortexM3\ARM_GCC_541\Debug\main.o (UART_Start)
.\CortexM3\ARM_GCC_541\Debug\Widerstandsmessung_Digital.a(UART_IntClock.o)
                              .\CortexM3\ARM_GCC_541\Debug\Widerstandsmessung_Digital.a(UART.o) (UART_IntClock_Start)
.\CortexM3\ARM_GCC_541\Debug\Widerstandsmessung_Digital.a(ADC_SAR.o)
                              .\CortexM3\ARM_GCC_541\Debug\main.o (ADC_SAR_IsEndConversion)
.\CortexM3\ARM_GCC_541\Debug\Widerstandsmessung_Digital.a(ADC_SAR_INT.o)
                              .\CortexM3\ARM_GCC_541\Debug\Widerstandsmessung_Digital.a(ADC_SAR.o) (ADC_SAR_ISR)
.\CortexM3\ARM_GCC_541\Debug\Widerstandsmessung_Digital.a(ADC_SAR_theACLK.o)
                              .\CortexM3\ARM_GCC_541\Debug\Widerstandsmessung_Digital.a(ADC_SAR.o) (ADC_SAR_theACLK_SetModeRegister)
.\CortexM3\ARM_GCC_541\Debug\Widerstandsmessung_Digital.a(isr_p_sense.o)
                              .\CortexM3\ARM_GCC_541\Debug\main.o (isr_p_sense_StartEx)
.\CortexM3\ARM_GCC_541\Debug\Widerstandsmessung_Digital.a(Timer.o)
                              .\CortexM3\ARM_GCC_541\Debug\main.o (Timer_ReadCapture)
.\CortexM3\ARM_GCC_541\Debug\Widerstandsmessung_Digital.a(isr_timeout.o)
                              .\CortexM3\ARM_GCC_541\Debug\main.o (isr_timeout_StartEx)
.\CortexM3\ARM_GCC_541\Debug\Widerstandsmessung_Digital.a(Control_Reg.o)
                              .\CortexM3\ARM_GCC_541\Debug\main.o (Control_Reg_Write)
.\CortexM3\ARM_GCC_541\Debug\Widerstandsmessung_Digital.a(CyBootAsmGnu.o)
                              .\CortexM3\ARM_GCC_541\Debug\cyfitter_cfg.o (CyDelayCycles)
.\CortexM3\ARM_GCC_541\Debug\Widerstandsmessung_Digital.a(CyFlash.o)
                              .\CortexM3\ARM_GCC_541\Debug\Widerstandsmessung_Digital.a(cyPm.o) (CyFlash_SetWaitCycles)
.\CortexM3\ARM_GCC_541\Debug\Widerstandsmessung_Digital.a(CySpc.o)
                              .\CortexM3\ARM_GCC_541\Debug\Widerstandsmessung_Digital.a(CyFlash.o) (CySpcStart)
c:/program files (x86)/cypress/psoc creator/4.4/psoc creator/import/gnu/arm/5.4.1/bin/../lib/gcc/arm-none-eabi/5.4.1/armv7-m\libgcc.a(_arm_addsubsf3.o)
                              .\CortexM3\ARM_GCC_541\Debug\Widerstandsmessung_Digital.a(ADC_SAR.o) (__aeabi_i2f)
c:/program files (x86)/cypress/psoc creator/4.4/psoc creator/import/gnu/arm/5.4.1/bin/../lib/gcc/arm-none-eabi/5.4.1/armv7-m\libgcc.a(_arm_muldivsf3.o)
                              .\CortexM3\ARM_GCC_541\Debug\Widerstandsmessung_Digital.a(ADC_SAR.o) (__aeabi_fmul)
c:/program files (x86)/cypress/psoc creator/4.4/psoc creator/import/gnu/arm/5.4.1/bin/../lib/gcc/arm-none-eabi/5.4.1/armv7-m\libgcc.a(_aeabi_ldivmod.o)
                              .\CortexM3\ARM_GCC_541\Debug\Widerstandsmessung_Digital.a(ADC_SAR.o) (__aeabi_ldivmod)
c:/program files (x86)/cypress/psoc creator/4.4/psoc creator/import/gnu/arm/5.4.1/bin/../lib/gcc/arm-none-eabi/5.4.1/armv7-m\libgcc.a(_udivmoddi4.o)
                              c:/program files (x86)/cypress/psoc creator/4.4/psoc creator/import/gnu/arm/5.4.1/bin/../lib/gcc/arm-none-eabi/5.4.1/armv7-m\libgcc.a(_aeabi_ldivmod.o) (__udivmoddi4)
c:/program files (x86)/cypress/psoc creator/4.4/psoc creator/import/gnu/arm/5.4.1/bin/../lib/gcc/arm-none-eabi/5.4.1/armv7-m\libgcc.a(_dvmd_tls.o)
                              c:/program files (x86)/cypress/psoc creator/4.4/psoc creator/import/gnu/arm/5.4.1/bin/../lib/gcc/arm-none-eabi/5.4.1/armv7-m\libgcc.a(_aeabi_ldivmod.o) (__aeabi_ldiv0)
c:/program files (x86)/cypress/psoc creator/4.4/psoc creator/import/gnu/arm/5.4.1/bin/../lib/gcc/arm-none-eabi/5.4.1/../../../../arm-none-eabi/lib/armv7-m\libg_nano.a(lib_a-errno.o)
                              .\CortexM3\ARM_GCC_541\Debug\Cm3Start.o (__errno)
[...]
Memory Configuration

Name             Origin             Length             Attributes
rom              0x00000000         0x00040000         xr
ram              0x1fff8000         0x00010000         xrw
*default*        0x00000000         0xffffffff

Linker script and memory map

LOAD c:/program files (x86)/cypress/psoc creator/4.4/psoc creator/import/gnu/arm/5.4.1/bin/../lib/gcc/arm-none-eabi/5.4.1/armv7-m/crti.o
LOAD c:/program files (x86)/cypress/psoc creator/4.4/psoc creator/import/gnu/arm/5.4.1/bin/../lib/gcc/arm-none-eabi/5.4.1/armv7-m/crtbegin.o
LOAD c:/program files (x86)/cypress/psoc creator/4.4/psoc creator/import/gnu/arm/5.4.1/bin/../lib/gcc/arm-none-eabi/5.4.1/../../../../arm-none-eabi/lib/armv7-m/crt0.o
START GROUP
LOAD .\CortexM3\ARM_GCC_541\Debug\main.o
LOAD .\CortexM3\ARM_GCC_541\Debug\pseudo_adc.o
LOAD .\CortexM3\ARM_GCC_541\Debug\cyfitter_cfg.o
LOAD .\CortexM3\ARM_GCC_541\Debug\cymetadata.o
LOAD .\CortexM3\ARM_GCC_541\Debug\Cm3Start.o
LOAD .\CortexM3\ARM_GCC_541\Debug\Widerstandsmessung_Digital.a
LOAD C:\Program Files (x86)\Cypress\PSoC Creator\4.4\PSoC Creator\psoc\content\cycomponentlibrary\CyComponentLibrary.cylib\CortexM3\ARM_GCC_541\Debug\CyComponentLibrary.a
END GROUP
START GROUP
LOAD c:/program files (x86)/cypress/psoc creator/4.4/psoc creator/import/gnu/arm/5.4.1/bin/../lib/gcc/arm-none-eabi/5.4.1/armv7-m\libgcc.a
LOAD c:/program files (x86)/cypress/psoc creator/4.4/psoc creator/import/gnu/arm/5.4.1/bin/../lib/gcc/arm-none-eabi/5.4.1/../../../../arm-none-eabi/lib/armv7-m\libg_nano.a
LOAD c:/program files (x86)/cypress/psoc creator/4.4/psoc creator/import/gnu/arm/5.4.1/bin/../lib/gcc/arm-none-eabi/5.4.1/../../../../arm-none-eabi/lib/armv7-m\libc_nano.a
END GROUP
START GROUP
LOAD c:/program files (x86)/cypress/psoc creator/4.4/psoc creator/import/gnu/arm/5.4.1/bin/../lib/gcc/arm-none-eabi/5.4.1/armv7-m\libgcc.a
LOAD c:/program files (x86)/cypress/psoc creator/4.4/psoc creator/import/gnu/arm/5.4.1/bin/../lib/gcc/arm-none-eabi/5.4.1/../../../../arm-none-eabi/lib/armv7-m\libc_nano.a
END GROUP
LOAD c:/program files (x86)/cypress/psoc creator/4.4/psoc creator/import/gnu/arm/5.4.1/bin/../lib/gcc/arm-none-eabi/5.4.1/armv7-m/crtend.o
LOAD c:/program files (x86)/cypress/psoc creator/4.4/psoc creator/import/gnu/arm/5.4.1/bin/../lib/gcc/arm-none-eabi/5.4.1/armv7-m/crtn.o
START GROUP
LOAD c:/program files (x86)/cypress/psoc creator/4.4/psoc creator/import/gnu/arm/5.4.1/bin/../lib/gcc/arm-none-eabi/5.4.1/armv7-m\libgcc.a
LOAD c:/program files (x86)/cypress/psoc creator/4.4/psoc creator/import/gnu/arm/5.4.1/bin/../lib/gcc/arm-none-eabi/5.4.1/../../../../arm-none-eabi/lib/armv7-m\libc.a
LOAD c:/program files (x86)/cypress/psoc creator/4.4/psoc creator/import/gnu/arm/5.4.1/bin/../lib/gcc/arm-none-eabi/5.4.1/../../../../arm-none-eabi/lib/armv7-m\libnosys.a
END GROUP
                0x00000000                CY_APPL_ORIGIN = 0x0
                0x00000100                CY_FLASH_ROW_SIZE = 0x100
                0x00000020                CY_ECC_ROW_SIZE = 0x20
                0x00000000                CY_EE_IN_BTLDR = 0x0
                0x00000000                CY_APPL_LOADABLE = 0x0
                0x00000800                CY_EE_SIZE = 0x800
                0x00000001                CY_APPL_NUM = 0x1
                0x00000001                CY_APPL_MAX = 0x1
                0x00000040                CY_METADATA_SIZE = 0x40
                0x00000000                CY_APPL_LOADABLE = 0x0
                0x00000000                CY_CHECKSUM_EXCLUDE_SIZE = ALIGN (0x0, CY_FLASH_ROW_SIZE)
                [!provide]                PROVIDE (__cy_heap_start, _end)
                0x00000001                PROVIDE (__cy_region_num, ((__cy_regions_end - __cy_regions) / 0x10))
                0x20008000                PROVIDE (__cy_stack, (ORIGIN (ram) + LENGTH (ram)))
                [!provide]                PROVIDE (__cy_heap_end, (__cy_stack - 0x800))

.cybootloader   0x00000000        0x0
 *(.cybootloader)
                0x00000000                appl1_start = CY_APPL_ORIGIN?CY_APPL_ORIGIN:ALIGN (CY_FLASH_ROW_SIZE)
                0x0001ff00                appl2_start = (appl1_start + ALIGN ((((LENGTH (rom) - appl1_start) - (0x2 * CY_FLASH_ROW_SIZE)) / 0x2), CY_FLASH_ROW_SIZE))
                0x00000000                appl_start = (CY_APPL_NUM == 0x1)?appl1_start:appl2_start
                0x00000000                ecc_offset = ((appl_start / CY_FLASH_ROW_SIZE) * CY_ECC_ROW_SIZE)
                0x00000000                ee_offset = (CY_APPL_LOADABLE && ! (CY_EE_IN_BTLDR))?((CY_EE_SIZE / CY_APPL_MAX) * (CY_APPL_NUM - 0x1)):0x0
                0x00000800                ee_size = (CY_APPL_LOADABLE && ! (CY_EE_IN_BTLDR))?(CY_EE_SIZE / CY_APPL_MAX):CY_EE_SIZE
                [!provide]                PROVIDE (CY_ECC_OFFSET, ecc_offset)

.text           0x00000000     0x10a0
 CREATE_OBJECT_SYMBOLS
                0x00000000                PROVIDE (__cy_interrupt_vector, RomVectors)
 *(.romvectors)
 .romvectors    0x00000000       0x10 .\CortexM3\ARM_GCC_541\Debug\Cm3Start.o
                0x00000000                RomVectors
                0x00000001                ASSERT ((. != __cy_interrupt_vector), No interrupt vector)
                0x00000001                ASSERT (CY_APPL_ORIGIN?(SIZEOF (.cybootloader) <= CY_APPL_ORIGIN):0x1, Wrong image location)
                0x00000010                PROVIDE (__cy_reset, Reset)
 *(.text.Reset)
 .text.Reset    0x00000010       0x18 .\CortexM3\ARM_GCC_541\Debug\Cm3Start.o
                0x00000010                Reset
                0x00000001                ASSERT ((. != __cy_reset), No reset code)
 *(.dma_init)
                0x00000001                ASSERT ((((appl_start + .) <= 0x10000) || 0x1), DMA Init must be within the first 64k of flash)
 *(.text .text.* .gnu.linkonce.t.*)
 .text          0x00000028       0x5c c:/program files (x86)/cypress/psoc creator/4.4/psoc creator/import/gnu/arm/5.4.1/bin/../lib/gcc/arm-none-eabi/5.4.1/armv7-m/crtbegin.o
 .text.measurement_capture
                0x00000084        0xc .\CortexM3\ARM_GCC_541\Debug\main.o
                0x00000084                measurement_capture
 .text.measurement_timeout
                0x00000090        0xc .\CortexM3\ARM_GCC_541\Debug\main.o
                0x00000090                measurement_timeout
 .text.init     0x0000009c       0x2c .\CortexM3\ARM_GCC_541\Debug\main.o
                0x0000009c                init
 .text.discharge
                0x000000c8       0x18 .\CortexM3\ARM_GCC_541\Debug\main.o
                0x000000c8                discharge
 .text.calculate_resistance
                0x000000e0       0x18 .\CortexM3\ARM_GCC_541\Debug\main.o
                0x000000e0                calculate_resistance
 .text.main     0x000000f8       0x7c .\CortexM3\ARM_GCC_541\Debug\main.o
                0x000000f8                main
 .text.CyClockStartupError
                0x00000174        0x4 .\CortexM3\ARM_GCC_541\Debug\cyfitter_cfg.o
 .text.cfg_write_bytes32
                0x00000178       0x34 .\CortexM3\ARM_GCC_541\Debug\cyfitter_cfg.o
 .text.CYMEMZERO
                0x000001ac        0xc .\CortexM3\ARM_GCC_541\Debug\cyfitter_cfg.o
 .text.AnalogSetDefault
                0x000001b8       0x78 .\CortexM3\ARM_GCC_541\Debug\cyfitter_cfg.o
 .text.CYCONFIGCPY
                0x00000230        0x8 .\CortexM3\ARM_GCC_541\Debug\cyfitter_cfg.o
 .text.ClockSetup
                0x00000238       0xf0 .\CortexM3\ARM_GCC_541\Debug\cyfitter_cfg.o
 .text.cyfitter_cfg
                0x00000328      0x100 .\CortexM3\ARM_GCC_541\Debug\cyfitter_cfg.o
                0x00000328                cyfitter_cfg
 .text.IntDefaultHandler
                0x00000428       0x10 .\CortexM3\ARM_GCC_541\Debug\Cm3Start.o
                0x00000428                IntDefaultHandler
 .text._sbrk    0x00000438       0x30 .\CortexM3\ARM_GCC_541\Debug\Cm3Start.o
                0x00000438                _sbrk
 .text.Start_c  0x00000468       0x4c .\CortexM3\ARM_GCC_541\Debug\Cm3Start.o
                0x00000468                Start_c
 .text.initialize_psoc
                0x000004b4       0x68 .\CortexM3\ARM_GCC_541\Debug\Cm3Start.o
                0x000004b4                initialize_psoc
 .text.P_discharge_Write
                0x0000051c       0x18 .\CortexM3\ARM_GCC_541\Debug\Widerstandsmessung_Digital.a(P_discharge.o)
                0x0000051c                P_discharge_Write
 .text.CyDelay  0x00000534       0x2c .\CortexM3\ARM_GCC_541\Debug\Widerstandsmessung_Digital.a(CyLib.o)
                0x00000534                CyDelay
 .text.CyDelayUs
                0x00000560       0x14 .\CortexM3\ARM_GCC_541\Debug\Widerstandsmessung_Digital.a(CyLib.o)
                0x00000560                CyDelayUs
 .text.UART_Init
                0x00000574       0x18 .\CortexM3\ARM_GCC_541\Debug\Widerstandsmessung_Digital.a(UART.o)
                0x00000574                UART_Init
 .text.UART_Enable
                0x0000058c       0x24 .\CortexM3\ARM_GCC_541\Debug\Widerstandsmessung_Digital.a(UART.o)
                0x0000058c                UART_Enable
 .text.UART_Start
                0x000005b0       0x1c .\CortexM3\ARM_GCC_541\Debug\Widerstandsmessung_Digital.a(UART.o)
                0x000005b0                UART_Start
 .text.UART_PutChar
                0x000005cc       0x18 .\CortexM3\ARM_GCC_541\Debug\Widerstandsmessung_Digital.a(UART.o)
                0x000005cc                UART_PutChar
 .text.UART_PutString
                0x000005e4       0x24 .\CortexM3\ARM_GCC_541\Debug\Widerstandsmessung_Digital.a(UART.o)
                0x000005e4                UART_PutString
 .text.UART_IntClock_Start
                0x00000608       0x1c .\CortexM3\ARM_GCC_541\Debug\Widerstandsmessung_Digital.a(UART_IntClock.o)
                0x00000608                UART_IntClock_Start
 .text.isr_p_sense_SetVector
                0x00000624        0xc .\CortexM3\ARM_GCC_541\Debug\Widerstandsmessung_Digital.a(isr_p_sense.o)
                0x00000624                isr_p_sense_SetVector
 .text.isr_p_sense_SetPriority
                0x00000630       0x10 .\CortexM3\ARM_GCC_541\Debug\Widerstandsmessung_Digital.a(isr_p_sense.o)
                0x00000630                isr_p_sense_SetPriority
 .text.isr_p_sense_Enable
                0x00000640        0xc .\CortexM3\ARM_GCC_541\Debug\Widerstandsmessung_Digital.a(isr_p_sense.o)
                0x00000640                isr_p_sense_Enable
 .text.isr_p_sense_Disable
                0x0000064c        0xc .\CortexM3\ARM_GCC_541\Debug\Widerstandsmessung_Digital.a(isr_p_sense.o)
                0x0000064c                isr_p_sense_Disable
 .text.isr_p_sense_StartEx
                0x00000658       0x1c .\CortexM3\ARM_GCC_541\Debug\Widerstandsmessung_Digital.a(isr_p_sense.o)
                0x00000658                isr_p_sense_StartEx
 .text.Timer_Enable
                0x00000674       0x10 .\CortexM3\ARM_GCC_541\Debug\Widerstandsmessung_Digital.a(Timer.o)
                0x00000674                Timer_Enable
 .text.Timer_SetInterruptMode
                0x00000684        0xc .\CortexM3\ARM_GCC_541\Debug\Widerstandsmessung_Digital.a(Timer.o)
                0x00000684                Timer_SetInterruptMode
 .text.Timer_ReadStatusRegister
                0x00000690        0xc .\CortexM3\ARM_GCC_541\Debug\Widerstandsmessung_Digital.a(Timer.o)
                0x00000690                Timer_ReadStatusRegister
 .text.Timer_WritePeriod
                0x0000069c        0xc .\CortexM3\ARM_GCC_541\Debug\Widerstandsmessung_Digital.a(Timer.o)
                0x0000069c                Timer_WritePeriod
 .text.Timer_ReadCapture
                0x000006a8        0xc .\CortexM3\ARM_GCC_541\Debug\Widerstandsmessung_Digital.a(Timer.o)
                0x000006a8                Timer_ReadCapture
 .text.Timer_WriteCounter
                0x000006b4        0xc .\CortexM3\ARM_GCC_541\Debug\Widerstandsmessung_Digital.a(Timer.o)
                0x000006b4                Timer_WriteCounter
 .text.Timer_EnableTrigger
                0x000006c0       0x10 .\CortexM3\ARM_GCC_541\Debug\Widerstandsmessung_Digital.a(Timer.o)
                0x000006c0                Timer_EnableTrigger
 .text.Timer_SetInterruptCount
                0x000006d0       0x1c .\CortexM3\ARM_GCC_541\Debug\Widerstandsmessung_Digital.a(Timer.o)
                0x000006d0                Timer_SetInterruptCount
 .text.Timer_ClearFIFO
                0x000006ec       0x14 .\CortexM3\ARM_GCC_541\Debug\Widerstandsmessung_Digital.a(Timer.o)
                0x000006ec                Timer_ClearFIFO
 .text.Timer_Init
                0x00000700       0x40 .\CortexM3\ARM_GCC_541\Debug\Widerstandsmessung_Digital.a(Timer.o)
                0x00000700                Timer_Init
 .text.Timer_Start
                0x00000740       0x1c .\CortexM3\ARM_GCC_541\Debug\Widerstandsmessung_Digital.a(Timer.o)
                0x00000740                Timer_Start
 .text.isr_timeout_SetVector
                0x0000075c        0xc .\CortexM3\ARM_GCC_541\Debug\Widerstandsmessung_Digital.a(isr_timeout.o)
                0x0000075c                isr_timeout_SetVector
 .text.isr_timeout_SetPriority
                0x00000768       0x10 .\CortexM3\ARM_GCC_541\Debug\Widerstandsmessung_Digital.a(isr_timeout.o)
                0x00000768                isr_timeout_SetPriority
 .text.isr_timeout_Enable
                0x00000778        0xc .\CortexM3\ARM_GCC_541\Debug\Widerstandsmessung_Digital.a(isr_timeout.o)
                0x00000778                isr_timeout_Enable
 .text.isr_timeout_Disable
                0x00000784        0xc .\CortexM3\ARM_GCC_541\Debug\Widerstandsmessung_Digital.a(isr_timeout.o)
                0x00000784                isr_timeout_Disable
 .text.isr_timeout_StartEx
                0x00000790       0x1c .\CortexM3\ARM_GCC_541\Debug\Widerstandsmessung_Digital.a(isr_timeout.o)
                0x00000790                isr_timeout_StartEx
 .text.Control_Reg_Write
                0x000007ac        0xc .\CortexM3\ARM_GCC_541\Debug\Widerstandsmessung_Digital.a(Control_Reg.o)
                0x000007ac                Control_Reg_Write
 .text          0x000007b8       0x20 .\CortexM3\ARM_GCC_541\Debug\Widerstandsmessung_Digital.a(CyBootAsmGnu.o)
                0x000007b8                CyDelayCycles
                0x000007c8                CyEnterCriticalSection
                0x000007d0                CyExitCriticalSection
 .text.__errno  0x000007d8        0xc c:/program files (x86)/cypress/psoc creator/4.4/psoc creator/import/gnu/arm/5.4.1/bin/../lib/gcc/arm-none-eabi/5.4.1/../../../../arm-none-eabi/lib/armv7-m\libg_nano.a(lib_a-errno.o)
                0x000007d8                __errno
 .text.__libc_init_array
                0x000007e4       0x4c c:/program files (x86)/cypress/psoc creator/4.4/psoc creator/import/gnu/arm/5.4.1/bin/../lib/gcc/arm-none-eabi/5.4.1/../../../../arm-none-eabi/lib/armv7-m\libg_nano.a(lib_a-init.o)
                0x000007e4                __libc_init_array
 .text.memcpy   0x00000830       0x16 c:/program files (x86)/cypress/psoc creator/4.4/psoc creator/import/gnu/arm/5.4.1/bin/../lib/gcc/arm-none-eabi/5.4.1/../../../../arm-none-eabi/lib/armv7-m\libg_nano.a(lib_a-memcpy-stub.o)
                0x00000830                memcpy
 .text.memset   0x00000846       0x10 c:/program files (x86)/cypress/psoc creator/4.4/psoc creator/import/gnu/arm/5.4.1/bin/../lib/gcc/arm-none-eabi/5.4.1/../../../../arm-none-eabi/lib/armv7-m\libg_nano.a(lib_a-memset.o)
                0x00000846                memset
 *fill*         0x00000856        0x2 
 .text.sprintf  0x00000858       0x48 c:/program files (x86)/cypress/psoc creator/4.4/psoc creator/import/gnu/arm/5.4.1/bin/../lib/gcc/arm-none-eabi/5.4.1/../../../../arm-none-eabi/lib/armv7-m\libg_nano.a(lib_a-sprintf.o)
                0x00000858                siprintf
                0x00000858                sprintf
 .text.__ssputs_r
                0x000008a0       0xb2 c:/program files (x86)/cypress/psoc creator/4.4/psoc creator/import/gnu/arm/5.4.1/bin/../lib/gcc/arm-none-eabi/5.4.1/../../../../arm-none-eabi/lib/armv7-m\libg_nano.a(lib_a-nano-svfprintf.o)
                0x000008a0                __ssputs_r
 *fill*         0x00000952        0x2 
 .text._svfprintf_r
                0x00000954      0x1e8 c:/program files (x86)/cypress/psoc creator/4.4/psoc creator/import/gnu/arm/5.4.1/bin/../lib/gcc/arm-none-eabi/5.4.1/../../../../arm-none-eabi/lib/armv7-m\libg_nano.a(lib_a-nano-svfprintf.o)
                0x00000954                _svfiprintf_r
                0x00000954                _svfprintf_r
 .text._printf_common
                0x00000b3c       0xec c:/program files (x86)/cypress/psoc creator/4.4/psoc creator/import/gnu/arm/5.4.1/bin/../lib/gcc/arm-none-eabi/5.4.1/../../../../arm-none-eabi/lib/armv7-m\libg_nano.a(lib_a-nano-vfprintf_i.o)
                0x00000b3c                _printf_common
 .text._printf_i
                0x00000c28      0x24c c:/program files (x86)/cypress/psoc creator/4.4/psoc creator/import/gnu/arm/5.4.1/bin/../lib/gcc/arm-none-eabi/5.4.1/../../../../arm-none-eabi/lib/armv7-m\libg_nano.a(lib_a-nano-vfprintf_i.o)
                0x00000c28                _printf_i
 .text.memchr   0x00000e74       0x1c c:/program files (x86)/cypress/psoc creator/4.4/psoc creator/import/gnu/arm/5.4.1/bin/../lib/gcc/arm-none-eabi/5.4.1/../../../../arm-none-eabi/lib/armv7-m\libg_nano.a(lib_a-memchr-stub.o)
                0x00000e74                memchr
 .text.memmove  0x00000e90       0x36 c:/program files (x86)/cypress/psoc creator/4.4/psoc creator/import/gnu/arm/5.4.1/bin/../lib/gcc/arm-none-eabi/5.4.1/../../../../arm-none-eabi/lib/armv7-m\libg_nano.a(lib_a-memmove.o)
                0x00000e90                memmove
 *fill*         0x00000ec6        0x2 
 .text._free_r  0x00000ec8       0x98 c:/program files (x86)/cypress/psoc creator/4.4/psoc creator/import/gnu/arm/5.4.1/bin/../lib/gcc/arm-none-eabi/5.4.1/../../../../arm-none-eabi/lib/armv7-m\libg_nano.a(lib_a-nano-freer.o)
                0x00000ec8                _free_r
 .text._malloc_r
                0x00000f60       0xbc c:/program files (x86)/cypress/psoc creator/4.4/psoc creator/import/gnu/arm/5.4.1/bin/../lib/gcc/arm-none-eabi/5.4.1/../../../../arm-none-eabi/lib/armv7-m\libg_nano.a(lib_a-nano-mallocr.o)
                0x00000f60                _malloc_r
 .text._realloc_r
                0x0000101c       0x4c c:/program files (x86)/cypress/psoc creator/4.4/psoc creator/import/gnu/arm/5.4.1/bin/../lib/gcc/arm-none-eabi/5.4.1/../../../../arm-none-eabi/lib/armv7-m\libg_nano.a(lib_a-nano-reallocr.o)
                0x0000101c                _realloc_r
 .text._sbrk_r  0x00001068       0x20 c:/program files (x86)/cypress/psoc creator/4.4/psoc creator/import/gnu/arm/5.4.1/bin/../lib/gcc/arm-none-eabi/5.4.1/../../../../arm-none-eabi/lib/armv7-m\libg_nano.a(lib_a-sbrkr.o)
                0x00001068                _sbrk_r
 .text.__malloc_lock
                0x00001088        0x2 c:/program files (x86)/cypress/psoc creator/4.4/psoc creator/import/gnu/arm/5.4.1/bin/../lib/gcc/arm-none-eabi/5.4.1/../../../../arm-none-eabi/lib/armv7-m\libg_nano.a(lib_a-mlock.o)
                0x00001088                __malloc_lock
 .text.__malloc_unlock
                0x0000108a        0x2 c:/program files (x86)/cypress/psoc creator/4.4/psoc creator/import/gnu/arm/5.4.1/bin/../lib/gcc/arm-none-eabi/5.4.1/../../../../arm-none-eabi/lib/armv7-m\libg_nano.a(lib_a-mlock.o)
                0x0000108a                __malloc_unlock
 .text._malloc_usable_size_r
                0x0000108c       0x14 c:/program files (x86)/cypress/psoc creator/4.4/psoc creator/import/gnu/arm/5.4.1/bin/../lib/gcc/arm-none-eabi/5.4.1/../../../../arm-none-eabi/lib/armv7-m\libg_nano.a(lib_a-nano-msizer.o)
                0x0000108c                _malloc_usable_size_r
 *(.plt)
 *(.gnu.warning)
 *(.glue_7t)
 .glue_7t       0x000010a0        0x0 linker stubs
 *(.glue_7)
 .glue_7        0x000010a0        0x0 linker stubs
 *(.vfp11_veneer)
 .vfp11_veneer  0x000010a0        0x0 linker stubs
 *(.bootloader)
 *(.ARM.extab* .gnu.linkonce.armextab.*)
 *(.gcc_except_table)

.v4_bx          0x000010a0        0x0
 .v4_bx         0x000010a0        0x0 linker stubs

.iplt           0x000010a0        0x0
 .iplt          0x000010a0        0x0 c:/program files (x86)/cypress/psoc creator/4.4/psoc creator/import/gnu/arm/5.4.1/bin/../lib/gcc/arm-none-eabi/5.4.1/armv7-m/crtbegin.o

.eh_frame_hdr
 *(.eh_frame_hdr)

.eh_frame       0x000010a0        0x4
 *(.eh_frame)
 .eh_frame      0x000010a0        0x0 c:/program files (x86)/cypress/psoc creator/4.4/psoc creator/import/gnu/arm/5.4.1/bin/../lib/gcc/arm-none-eabi/5.4.1/armv7-m/crtbegin.o
 .eh_frame      0x000010a0        0x4 c:/program files (x86)/cypress/psoc creator/4.4/psoc creator/import/gnu/arm/5.4.1/bin/../lib/gcc/arm-none-eabi/5.4.1/armv7-m/crtend.o
                [!provide]                PROVIDE (__exidx_start, .)

.ARM.exidx
 *(.ARM.exidx* .gnu.linkonce.armexidx.*)
                0x000010a4                __exidx_end = .

.rodata         0x000010a4       0xc4
 *(.rodata .rodata.* .gnu.linkonce.r.*)
 .rodata.str1.4
                0x000010a4       0x34 .\CortexM3\ARM_GCC_541\Debug\main.o
                                 0x32 (size before relaxing)
 .rodata        0x000010d8       0x24 .\CortexM3\ARM_GCC_541\Debug\cyfitter_cfg.o
 .rodata.str1.1
                0x000010fc        0x2 c:/program files (x86)/cypress/psoc creator/4.4/psoc creator/import/gnu/arm/5.4.1/bin/../lib/gcc/arm-none-eabi/5.4.1/../../../../arm-none-eabi/lib/armv7-m\libg_nano.a(lib_a-impure.o)
 .rodata.str1.1
                0x000010fe       0x11 c:/program files (x86)/cypress/psoc creator/4.4/psoc creator/import/gnu/arm/5.4.1/bin/../lib/gcc/arm-none-eabi/5.4.1/../../../../arm-none-eabi/lib/armv7-m\libg_nano.a(lib_a-nano-svfprintf.o)
 .rodata.str1.1
                0x0000110f       0x22 c:/program files (x86)/cypress/psoc creator/4.4/psoc creator/import/gnu/arm/5.4.1/bin/../lib/gcc/arm-none-eabi/5.4.1/../../../../arm-none-eabi/lib/armv7-m\libg_nano.a(lib_a-nano-vfprintf_i.o)
                0x00001134                . = ALIGN (0x4)
 *fill*         0x00001131        0x3 
 *(.init)
 .init          0x00001134        0x4 c:/program files (x86)/cypress/psoc creator/4.4/psoc creator/import/gnu/arm/5.4.1/bin/../lib/gcc/arm-none-eabi/5.4.1/armv7-m/crti.o
                0x00001134                _init
 .init          0x00001138        0x8 c:/program files (x86)/cypress/psoc creator/4.4/psoc creator/import/gnu/arm/5.4.1/bin/../lib/gcc/arm-none-eabi/5.4.1/armv7-m/crtn.o
                0x00001140                . = ALIGN (0x4)
                0x00001140                __preinit_array_start = .
 *(.preinit_array)
                0x00001140                __preinit_array_end = .
                0x00001140                . = ALIGN (0x4)
                0x00001140                __init_array_start = .
 *(SORT(.init_array.*))
 *(.init_array)
 .init_array    0x00001140        0x4 c:/program files (x86)/cypress/psoc creator/4.4/psoc creator/import/gnu/arm/5.4.1/bin/../lib/gcc/arm-none-eabi/5.4.1/armv7-m/crtbegin.o
 .init_array    0x00001144        0x4 .\CortexM3\ARM_GCC_541\Debug\Cm3Start.o
                0x00001148                __init_array_end = .
                0x00001148                . = ALIGN (0x4)
 *(.fini)
 .fini          0x00001148        0x4 c:/program files (x86)/cypress/psoc creator/4.4/psoc creator/import/gnu/arm/5.4.1/bin/../lib/gcc/arm-none-eabi/5.4.1/armv7-m/crti.o
                0x00001148                _fini
 .fini          0x0000114c        0x8 c:/program files (x86)/cypress/psoc creator/4.4/psoc creator/import/gnu/arm/5.4.1/bin/../lib/gcc/arm-none-eabi/5.4.1/armv7-m/crtn.o
                0x00001154                . = ALIGN (0x4)
                0x00001154                __fini_array_start = .
 *(.fini_array)
 .fini_array    0x00001154        0x4 c:/program files (x86)/cypress/psoc creator/4.4/psoc creator/import/gnu/arm/5.4.1/bin/../lib/gcc/arm-none-eabi/5.4.1/armv7-m/crtbegin.o
 *(SORT(.fini_array.*))
                0x00001158                __fini_array_end = .
                0x00001158                . = ALIGN (0x4)
 *crtbegin.o(.ctors)
 *(EXCLUDE_FILE(*crtend.o) .ctors)
 *(SORT(.ctors.*))
 *crtend.o(.ctors)
                0x00001158                . = ALIGN (0x4)
 *crtbegin.o(.dtors)
 *(EXCLUDE_FILE(*crtend.o) .dtors)
 *(SORT(.dtors.*))
 *crtend.o(.dtors)
                0x00001158                . = ALIGN (0x4)
                0x00001158                __cy_regions = .
                0x00001158        0x4 LONG 0x1168 __cy_region_init_ram
                0x0000115c        0x4 LONG 0x1fff80c8 __cy_region_start_data
                0x00001160        0x4 LONG 0x80 __cy_region_init_size_ram
                0x00001164        0x4 LONG 0xa0 __cy_region_zero_size_ram
                0x00001168                __cy_regions_end = .
                0x00001168                . = ALIGN (0x8)
                0x00001168                _etext = .

.cy_checksum_exclude
                0x00001168        0x0
 *(.cy_checksum_exclude)

.ramvectors     0x1fff8000       0xc0
                0x1fff8000                __cy_region_start_ram = .
 *(.ramvectors)
 .ramvectors    0x1fff8000       0xc0 .\CortexM3\ARM_GCC_541\Debug\Cm3Start.o
                0x1fff8000                CyRamVectors

.noinit         0x1fff80c0        0x1
 *(.noinit)
 .noinit        0x1fff80c0        0x1 .\CortexM3\ARM_GCC_541\Debug\Widerstandsmessung_Digital.a(CyLib.o)
                0x1fff80c0                CyResetStatus

.data           0x1fff80c8       0x80 load address 0x00001168
                0x1fff80c8                __cy_region_start_data = .
 *(.jcr)
 .jcr           0x1fff80c8        0x0 c:/program files (x86)/cypress/psoc creator/4.4/psoc creator/import/gnu/arm/5.4.1/bin/../lib/gcc/arm-none-eabi/5.4.1/armv7-m/crtbegin.o
 .jcr           0x1fff80c8        0x4 c:/program files (x86)/cypress/psoc creator/4.4/psoc creator/import/gnu/arm/5.4.1/bin/../lib/gcc/arm-none-eabi/5.4.1/armv7-m/crtend.o
 *(.got.plt)
 *(.got)
 *(.shdata)
 *(.data .data.* .gnu.linkonce.d.*)
 .data          0x1fff80cc        0x4 .\CortexM3\ARM_GCC_541\Debug\Cm3Start.o
 .data          0x1fff80d0       0x10 .\CortexM3\ARM_GCC_541\Debug\Widerstandsmessung_Digital.a(CyLib.o)
                0x1fff80d0                cydelay_32k_ms
                0x1fff80d4                cydelay_freq_khz
                0x1fff80d8                cydelay_freq_mhz
                0x1fff80dc                cydelay_freq_hz
 .data.impure_data
                0x1fff80e0       0x60 c:/program files (x86)/cypress/psoc creator/4.4/psoc creator/import/gnu/arm/5.4.1/bin/../lib/gcc/arm-none-eabi/5.4.1/../../../../arm-none-eabi/lib/armv7-m\libg_nano.a(lib_a-impure.o)
 .data._impure_ptr
                0x1fff8140        0x4 c:/program files (x86)/cypress/psoc creator/4.4/psoc creator/import/gnu/arm/5.4.1/bin/../lib/gcc/arm-none-eabi/5.4.1/../../../../arm-none-eabi/lib/armv7-m\libg_nano.a(lib_a-impure.o)
                0x1fff8140                _impure_ptr
                0x1fff8148                . = ALIGN (0x8)
 *fill*         0x1fff8144        0x4 
 *(.ram)
                0x1fff8148                _edata = .

.igot.plt       0x1fff8148        0x0 load address 0x000011e8
 .igot.plt      0x1fff8148        0x0 c:/program files (x86)/cypress/psoc creator/4.4/psoc creator/import/gnu/arm/5.4.1/bin/../lib/gcc/arm-none-eabi/5.4.1/armv7-m/crtbegin.o

.bss            0x1fff8148       0xa0 load address 0x000011e8
                0x1fff8148                PROVIDE (__bss_start__, .)
 *(.shbss)
 *(.bss .bss.* .gnu.linkonce.b.*)
 .bss           0x1fff8148       0x1c c:/program files (x86)/cypress/psoc creator/4.4/psoc creator/import/gnu/arm/5.4.1/bin/../lib/gcc/arm-none-eabi/5.4.1/armv7-m/crtbegin.o
 .bss           0x1fff8164       0x70 .\CortexM3\ARM_GCC_541\Debug\main.o
                0x1fff8164                trig
 .bss           0x1fff81d4        0x2 .\CortexM3\ARM_GCC_541\Debug\Widerstandsmessung_Digital.a(UART.o)
                0x1fff81d4                UART_initVar
 .bss           0x1fff81d6        0x1 .\CortexM3\ARM_GCC_541\Debug\Widerstandsmessung_Digital.a(Timer.o)
                0x1fff81d6                Timer_initVar
 *fill*         0x1fff81d7        0x1 
 .bss.__malloc_sbrk_start
                0x1fff81d8        0x4 c:/program files (x86)/cypress/psoc creator/4.4/psoc creator/import/gnu/arm/5.4.1/bin/../lib/gcc/arm-none-eabi/5.4.1/../../../../arm-none-eabi/lib/armv7-m\libg_nano.a(lib_a-nano-mallocr.o)
                0x1fff81d8                __malloc_sbrk_start
 .bss.__malloc_free_list
                0x1fff81dc        0x4 c:/program files (x86)/cypress/psoc creator/4.4/psoc creator/import/gnu/arm/5.4.1/bin/../lib/gcc/arm-none-eabi/5.4.1/../../../../arm-none-eabi/lib/armv7-m\libg_nano.a(lib_a-nano-mallocr.o)
                0x1fff81dc                __malloc_free_list
 *(COMMON)
 COMMON         0x1fff81e0        0x4 c:/program files (x86)/cypress/psoc creator/4.4/psoc creator/import/gnu/arm/5.4.1/bin/../lib/gcc/arm-none-eabi/5.4.1/../../../../arm-none-eabi/lib/armv7-m\libg_nano.a(lib_a-reent.o)
                0x1fff81e0                errno
                0x1fff81e8                . = ALIGN (0x8)
 *fill*         0x1fff81e4        0x4 
 *(.ram.b)
                0x1fff81e8                _end = .
                0x1fff81e8                __end = .
                0x1fff81e8                PROVIDE (end, .)
                0x1fff81e8                PROVIDE (__bss_end__, .)
                0x00001168                __cy_region_init_ram = LOADADDR (.data)
                0x00000080                __cy_region_init_size_ram = (_edata - ADDR (.data))
                0x000000a0                __cy_region_zero_size_ram = (_end - _edata)

.heap           0x1fff81e8       0x80 load address 0x000011e8
                0x1fff81e8                . = _end
                0x1fff8268                . = (. + 0x80)
 *fill*         0x1fff81e8       0x80 
                0x1fff8268                __cy_heap_limit = .

.stack          0x20007800      0x800
                0x20007800                __cy_stack_limit = .
                0x20008000                . = (. + 0x800)
 *fill*         0x20007800      0x800 
                0x00000001                ASSERT ((__cy_stack_limit >= __cy_heap_limit), region RAM overflowed with stack)
                0x00000000                cy_checksum_exclude_size = (CY_APPL_LOADABLE == 0x1)?SIZEOF (.cy_checksum_exclude):0x0
                0x00000001                ASSERT ((cy_checksum_exclude_size <= CY_CHECKSUM_EXCLUDE_SIZE), CY_BOOT: Section .cy_checksum_exclude size exceedes specified limit.)

.cyloadermeta
 *(.cyloadermeta)

.cyloadablemeta
 *(.cyloadablemeta)

.cyconfigecc    0x80000000      0x44c
 *(.cyconfigecc)
 .cyconfigecc   0x80000000      0x44c .\CortexM3\ARM_GCC_541\Debug\cymetadata.o
                0x80000000                cy_meta_configecc

.cycustnvl      0x90000000        0x4
 *(.cycustnvl)
 .cycustnvl     0x90000000        0x4 .\CortexM3\ARM_GCC_541\Debug\cymetadata.o
                0x90000000                cy_meta_custnvl

.cywolatch      0x90100000        0x4
 *(.cywolatch)
 .cywolatch     0x90100000        0x4 .\CortexM3\ARM_GCC_541\Debug\cymetadata.o
                0x90100000                cy_meta_wonvl

.cyeeprom       0x90200000        0x0
 *(.cyeeprom)
                0x00000001                ASSERT ((. <= ((0x90200000 + ee_offset) + ee_size)), .cyeeprom data will not fit in EEPROM)

.cyflashprotect
                0x90400000      0x100
 *(.cyflashprotect)
 .cyflashprotect
                0x90400000      0x100 .\CortexM3\ARM_GCC_541\Debug\cymetadata.o
                0x90400000                cy_meta_flashprotect

.cymeta         0x90500000        0xc
 *(.cymeta)
 .cymeta        0x90500000        0xc .\CortexM3\ARM_GCC_541\Debug\cymetadata.o
                0x90500000                cy_metadata

.rel.dyn        0x000011e8        0x0 load address 0x9050000c
 .rel.iplt      0x000011e8        0x0 c:/program files (x86)/cypress/psoc creator/4.4/psoc creator/import/gnu/arm/5.4.1/bin/../lib/gcc/arm-none-eabi/5.4.1/armv7-m/crtbegin.o

.stab
 *(.stab)

.stabstr
 *(.stabstr)

.debug
 *(.debug)

.line
 *(.line)

.debug_srcinfo
 *(.debug_srcinfo)

.debug_sfnames
 *(.debug_sfnames)

.debug_aranges  0x00000000      0xad8
 *(.debug_aranges)
 .debug_aranges
                0x00000000       0x58 .\CortexM3\ARM_GCC_541\Debug\main.o
 .debug_aranges
                0x00000058       0x60 .\CortexM3\ARM_GCC_541\Debug\pseudo_adc.o
 .debug_aranges
                0x000000b8       0x58 .\CortexM3\ARM_GCC_541\Debug\cyfitter_cfg.o
 .debug_aranges
                0x00000110       0x18 .\CortexM3\ARM_GCC_541\Debug\cymetadata.o
 .debug_aranges
                0x00000128       0x48 .\CortexM3\ARM_GCC_541\Debug\Cm3Start.o
 .debug_aranges
                0x00000170       0x38 .\CortexM3\ARM_GCC_541\Debug\Widerstandsmessung_Digital.a(P_charge.o)
 .debug_aranges
                0x000001a8       0x38 .\CortexM3\ARM_GCC_541\Debug\Widerstandsmessung_Digital.a(P_charge_ref.o)
 .debug_aranges
                0x000001e0       0x38 .\CortexM3\ARM_GCC_541\Debug\Widerstandsmessung_Digital.a(P_discharge.o)
 .debug_aranges
                0x00000218       0x38 .\CortexM3\ARM_GCC_541\Debug\Widerstandsmessung_Digital.a(P_sense.o)
 .debug_aranges
                0x00000250      0x2a0 .\CortexM3\ARM_GCC_541\Debug\Widerstandsmessung_Digital.a(CyLib.o)
 .debug_aranges
                0x000004f0       0x98 .\CortexM3\ARM_GCC_541\Debug\Widerstandsmessung_Digital.a(cyPm.o)
 .debug_aranges
                0x00000588       0xa0 .\CortexM3\ARM_GCC_541\Debug\Widerstandsmessung_Digital.a(UART.o)
 .debug_aranges
                0x00000628       0x70 .\CortexM3\ARM_GCC_541\Debug\Widerstandsmessung_Digital.a(UART_IntClock.o)
 .debug_aranges
                0x00000698       0xa8 .\CortexM3\ARM_GCC_541\Debug\Widerstandsmessung_Digital.a(ADC_SAR.o)
 .debug_aranges
                0x00000740       0x20 .\CortexM3\ARM_GCC_541\Debug\Widerstandsmessung_Digital.a(ADC_SAR_INT.o)
 .debug_aranges
                0x00000760       0x80 .\CortexM3\ARM_GCC_541\Debug\Widerstandsmessung_Digital.a(ADC_SAR_theACLK.o)
 .debug_aranges
                0x000007e0       0x80 .\CortexM3\ARM_GCC_541\Debug\Widerstandsmessung_Digital.a(isr_p_sense.o)
 .debug_aranges
                0x00000860       0xa8 .\CortexM3\ARM_GCC_541\Debug\Widerstandsmessung_Digital.a(Timer.o)
 .debug_aranges
                0x00000908       0x80 .\CortexM3\ARM_GCC_541\Debug\Widerstandsmessung_Digital.a(isr_timeout.o)
 .debug_aranges
                0x00000988       0x28 .\CortexM3\ARM_GCC_541\Debug\Widerstandsmessung_Digital.a(Control_Reg.o)
 .debug_aranges
                0x000009b0       0x20 .\CortexM3\ARM_GCC_541\Debug\Widerstandsmessung_Digital.a(CyBootAsmGnu.o)
 .debug_aranges
                0x000009d0       0x88 .\CortexM3\ARM_GCC_541\Debug\Widerstandsmessung_Digital.a(CyFlash.o)
 .debug_aranges
                0x00000a58       0x80 .\CortexM3\ARM_GCC_541\Debug\Widerstandsmessung_Digital.a(CySpc.o)

.debug_pubnames
 *(.debug_pubnames)

.debug_info     0x00000000     0x5b34
 *(.debug_info .gnu.linkonce.wi.*)
 .debug_info    0x00000000      0x536 .\CortexM3\ARM_GCC_541\Debug\main.o
 .debug_info    0x00000536      0x38a .\CortexM3\ARM_GCC_541\Debug\pseudo_adc.o
 .debug_info    0x000008c0      0x54d .\CortexM3\ARM_GCC_541\Debug\cyfitter_cfg.o
 .debug_info    0x00000e0d      0x135 .\CortexM3\ARM_GCC_541\Debug\cymetadata.o
 .debug_info    0x00000f42      0x3bb .\CortexM3\ARM_GCC_541\Debug\Cm3Start.o
 .debug_info    0x000012fd      0x11f .\CortexM3\ARM_GCC_541\Debug\Widerstandsmessung_Digital.a(P_charge.o)
 .debug_info    0x0000141c      0x11f .\CortexM3\ARM_GCC_541\Debug\Widerstandsmessung_Digital.a(P_charge_ref.o)
 .debug_info    0x0000153b      0x11f .\CortexM3\ARM_GCC_541\Debug\Widerstandsmessung_Digital.a(P_discharge.o)
 .debug_info    0x0000165a      0x11f .\CortexM3\ARM_GCC_541\Debug\Widerstandsmessung_Digital.a(P_sense.o)
 .debug_info    0x00001779     0x1374 .\CortexM3\ARM_GCC_541\Debug\Widerstandsmessung_Digital.a(CyLib.o)
 .debug_info    0x00002aed      0xa2a .\CortexM3\ARM_GCC_541\Debug\Widerstandsmessung_Digital.a(cyPm.o)
 .debug_info    0x00003517      0x45c .\CortexM3\ARM_GCC_541\Debug\Widerstandsmessung_Digital.a(UART.o)
 .debug_info    0x00003973      0x283 .\CortexM3\ARM_GCC_541\Debug\Widerstandsmessung_Digital.a(UART_IntClock.o)
 .debug_info    0x00003bf6      0x5c0 .\CortexM3\ARM_GCC_541\Debug\Widerstandsmessung_Digital.a(ADC_SAR.o)
 .debug_info    0x000041b6       0x92 .\CortexM3\ARM_GCC_541\Debug\Widerstandsmessung_Digital.a(ADC_SAR_INT.o)
 .debug_info    0x00004248      0x2c4 .\CortexM3\ARM_GCC_541\Debug\Widerstandsmessung_Digital.a(ADC_SAR_theACLK.o)
 .debug_info    0x0000450c      0x2d2 .\CortexM3\ARM_GCC_541\Debug\Widerstandsmessung_Digital.a(isr_p_sense.o)
 .debug_info    0x000047de      0x357 .\CortexM3\ARM_GCC_541\Debug\Widerstandsmessung_Digital.a(Timer.o)
 .debug_info    0x00004b35      0x2d2 .\CortexM3\ARM_GCC_541\Debug\Widerstandsmessung_Digital.a(isr_timeout.o)
 .debug_info    0x00004e07       0xd6 .\CortexM3\ARM_GCC_541\Debug\Widerstandsmessung_Digital.a(Control_Reg.o)
 .debug_info    0x00004edd       0xba .\CortexM3\ARM_GCC_541\Debug\Widerstandsmessung_Digital.a(CyBootAsmGnu.o)
 .debug_info    0x00004f97      0x64d .\CortexM3\ARM_GCC_541\Debug\Widerstandsmessung_Digital.a(CyFlash.o)
 .debug_info    0x000055e4      0x550 .\CortexM3\ARM_GCC_541\Debug\Widerstandsmessung_Digital.a(CySpc.o)

.debug_abbrev   0x00000000     0x1b76
 *(.debug_abbrev)
 .debug_abbrev  0x00000000      0x1bd .\CortexM3\ARM_GCC_541\Debug\main.o
 .debug_abbrev  0x000001bd      0x181 .\CortexM3\ARM_GCC_541\Debug\pseudo_adc.o
 .debug_abbrev  0x0000033e      0x1fe .\CortexM3\ARM_GCC_541\Debug\cyfitter_cfg.o
 .debug_abbrev  0x0000053c       0x66 .\CortexM3\ARM_GCC_541\Debug\cymetadata.o
 .debug_abbrev  0x000005a2      0x1e8 .\CortexM3\ARM_GCC_541\Debug\Cm3Start.o
 .debug_abbrev  0x0000078a       0x90 .\CortexM3\ARM_GCC_541\Debug\Widerstandsmessung_Digital.a(P_charge.o)
 .debug_abbrev  0x0000081a       0x90 .\CortexM3\ARM_GCC_541\Debug\Widerstandsmessung_Digital.a(P_charge_ref.o)
 .debug_abbrev  0x000008aa       0x90 .\CortexM3\ARM_GCC_541\Debug\Widerstandsmessung_Digital.a(P_discharge.o)
 .debug_abbrev  0x0000093a       0x90 .\CortexM3\ARM_GCC_541\Debug\Widerstandsmessung_Digital.a(P_sense.o)
 .debug_abbrev  0x000009ca      0x254 .\CortexM3\ARM_GCC_541\Debug\Widerstandsmessung_Digital.a(CyLib.o)
 .debug_abbrev  0x00000c1e      0x1ab .\CortexM3\ARM_GCC_541\Debug\Widerstandsmessung_Digital.a(cyPm.o)
 .debug_abbrev  0x00000dc9      0x175 .\CortexM3\ARM_GCC_541\Debug\Widerstandsmessung_Digital.a(UART.o)
 .debug_abbrev  0x00000f3e      0x139 .\CortexM3\ARM_GCC_541\Debug\Widerstandsmessung_Digital.a(UART_IntClock.o)
 .debug_abbrev  0x00001077      0x1ac .\CortexM3\ARM_GCC_541\Debug\Widerstandsmessung_Digital.a(ADC_SAR.o)
 .debug_abbrev  0x00001223       0x42 .\CortexM3\ARM_GCC_541\Debug\Widerstandsmessung_Digital.a(ADC_SAR_INT.o)
 .debug_abbrev  0x00001265      0x121 .\CortexM3\ARM_GCC_541\Debug\Widerstandsmessung_Digital.a(ADC_SAR_theACLK.o)
 .debug_abbrev  0x00001386      0x173 .\CortexM3\ARM_GCC_541\Debug\Widerstandsmessung_Digital.a(isr_p_sense.o)
 .debug_abbrev  0x000014f9      0x13a .\CortexM3\ARM_GCC_541\Debug\Widerstandsmessung_Digital.a(Timer.o)
 .debug_abbrev  0x00001633      0x173 .\CortexM3\ARM_GCC_541\Debug\Widerstandsmessung_Digital.a(isr_timeout.o)
 .debug_abbrev  0x000017a6       0x81 .\CortexM3\ARM_GCC_541\Debug\Widerstandsmessung_Digital.a(Control_Reg.o)
 .debug_abbrev  0x00001827       0x14 .\CortexM3\ARM_GCC_541\Debug\Widerstandsmessung_Digital.a(CyBootAsmGnu.o)
 .debug_abbrev  0x0000183b      0x1a7 .\CortexM3\ARM_GCC_541\Debug\Widerstandsmessung_Digital.a(CyFlash.o)
 .debug_abbrev  0x000019e2      0x194 .\CortexM3\ARM_GCC_541\Debug\Widerstandsmessung_Digital.a(CySpc.o)

.debug_line     0x00000000     0x2937
 *(.debug_line)
 .debug_line    0x00000000      0x345 .\CortexM3\ARM_GCC_541\Debug\main.o
 .debug_line    0x00000345      0x1d8 .\CortexM3\ARM_GCC_541\Debug\pseudo_adc.o
 .debug_line    0x0000051d      0x1eb .\CortexM3\ARM_GCC_541\Debug\cyfitter_cfg.o
 .debug_line    0x00000708      0x141 .\CortexM3\ARM_GCC_541\Debug\cymetadata.o
 .debug_line    0x00000849      0x234 .\CortexM3\ARM_GCC_541\Debug\Cm3Start.o
 .debug_line    0x00000a7d       0x95 .\CortexM3\ARM_GCC_541\Debug\Widerstandsmessung_Digital.a(P_charge.o)
 .debug_line    0x00000b12       0x99 .\CortexM3\ARM_GCC_541\Debug\Widerstandsmessung_Digital.a(P_charge_ref.o)
 .debug_line    0x00000bab       0x98 .\CortexM3\ARM_GCC_541\Debug\Widerstandsmessung_Digital.a(P_discharge.o)
 .debug_line    0x00000c43       0x94 .\CortexM3\ARM_GCC_541\Debug\Widerstandsmessung_Digital.a(P_sense.o)
 .debug_line    0x00000cd7      0x816 .\CortexM3\ARM_GCC_541\Debug\Widerstandsmessung_Digital.a(CyLib.o)
 .debug_line    0x000014ed      0x367 .\CortexM3\ARM_GCC_541\Debug\Widerstandsmessung_Digital.a(cyPm.o)
 .debug_line    0x00001854      0x1f0 .\CortexM3\ARM_GCC_541\Debug\Widerstandsmessung_Digital.a(UART.o)
 .debug_line    0x00001a44      0x17c .\CortexM3\ARM_GCC_541\Debug\Widerstandsmessung_Digital.a(UART_IntClock.o)
 .debug_line    0x00001bc0      0x21a .\CortexM3\ARM_GCC_541\Debug\Widerstandsmessung_Digital.a(ADC_SAR.o)
 .debug_line    0x00001dda       0x54 .\CortexM3\ARM_GCC_541\Debug\Widerstandsmessung_Digital.a(ADC_SAR_INT.o)
 .debug_line    0x00001e2e      0x1a1 .\CortexM3\ARM_GCC_541\Debug\Widerstandsmessung_Digital.a(ADC_SAR_theACLK.o)
 .debug_line    0x00001fcf      0x138 .\CortexM3\ARM_GCC_541\Debug\Widerstandsmessung_Digital.a(isr_p_sense.o)
 .debug_line    0x00002107      0x1a5 .\CortexM3\ARM_GCC_541\Debug\Widerstandsmessung_Digital.a(Timer.o)
 .debug_line    0x000022ac      0x138 .\CortexM3\ARM_GCC_541\Debug\Widerstandsmessung_Digital.a(isr_timeout.o)
 .debug_line    0x000023e4       0x73 .\CortexM3\ARM_GCC_541\Debug\Widerstandsmessung_Digital.a(Control_Reg.o)
 .debug_line    0x00002457       0x66 .\CortexM3\ARM_GCC_541\Debug\Widerstandsmessung_Digital.a(CyBootAsmGnu.o)
 .debug_line    0x000024bd      0x21a .\CortexM3\ARM_GCC_541\Debug\Widerstandsmessung_Digital.a(CyFlash.o)
 .debug_line    0x000026d7      0x260 .\CortexM3\ARM_GCC_541\Debug\Widerstandsmessung_Digital.a(CySpc.o)

.debug_frame    0x00000000     0x1de0
 *(.debug_frame)
 .debug_frame   0x00000000       0xd4 .\CortexM3\ARM_GCC_541\Debug\main.o
 .debug_frame   0x000000d4       0xa0 .\CortexM3\ARM_GCC_541\Debug\pseudo_adc.o
 .debug_frame   0x00000174       0xfc .\CortexM3\ARM_GCC_541\Debug\cyfitter_cfg.o
 .debug_frame   0x00000270       0xb8 .\CortexM3\ARM_GCC_541\Debug\Cm3Start.o
 .debug_frame   0x00000328       0x50 .\CortexM3\ARM_GCC_541\Debug\Widerstandsmessung_Digital.a(P_charge.o)
 .debug_frame   0x00000378       0x50 .\CortexM3\ARM_GCC_541\Debug\Widerstandsmessung_Digital.a(P_charge_ref.o)
 .debug_frame   0x000003c8       0x50 .\CortexM3\ARM_GCC_541\Debug\Widerstandsmessung_Digital.a(P_discharge.o)
 .debug_frame   0x00000418       0x50 .\CortexM3\ARM_GCC_541\Debug\Widerstandsmessung_Digital.a(P_sense.o)
 .debug_frame   0x00000468      0x738 .\CortexM3\ARM_GCC_541\Debug\Widerstandsmessung_Digital.a(CyLib.o)
 .debug_frame   0x00000ba0      0x1f8 .\CortexM3\ARM_GCC_541\Debug\Widerstandsmessung_Digital.a(cyPm.o)
 .debug_frame   0x00000d98      0x198 .\CortexM3\ARM_GCC_541\Debug\Widerstandsmessung_Digital.a(UART.o)
 .debug_frame   0x00000f30       0xe0 .\CortexM3\ARM_GCC_541\Debug\Widerstandsmessung_Digital.a(UART_IntClock.o)
 .debug_frame   0x00001010      0x1b0 .\CortexM3\ARM_GCC_541\Debug\Widerstandsmessung_Digital.a(ADC_SAR.o)
 .debug_frame   0x000011c0       0x20 .\CortexM3\ARM_GCC_541\Debug\Widerstandsmessung_Digital.a(ADC_SAR_INT.o)
 .debug_frame   0x000011e0      0x100 .\CortexM3\ARM_GCC_541\Debug\Widerstandsmessung_Digital.a(ADC_SAR_theACLK.o)
 .debug_frame   0x000012e0      0x104 .\CortexM3\ARM_GCC_541\Debug\Widerstandsmessung_Digital.a(isr_p_sense.o)
 .debug_frame   0x000013e4      0x154 .\CortexM3\ARM_GCC_541\Debug\Widerstandsmessung_Digital.a(Timer.o)
 .debug_frame   0x00001538      0x104 .\CortexM3\ARM_GCC_541\Debug\Widerstandsmessung_Digital.a(isr_timeout.o)
 .debug_frame   0x0000163c       0x30 .\CortexM3\ARM_GCC_541\Debug\Widerstandsmessung_Digital.a(Control_Reg.o)
 .debug_frame   0x0000166c      0x194 .\CortexM3\ARM_GCC_541\Debug\Widerstandsmessung_Digital.a(CyFlash.o)
 .debug_frame   0x00001800      0x180 .\CortexM3\ARM_GCC_541\Debug\Widerstandsmessung_Digital.a(CySpc.o)
 .debug_frame   0x00001980       0x44 c:/program files (x86)/cypress/psoc creator/4.4/psoc creator/import/gnu/arm/5.4.1/bin/../lib/gcc/arm-none-eabi/5.4.1/armv7-m\libgcc.a(_aeabi_ldivmod.o)
 .debug_frame   0x000019c4       0x38 c:/program files (x86)/cypress/psoc creator/4.4/psoc creator/import/gnu/arm/5.4.1/bin/../lib/gcc/arm-none-eabi/5.4.1/armv7-m\libgcc.a(_udivmoddi4.o)
 .debug_frame   0x000019fc       0x20 c:/program files (x86)/cypress/psoc creator/4.4/psoc creator/import/gnu/arm/5.4.1/bin/../lib/gcc/arm-none-eabi/5.4.1/../../../../arm-none-eabi/lib/armv7-m\libg_nano.a(lib_a-errno.o)
 .debug_frame   0x00001a1c       0x28 c:/program files (x86)/cypress/psoc creator/4.4/psoc creator/import/gnu/arm/5.4.1/bin/../lib/gcc/arm-none-eabi/5.4.1/../../../../arm-none-eabi/lib/armv7-m\libg_nano.a(lib_a-exit.o)
 .debug_frame   0x00001a44       0x2c c:/program files (x86)/cypress/psoc creator/4.4/psoc creator/import/gnu/arm/5.4.1/bin/../lib/gcc/arm-none-eabi/5.4.1/../../../../arm-none-eabi/lib/armv7-m\libg_nano.a(lib_a-init.o)
 .debug_frame   0x00001a70       0x28 c:/program files (x86)/cypress/psoc creator/4.4/psoc creator/import/gnu/arm/5.4.1/bin/../lib/gcc/arm-none-eabi/5.4.1/../../../../arm-none-eabi/lib/armv7-m\libg_nano.a(lib_a-memcpy-stub.o)
 .debug_frame   0x00001a98       0x20 c:/program files (x86)/cypress/psoc creator/4.4/psoc creator/import/gnu/arm/5.4.1/bin/../lib/gcc/arm-none-eabi/5.4.1/../../../../arm-none-eabi/lib/armv7-m\libg_nano.a(lib_a-memset.o)
 .debug_frame   0x00001ab8       0x70 c:/program files (x86)/cypress/psoc creator/4.4/psoc creator/import/gnu/arm/5.4.1/bin/../lib/gcc/arm-none-eabi/5.4.1/../../../../arm-none-eabi/lib/armv7-m\libg_nano.a(lib_a-sprintf.o)
 .debug_frame   0x00001b28       0x90 c:/program files (x86)/cypress/psoc creator/4.4/psoc creator/import/gnu/arm/5.4.1/bin/../lib/gcc/arm-none-eabi/5.4.1/../../../../arm-none-eabi/lib/armv7-m\libg_nano.a(lib_a-nano-svfprintf.o)
 .debug_frame   0x00001bb8       0x60 c:/program files (x86)/cypress/psoc creator/4.4/psoc creator/import/gnu/arm/5.4.1/bin/../lib/gcc/arm-none-eabi/5.4.1/../../../../arm-none-eabi/lib/armv7-m\libg_nano.a(lib_a-nano-vfprintf_i.o)
 .debug_frame   0x00001c18       0x28 c:/program files (x86)/cypress/psoc creator/4.4/psoc creator/import/gnu/arm/5.4.1/bin/../lib/gcc/arm-none-eabi/5.4.1/../../../../arm-none-eabi/lib/armv7-m\libg_nano.a(lib_a-memchr-stub.o)
 .debug_frame   0x00001c40       0x28 c:/program files (x86)/cypress/psoc creator/4.4/psoc creator/import/gnu/arm/5.4.1/bin/../lib/gcc/arm-none-eabi/5.4.1/../../../../arm-none-eabi/lib/armv7-m\libg_nano.a(lib_a-memmove.o)
 .debug_frame   0x00001c68       0x38 c:/program files (x86)/cypress/psoc creator/4.4/psoc creator/import/gnu/arm/5.4.1/bin/../lib/gcc/arm-none-eabi/5.4.1/../../../../arm-none-eabi/lib/armv7-m\libg_nano.a(lib_a-nano-freer.o)
 .debug_frame   0x00001ca0       0x2c c:/program files (x86)/cypress/psoc creator/4.4/psoc creator/import/gnu/arm/5.4.1/bin/../lib/gcc/arm-none-eabi/5.4.1/../../../../arm-none-eabi/lib/armv7-m\libg_nano.a(lib_a-nano-mallocr.o)
 .debug_frame   0x00001ccc       0x3c c:/program files (x86)/cypress/psoc creator/4.4/psoc creator/import/gnu/arm/5.4.1/bin/../lib/gcc/arm-none-eabi/5.4.1/../../../../arm-none-eabi/lib/armv7-m\libg_nano.a(lib_a-nano-reallocr.o)
 .debug_frame   0x00001d08       0x2c c:/program files (x86)/cypress/psoc creator/4.4/psoc creator/import/gnu/arm/5.4.1/bin/../lib/gcc/arm-none-eabi/5.4.1/../../../../arm-none-eabi/lib/armv7-m\libg_nano.a(lib_a-sbrkr.o)
 .debug_frame   0x00001d34       0x30 c:/program files (x86)/cypress/psoc creator/4.4/psoc creator/import/gnu/arm/5.4.1/bin/../lib/gcc/arm-none-eabi/5.4.1/../../../../arm-none-eabi/lib/armv7-m\libg_nano.a(lib_a-mlock.o)
 .debug_frame   0x00001d64       0x20 c:/program files (x86)/cypress/psoc creator/4.4/psoc creator/import/gnu/arm/5.4.1/bin/../lib/gcc/arm-none-eabi/5.4.1/../../../../arm-none-eabi/lib/armv7-m\libg_nano.a(lib_a-nano-msizer.o)
 .debug_frame   0x00001d84       0x5c c:/program files (x86)/cypress/psoc creator/4.4/psoc creator/import/gnu/arm/5.4.1/bin/../lib/gcc/arm-none-eabi/5.4.1/../../../../arm-none-eabi/lib/armv7-m\libg_nano.a(lib_a-reent.o)

.debug_str      0x00000000     0x2262
 *(.debug_str)
 .debug_str     0x00000000      0x31c .\CortexM3\ARM_GCC_541\Debug\main.o
                                0x393 (size before relaxing)
 .debug_str     0x0000031c      0x14a .\CortexM3\ARM_GCC_541\Debug\pseudo_adc.o
                                0x355 (size before relaxing)
 .debug_str     0x00000466      0x178 .\CortexM3\ARM_GCC_541\Debug\cyfitter_cfg.o
                                0x343 (size before relaxing)
 .debug_str     0x000005de       0x75 .\CortexM3\ARM_GCC_541\Debug\cymetadata.o
                                0x20e (size before relaxing)
 .debug_str     0x00000653      0x13f .\CortexM3\ARM_GCC_541\Debug\Cm3Start.o
                                0x334 (size before relaxing)
 .debug_str     0x00000792       0x6b .\CortexM3\ARM_GCC_541\Debug\Widerstandsmessung_Digital.a(P_charge.o)
                                0x21b (size before relaxing)
 .debug_str     0x000007fd       0x6b .\CortexM3\ARM_GCC_541\Debug\Widerstandsmessung_Digital.a(P_charge_ref.o)
                                0x22f (size before relaxing)
 .debug_str     0x00000868       0x67 .\CortexM3\ARM_GCC_541\Debug\Widerstandsmessung_Digital.a(P_discharge.o)
                                0x22a (size before relaxing)
 .debug_str     0x000008cf       0x58 .\CortexM3\ARM_GCC_541\Debug\Widerstandsmessung_Digital.a(P_sense.o)
                                0x216 (size before relaxing)
 .debug_str     0x00000927      0x822 .\CortexM3\ARM_GCC_541\Debug\Widerstandsmessung_Digital.a(CyLib.o)
                                0xa71 (size before relaxing)
 .debug_str     0x00001149      0x365 .\CortexM3\ARM_GCC_541\Debug\Widerstandsmessung_Digital.a(cyPm.o)
                                0x75d (size before relaxing)
 .debug_str     0x000014ae      0x1c5 .\CortexM3\ARM_GCC_541\Debug\Widerstandsmessung_Digital.a(UART.o)
                                0x3c8 (size before relaxing)
 .debug_str     0x00001673      0x183 .\CortexM3\ARM_GCC_541\Debug\Widerstandsmessung_Digital.a(UART_IntClock.o)
                                0x360 (size before relaxing)
 .debug_str     0x000017f6      0x20b .\CortexM3\ARM_GCC_541\Debug\Widerstandsmessung_Digital.a(ADC_SAR.o)
                                0x4b5 (size before relaxing)
 .debug_str     0x00001a01       0x31 .\CortexM3\ARM_GCC_541\Debug\Widerstandsmessung_Digital.a(ADC_SAR_INT.o)
                                0x1c1 (size before relaxing)
 .debug_str     0x00001a32      0x1a2 .\CortexM3\ARM_GCC_541\Debug\Widerstandsmessung_Digital.a(ADC_SAR_theACLK.o)
                                0x3c3 (size before relaxing)
 .debug_str     0x00001bd4      0x126 .\CortexM3\ARM_GCC_541\Debug\Widerstandsmessung_Digital.a(isr_p_sense.o)
                                0x324 (size before relaxing)
 .debug_str     0x00001cfa      0x1a5 .\CortexM3\ARM_GCC_541\Debug\Widerstandsmessung_Digital.a(Timer.o)
                                0x3b5 (size before relaxing)
 .debug_str     0x00001e9f      0x126 .\CortexM3\ARM_GCC_541\Debug\Widerstandsmessung_Digital.a(isr_timeout.o)
                                0x324 (size before relaxing)
 .debug_str     0x00001fc5       0x36 .\CortexM3\ARM_GCC_541\Debug\Widerstandsmessung_Digital.a(Control_Reg.o)
                                0x1eb (size before relaxing)
 .debug_str     0x00001ffb      0x1bb .\CortexM3\ARM_GCC_541\Debug\Widerstandsmessung_Digital.a(CyFlash.o)
                                0x3ea (size before relaxing)
 .debug_str     0x000021b6       0xac .\CortexM3\ARM_GCC_541\Debug\Widerstandsmessung_Digital.a(CySpc.o)
                                0x362 (size before relaxing)

.debug_loc      0x00000000     0x23e0
 *(.debug_loc)
 .debug_loc     0x00000000       0xeb .\CortexM3\ARM_GCC_541\Debug\main.o
 .debug_loc     0x000000eb       0x22 .\CortexM3\ARM_GCC_541\Debug\pseudo_adc.o
 .debug_loc     0x0000010d      0x1fd .\CortexM3\ARM_GCC_541\Debug\cyfitter_cfg.o
 .debug_loc     0x0000030a      0x144 .\CortexM3\ARM_GCC_541\Debug\Cm3Start.o
 .debug_loc     0x0000044e       0x42 .\CortexM3\ARM_GCC_541\Debug\Widerstandsmessung_Digital.a(P_charge.o)
 .debug_loc     0x00000490       0x42 .\CortexM3\ARM_GCC_541\Debug\Widerstandsmessung_Digital.a(P_charge_ref.o)
 .debug_loc     0x000004d2       0x42 .\CortexM3\ARM_GCC_541\Debug\Widerstandsmessung_Digital.a(P_discharge.o)
 .debug_loc     0x00000514       0x42 .\CortexM3\ARM_GCC_541\Debug\Widerstandsmessung_Digital.a(P_sense.o)
 .debug_loc     0x00000556      0xa11 .\CortexM3\ARM_GCC_541\Debug\Widerstandsmessung_Digital.a(CyLib.o)
 .debug_loc     0x00000f67      0x1e4 .\CortexM3\ARM_GCC_541\Debug\Widerstandsmessung_Digital.a(cyPm.o)
 .debug_loc     0x0000114b      0x1f7 .\CortexM3\ARM_GCC_541\Debug\Widerstandsmessung_Digital.a(UART.o)
 .debug_loc     0x00001342      0x128 .\CortexM3\ARM_GCC_541\Debug\Widerstandsmessung_Digital.a(UART_IntClock.o)
 .debug_loc     0x0000146a      0x295 .\CortexM3\ARM_GCC_541\Debug\Widerstandsmessung_Digital.a(ADC_SAR.o)
 .debug_loc     0x000016ff      0x14d .\CortexM3\ARM_GCC_541\Debug\Widerstandsmessung_Digital.a(ADC_SAR_theACLK.o)
 .debug_loc     0x0000184c       0x56 .\CortexM3\ARM_GCC_541\Debug\Widerstandsmessung_Digital.a(isr_p_sense.o)
 .debug_loc     0x000018a2       0x31 .\CortexM3\ARM_GCC_541\Debug\Widerstandsmessung_Digital.a(Timer.o)
 .debug_loc     0x000018d3       0x56 .\CortexM3\ARM_GCC_541\Debug\Widerstandsmessung_Digital.a(isr_timeout.o)
 .debug_loc     0x00001929      0x3b2 .\CortexM3\ARM_GCC_541\Debug\Widerstandsmessung_Digital.a(CyFlash.o)
 .debug_loc     0x00001cdb      0x705 .\CortexM3\ARM_GCC_541\Debug\Widerstandsmessung_Digital.a(CySpc.o)

.debug_macinfo
 *(.debug_macinfo)

.debug_ranges   0x00000000      0x950
 *(.debug_ranges)
 .debug_ranges  0x00000000       0x48 .\CortexM3\ARM_GCC_541\Debug\main.o
 .debug_ranges  0x00000048       0x50 .\CortexM3\ARM_GCC_541\Debug\pseudo_adc.o
 .debug_ranges  0x00000098       0x48 .\CortexM3\ARM_GCC_541\Debug\cyfitter_cfg.o
 .debug_ranges  0x000000e0       0x38 .\CortexM3\ARM_GCC_541\Debug\Cm3Start.o
 .debug_ranges  0x00000118       0x28 .\CortexM3\ARM_GCC_541\Debug\Widerstandsmessung_Digital.a(P_charge.o)
 .debug_ranges  0x00000140       0x28 .\CortexM3\ARM_GCC_541\Debug\Widerstandsmessung_Digital.a(P_charge_ref.o)
 .debug_ranges  0x00000168       0x28 .\CortexM3\ARM_GCC_541\Debug\Widerstandsmessung_Digital.a(P_discharge.o)
 .debug_ranges  0x00000190       0x28 .\CortexM3\ARM_GCC_541\Debug\Widerstandsmessung_Digital.a(P_sense.o)
 .debug_ranges  0x000001b8      0x290 .\CortexM3\ARM_GCC_541\Debug\Widerstandsmessung_Digital.a(CyLib.o)
 .debug_ranges  0x00000448       0x88 .\CortexM3\ARM_GCC_541\Debug\Widerstandsmessung_Digital.a(cyPm.o)
 .debug_ranges  0x000004d0       0x90 .\CortexM3\ARM_GCC_541\Debug\Widerstandsmessung_Digital.a(UART.o)
 .debug_ranges  0x00000560       0x60 .\CortexM3\ARM_GCC_541\Debug\Widerstandsmessung_Digital.a(UART_IntClock.o)
 .debug_ranges  0x000005c0       0x98 .\CortexM3\ARM_GCC_541\Debug\Widerstandsmessung_Digital.a(ADC_SAR.o)
 .debug_ranges  0x00000658       0x10 .\CortexM3\ARM_GCC_541\Debug\Widerstandsmessung_Digital.a(ADC_SAR_INT.o)
 .debug_ranges  0x00000668       0x70 .\CortexM3\ARM_GCC_541\Debug\Widerstandsmessung_Digital.a(ADC_SAR_theACLK.o)
 .debug_ranges  0x000006d8       0x70 .\CortexM3\ARM_GCC_541\Debug\Widerstandsmessung_Digital.a(isr_p_sense.o)
 .debug_ranges  0x00000748       0x98 .\CortexM3\ARM_GCC_541\Debug\Widerstandsmessung_Digital.a(Timer.o)
 .debug_ranges  0x000007e0       0x70 .\CortexM3\ARM_GCC_541\Debug\Widerstandsmessung_Digital.a(isr_timeout.o)
 .debug_ranges  0x00000850       0x18 .\CortexM3\ARM_GCC_541\Debug\Widerstandsmessung_Digital.a(Control_Reg.o)
 .debug_ranges  0x00000868       0x78 .\CortexM3\ARM_GCC_541\Debug\Widerstandsmessung_Digital.a(CyFlash.o)
 .debug_ranges  0x000008e0       0x70 .\CortexM3\ARM_GCC_541\Debug\Widerstandsmessung_Digital.a(CySpc.o)

.comment        0x00000000       0x6e
 .comment       0x00000000       0x6e .\CortexM3\ARM_GCC_541\Debug\main.o
                                 0x6f (size before relaxing)
 .comment       0x0000006e       0x6f .\CortexM3\ARM_GCC_541\Debug\pseudo_adc.o
 .comment       0x0000006e       0x6f .\CortexM3\ARM_GCC_541\Debug\cyfitter_cfg.o
 .comment       0x0000006e       0x6f .\CortexM3\ARM_GCC_541\Debug\cymetadata.o
 .comment       0x0000006e       0x6f .\CortexM3\ARM_GCC_541\Debug\Cm3Start.o
 .comment       0x0000006e       0x6f .\CortexM3\ARM_GCC_541\Debug\Widerstandsmessung_Digital.a(P_charge.o)
 .comment       0x0000006e       0x6f .\CortexM3\ARM_GCC_541\Debug\Widerstandsmessung_Digital.a(P_charge_ref.o)
 .comment       0x0000006e       0x6f .\CortexM3\ARM_GCC_541\Debug\Widerstandsmessung_Digital.a(P_discharge.o)
 .comment       0x0000006e       0x6f .\CortexM3\ARM_GCC_541\Debug\Widerstandsmessung_Digital.a(P_sense.o)
 .comment       0x0000006e       0x6f .\CortexM3\ARM_GCC_541\Debug\Widerstandsmessung_Digital.a(CyLib.o)
 .comment       0x0000006e       0x6f .\CortexM3\ARM_GCC_541\Debug\Widerstandsmessung_Digital.a(cyPm.o)
 .comment       0x0000006e       0x6f .\CortexM3\ARM_GCC_541\Debug\Widerstandsmessung_Digital.a(UART.o)
 .comment       0x0000006e       0x6f .\CortexM3\ARM_GCC_541\Debug\Widerstandsmessung_Digital.a(UART_IntClock.o)
 .comment       0x0000006e       0x6f .\CortexM3\ARM_GCC_541\Debug\Widerstandsmessung_Digital.a(ADC_SAR.o)
 .comment       0x0000006e       0x6f .\CortexM3\ARM_GCC_541\Debug\Widerstandsmessung_Digital.a(ADC_SAR_INT.o)
 .comment       0x0000006e       0x6f .\CortexM3\ARM_GCC_541\Debug\Widerstandsmessung_Digital.a(ADC_SAR_theACLK.o)
 .comment       0x0000006e       0x6f .\CortexM3\ARM_GCC_541\Debug\Widerstandsmessung_Digital.a(isr_p_sense.o)
 .comment       0x0000006e       0x6f .\CortexM3\ARM_GCC_541\Debug\Widerstandsmessung_Digital.a(Timer.o)
 .comment       0x0000006e       0x6f .\CortexM3\ARM_GCC_541\Debug\Widerstandsmessung_Digital.a(isr_timeout.o)
 .comment       0x0000006e       0x6f .\CortexM3\ARM_GCC_541\Debug\Widerstandsmessung_Digital.a(Control_Reg.o)
 .comment       0x0000006e       0x6f .\CortexM3\ARM_GCC_541\Debug\Widerstandsmessung_Digital.a(CyFlash.o)
 .comment       0x0000006e       0x6f .\CortexM3\ARM_GCC_541\Debug\Widerstandsmessung_Digital.a(CySpc.o)

.debug_weaknames
 *(.debug_weaknames)

.debug_funcnames
 *(.debug_funcnames)

.debug_typenames
 *(.debug_typenames)

.debug_varnames
 *(.debug_varnames)

.note.gnu.arm.ident
 *(.note.gnu.arm.ident)

.ARM.attributes
                0x00000000       0x29
 *(.ARM.attributes)
 .ARM.attributes
                0x00000000       0x1d c:/program files (x86)/cypress/psoc creator/4.4/psoc creator/import/gnu/arm/5.4.1/bin/../lib/gcc/arm-none-eabi/5.4.1/armv7-m/crti.o
 .ARM.attributes
                0x0000001d       0x2d c:/program files (x86)/cypress/psoc creator/4.4/psoc creator/import/gnu/arm/5.4.1/bin/../lib/gcc/arm-none-eabi/5.4.1/armv7-m/crtbegin.o
 .ARM.attributes
                0x0000004a       0x1b c:/program files (x86)/cypress/psoc creator/4.4/psoc creator/import/gnu/arm/5.4.1/bin/../lib/gcc/arm-none-eabi/5.4.1/../../../../arm-none-eabi/lib/armv7-m/crt0.o
 .ARM.attributes
                0x00000065       0x33 .\CortexM3\ARM_GCC_541\Debug\main.o
 .ARM.attributes
                0x00000098       0x33 .\CortexM3\ARM_GCC_541\Debug\pseudo_adc.o
 .ARM.attributes
                0x000000cb       0x33 .\CortexM3\ARM_GCC_541\Debug\cyfitter_cfg.o
 .ARM.attributes
                0x000000fe       0x33 .\CortexM3\ARM_GCC_541\Debug\cymetadata.o
 .ARM.attributes
                0x00000131       0x33 .\CortexM3\ARM_GCC_541\Debug\Cm3Start.o
 .ARM.attributes
                0x00000164       0x33 .\CortexM3\ARM_GCC_541\Debug\Widerstandsmessung_Digital.a(P_charge.o)
 .ARM.attributes
                0x00000197       0x33 .\CortexM3\ARM_GCC_541\Debug\Widerstandsmessung_Digital.a(P_charge_ref.o)
 .ARM.attributes
                0x000001ca       0x33 .\CortexM3\ARM_GCC_541\Debug\Widerstandsmessung_Digital.a(P_discharge.o)
 .ARM.attributes
                0x000001fd       0x33 .\CortexM3\ARM_GCC_541\Debug\Widerstandsmessung_Digital.a(P_sense.o)
 .ARM.attributes
                0x00000230       0x33 .\CortexM3\ARM_GCC_541\Debug\Widerstandsmessung_Digital.a(CyLib.o)
 .ARM.attributes
                0x00000263       0x33 .\CortexM3\ARM_GCC_541\Debug\Widerstandsmessung_Digital.a(cyPm.o)
 .ARM.attributes
                0x00000296       0x33 .\CortexM3\ARM_GCC_541\Debug\Widerstandsmessung_Digital.a(UART.o)
 .ARM.attributes
                0x000002c9       0x33 .\CortexM3\ARM_GCC_541\Debug\Widerstandsmessung_Digital.a(UART_IntClock.o)
 .ARM.attributes
                0x000002fc       0x33 .\CortexM3\ARM_GCC_541\Debug\Widerstandsmessung_Digital.a(ADC_SAR.o)
 .ARM.attributes
                0x0000032f       0x33 .\CortexM3\ARM_GCC_541\Debug\Widerstandsmessung_Digital.a(ADC_SAR_INT.o)
 .ARM.attributes
                0x00000362       0x33 .\CortexM3\ARM_GCC_541\Debug\Widerstandsmessung_Digital.a(ADC_SAR_theACLK.o)
 .ARM.attributes
                0x00000395       0x33 .\CortexM3\ARM_GCC_541\Debug\Widerstandsmessung_Digital.a(isr_p_sense.o)
 .ARM.attributes
                0x000003c8       0x33 .\CortexM3\ARM_GCC_541\Debug\Widerstandsmessung_Digital.a(Timer.o)
 .ARM.attributes
                0x000003fb       0x33 .\CortexM3\ARM_GCC_541\Debug\Widerstandsmessung_Digital.a(isr_timeout.o)
 .ARM.attributes
                0x0000042e       0x33 .\CortexM3\ARM_GCC_541\Debug\Widerstandsmessung_Digital.a(Control_Reg.o)
 .ARM.attributes
                0x00000461       0x21 .\CortexM3\ARM_GCC_541\Debug\Widerstandsmessung_Digital.a(CyBootAsmGnu.o)
 .ARM.attributes
                0x00000482       0x33 .\CortexM3\ARM_GCC_541\Debug\Widerstandsmessung_Digital.a(CyFlash.o)
 .ARM.attributes
                0x000004b5       0x33 .\CortexM3\ARM_GCC_541\Debug\Widerstandsmessung_Digital.a(CySpc.o)
 .ARM.attributes
                0x000004e8       0x1d c:/program files (x86)/cypress/psoc creator/4.4/psoc creator/import/gnu/arm/5.4.1/bin/../lib/gcc/arm-none-eabi/5.4.1/armv7-m\libgcc.a(_arm_addsubsf3.o)
 .ARM.attributes
                0x00000505       0x1d c:/program files (x86)/cypress/psoc creator/4.4/psoc creator/import/gnu/arm/5.4.1/bin/../lib/gcc/arm-none-eabi/5.4.1/armv7-m\libgcc.a(_arm_muldivsf3.o)
 .ARM.attributes
                0x00000522       0x1d c:/program files (x86)/cypress/psoc creator/4.4/psoc creator/import/gnu/arm/5.4.1/bin/../lib/gcc/arm-none-eabi/5.4.1/armv7-m\libgcc.a(_aeabi_ldivmod.o)
 .ARM.attributes
                0x0000053f       0x2d c:/program files (x86)/cypress/psoc creator/4.4/psoc creator/import/gnu/arm/5.4.1/bin/../lib/gcc/arm-none-eabi/5.4.1/armv7-m\libgcc.a(_udivmoddi4.o)
 .ARM.attributes
                0x0000056c       0x1d c:/program files (x86)/cypress/psoc creator/4.4/psoc creator/import/gnu/arm/5.4.1/bin/../lib/gcc/arm-none-eabi/5.4.1/armv7-m\libgcc.a(_dvmd_tls.o)
 .ARM.attributes
                0x00000589       0x2d c:/program files (x86)/cypress/psoc creator/4.4/psoc creator/import/gnu/arm/5.4.1/bin/../lib/gcc/arm-none-eabi/5.4.1/../../../../arm-none-eabi/lib/armv7-m\libg_nano.a(lib_a-errno.o)
 .ARM.attributes
                0x000005b6       0x2d c:/program files (x86)/cypress/psoc creator/4.4/psoc creator/import/gnu/arm/5.4.1/bin/../lib/gcc/arm-none-eabi/5.4.1/../../../../arm-none-eabi/lib/armv7-m\libg_nano.a(lib_a-exit.o)
 .ARM.attributes
                0x000005e3       0x2d c:/program files (x86)/cypress/psoc creator/4.4/psoc creator/import/gnu/arm/5.4.1/bin/../lib/gcc/arm-none-eabi/5.4.1/../../../../arm-none-eabi/lib/armv7-m\libg_nano.a(lib_a-impure.o)
 .ARM.attributes
                0x00000610       0x2d c:/program files (x86)/cypress/psoc creator/4.4/psoc creator/import/gnu/arm/5.4.1/bin/../lib/gcc/arm-none-eabi/5.4.1/../../../../arm-none-eabi/lib/armv7-m\libg_nano.a(lib_a-init.o)
 .ARM.attributes
                0x0000063d       0x2d c:/program files (x86)/cypress/psoc creator/4.4/psoc creator/import/gnu/arm/5.4.1/bin/../lib/gcc/arm-none-eabi/5.4.1/../../../../arm-none-eabi/lib/armv7-m\libg_nano.a(lib_a-memcpy-stub.o)
 .ARM.attributes
                0x0000066a       0x2d c:/program files (x86)/cypress/psoc creator/4.4/psoc creator/import/gnu/arm/5.4.1/bin/../lib/gcc/arm-none-eabi/5.4.1/../../../../arm-none-eabi/lib/armv7-m\libg_nano.a(lib_a-memset.o)
 .ARM.attributes
                0x00000697       0x2d c:/program files (x86)/cypress/psoc creator/4.4/psoc creator/import/gnu/arm/5.4.1/bin/../lib/gcc/arm-none-eabi/5.4.1/../../../../arm-none-eabi/lib/armv7-m\libg_nano.a(lib_a-sprintf.o)
 .ARM.attributes
                0x000006c4       0x2d c:/program files (x86)/cypress/psoc creator/4.4/psoc creator/import/gnu/arm/5.4.1/bin/../lib/gcc/arm-none-eabi/5.4.1/../../../../arm-none-eabi/lib/armv7-m\libg_nano.a(lib_a-nano-svfprintf.o)
 .ARM.attributes
                0x000006f1       0x2d c:/program files (x86)/cypress/psoc creator/4.4/psoc creator/import/gnu/arm/5.4.1/bin/../lib/gcc/arm-none-eabi/5.4.1/../../../../arm-none-eabi/lib/armv7-m\libg_nano.a(lib_a-nano-vfprintf_i.o)
 .ARM.attributes
                0x0000071e       0x2d c:/program files (x86)/cypress/psoc creator/4.4/psoc creator/import/gnu/arm/5.4.1/bin/../lib/gcc/arm-none-eabi/5.4.1/../../../../arm-none-eabi/lib/armv7-m\libg_nano.a(lib_a-memchr-stub.o)
 .ARM.attributes
                0x0000074b       0x2d c:/program files (x86)/cypress/psoc creator/4.4/psoc creator/import/gnu/arm/5.4.1/bin/../lib/gcc/arm-none-eabi/5.4.1/../../../../arm-none-eabi/lib/armv7-m\libg_nano.a(lib_a-memmove.o)
 .ARM.attributes
                0x00000778       0x2d c:/program files (x86)/cypress/psoc creator/4.4/psoc creator/import/gnu/arm/5.4.1/bin/../lib/gcc/arm-none-eabi/5.4.1/../../../../arm-none-eabi/lib/armv7-m\libg_nano.a(lib_a-nano-freer.o)
 .ARM.attributes
                0x000007a5       0x2d c:/program files (x86)/cypress/psoc creator/4.4/psoc creator/import/gnu/arm/5.4.1/bin/../lib/gcc/arm-none-eabi/5.4.1/../../../../arm-none-eabi/lib/armv7-m\libg_nano.a(lib_a-nano-mallocr.o)
 .ARM.attributes
                0x000007d2       0x2d c:/program files (x86)/cypress/psoc creator/4.4/psoc creator/import/gnu/arm/5.4.1/bin/../lib/gcc/arm-none-eabi/5.4.1/../../../../arm-none-eabi/lib/armv7-m\libg_nano.a(lib_a-nano-reallocr.o)
 .ARM.attributes
                0x000007ff       0x2d c:/program files (x86)/cypress/psoc creator/4.4/psoc creator/import/gnu/arm/5.4.1/bin/../lib/gcc/arm-none-eabi/5.4.1/../../../../arm-none-eabi/lib/armv7-m\libg_nano.a(lib_a-sbrkr.o)
 .ARM.attributes
                0x0000082c       0x2d c:/program files (x86)/cypress/psoc creator/4.4/psoc creator/import/gnu/arm/5.4.1/bin/../lib/gcc/arm-none-eabi/5.4.1/../../../../arm-none-eabi/lib/armv7-m\libg_nano.a(lib_a-mlock.o)
 .ARM.attributes
                0x00000859       0x2d c:/program files (x86)/cypress/psoc creator/4.4/psoc creator/import/gnu/arm/5.4.1/bin/../lib/gcc/arm-none-eabi/5.4.1/../../../../arm-none-eabi/lib/armv7-m\libg_nano.a(lib_a-nano-msizer.o)
 .ARM.attributes
                0x00000886       0x2d c:/program files (x86)/cypress/psoc creator/4.4/psoc creator/import/gnu/arm/5.4.1/bin/../lib/gcc/arm-none-eabi/5.4.1/../../../../arm-none-eabi/lib/armv7-m\libg_nano.a(lib_a-reent.o)
 .ARM.attributes
                0x000008b3       0x2d c:/program files (x86)/cypress/psoc creator/4.4/psoc creator/import/gnu/arm/5.4.1/bin/../lib/gcc/arm-none-eabi/5.4.1/armv7-m/crtend.o
 .ARM.attributes
                0x000008e0       0x1d c:/program files (x86)/cypress/psoc creator/4.4/psoc creator/import/gnu/arm/5.4.1/bin/../lib/gcc/arm-none-eabi/5.4.1/armv7-m/crtn.o

/DISCARD/
 *(.note.GNU-stack)
OUTPUT(D:\Source\Repos\DIC\Widerstandsmessung_ohne_ADC\Widerstandsmessung_Digital\Widerstandsmessung_Digital.cydsn\CortexM3\ARM_GCC_541\Debug\Widerstandsmessung_Digital.elf elf32-littlearm)
